package com.ynxweb4.music;

import android.content.Context;
import org.json.*;
import java.io.*;
import java.nio.file.*;
import java.nio.*;
import java.util.*;

// Actual shipped controller/API/store and actual original SDK/Go business.
// JVM files/preferences/proof bridge are isolated, not installed Android QA.
public final class OriginalUploadCheck {
    static void check(boolean ok,String message){if(!ok)throw new AssertionError(message);}
    public static void main(String[]args)throws Exception {
        JSONObject input=new JSONObject(args[0]);Context context=new Context(Files.createTempDirectory("ynx-music-original-java-upload-").toFile());
        NativeSessionBridge bridge=new NativeSessionBridge(input.getJSONObject("session"),input.getJSONObject("context"));MusicApi api=new MusicApi(context,bridge);
        JSONObject me=api.get("/api/me");check(api.account().equals(me.getJSONObject("profile").getString("account")),"original account readback mismatch");MusicStore store=MusicStore.selectAccount(context,api.account());MusicUpload upload=new MusicUpload(api,store);
        byte[] wav=new byte[8044];ByteBuffer b=ByteBuffer.wrap(wav).order(ByteOrder.LITTLE_ENDIAN);b.put("RIFF".getBytes()).putInt(wav.length-8).put("WAVEfmt ".getBytes()).putInt(16).putShort((short)1).putShort((short)1).putInt(16000).putInt(16000).putShort((short)1).putShort((short)8).put("data".getBytes()).putInt(wav.length-44);Arrays.fill(wav,44,wav.length,(byte)128);
        JSONObject intent=upload.stage(new ByteArrayInputStream(wav),"Android original protected audio","Original artist","Owned original fixture","Original generated PCM fixture");String key=intent.getString("key");
        boolean lost=false;try{upload.retry();}catch(IOException expected){lost=true;}check(lost,"original uploaded reply was not lost");check(store.load().getJSONObject("uploadIntent").getString("key").equals(key),"unconfirmed upload intent lost");check(Arrays.equals(Files.readAllBytes(store.uploadFile(key).toPath()),wav),"unconfirmed audio bytes lost");
        MusicApi old=api;bridge.restore();boolean retired=false;try{old.get("/api/me");}catch(IOException expected){retired=true;}check(retired,"retired Java epoch reached original business");
        api=new MusicApi(context,bridge);me=api.get("/api/me");check(api.account().equals(me.getJSONObject("profile").getString("account")),"cold original account mismatch");store=MusicStore.selectAccount(context,api.account());upload=new MusicUpload(api,store);check(store.load().getJSONObject("uploadIntent").getString("key").equals(key),"cold original operation changed");
        JSONObject track=upload.retry();check(!store.load().has("uploadIntent"),"confirmed original upload not acknowledged");check(me.getJSONArray("creatorTracks").length()==1,"lost-reply original upload already duplicated");
        api.release(track.getString("id"),"published","");File downloaded=api.download(track.getString("id"));check(Arrays.equals(Files.readAllBytes(downloaded.toPath()),wav),"original signed audio/cache differs from source");
        MusicStore other=MusicStore.selectAccount(context,"ynx1"+"a".repeat(38));check(!other.load().has("uploadIntent")&&!other.offline(track.getString("id")).exists(),"private upload/audio crossed account directory");boolean switched=false;try{upload.stage(new ByteArrayInputStream(wav),"Late","Artist","Owned","Original");}catch(IOException expected){switched=true;}check(switched,"old upload worker wrote to another account");
        store=MusicStore.selectAccount(context,api.account());upload=new MusicUpload(api,store);JSONObject cancel=upload.stage(new ByteArrayInputStream(wav),"Retained draft","Artist","Owned","Original");String cancelKey=cancel.getString("key");upload.cancel(cancelKey);check(!store.load().has("uploadIntent")&&store.uploadFile(cancelKey).isFile(),"cancel discarded original local bytes");
        JSONObject after=api.get("/api/me");check(after.getJSONArray("creatorTracks").length()==1,"cancel changed original server content");
        MusicReadBoundary reads=new MusicReadBoundary();long olderRead=reads.begin();JSONObject olderSnapshot=api.get("/api/me");
        JSONObject originalPlaylist=olderSnapshot.getJSONArray("playlists").getJSONObject(0);api.savePlaylist(originalPlaylist.getString("id"),"Newest original snapshot","Original ordered readback",originalPlaylist.getJSONArray("trackIds"));long newerRead=reads.begin();JSONObject newestSnapshot=api.get("/api/me");
        final MusicStore currentStore=store;final MusicApi readApi=api;final JSONObject latest=newestSnapshot;check(reads.commit(newerRead,()->{currentStore.commitSnapshot(latest,readApi::assertCurrent);}),"new original read not published");
        check(!reads.commit(olderRead,()->{JSONObject current=currentStore.load();current.put("remote",olderSnapshot);currentStore.save(current);}),"retired earlier read reached persisted cache");
        check(!reads.failed(olderRead)&&reads.state()==MusicReadBoundary.State.READY,"retired older error replaced ready state");
        check(currentStore.load().getJSONObject("remote").getJSONArray("playlists").getJSONObject(0).getString("name").equals("Newest original snapshot"),"new original playlist snapshot overwritten");
        long retiredRead=reads.begin();reads.retire();check(!reads.commit(retiredRead,()->{throw new AssertionError("retired UI/cache publication ran");})&&reads.state()==MusicReadBoundary.State.UNREAD,"sign-out read boundary not retired");
        long failingRead=reads.begin();boolean commitFailed=false;try{reads.commit(failingRead,()->{throw new IOException("Isolated original cache commit failure");});}catch(IOException expected){commitFailed=true;}check(commitFailed&&reads.failed(failingRead)&&reads.state()==MusicReadBoundary.State.FAILED,"failed cache commit claimed service readiness");
        // Use original profile/library HTTP responses and the production cache
        // transactions; no Activity/Looper execution is claimed by this JVM.
        final MusicApi originalApi=api;
        JSONObject pendingDraft=new MusicUpload(originalApi,currentStore).stage(new ByteArrayInputStream(wav),"Pending during original library sync","Artist","Owned","Original");
        String draftKey=pendingDraft.getString("key");JSONObject local=currentStore.load();local.put("aiEnabled",false).put("favorites",new JSONArray().put(track.getString("id")));currentStore.save(local);
        JSONObject submittedProfile=new JSONObject(latest.getJSONObject("profile").toString()).put("displayName","Original current profile");
        JSONObject savedProfile=originalApi.updateProfile(submittedProfile);JSONObject profileCommit=currentStore.commitProfile(savedProfile,originalApi::assertCurrent);
        check(profileCommit.getJSONObject("uploadIntent").getString("key").equals(draftKey)&&!profileCommit.getBoolean("aiEnabled"),"profile commit replaced pending upload/preferences");
        check(profileCommit.getJSONObject("remote").getJSONArray("playlists").getJSONObject(0).getString("name").equals("Newest original snapshot"),"profile completion restored older playlist cache");
        JSONObject downloadCommit=currentStore.commitDownload(track.getString("id"),originalApi::assertCurrent);
        check(downloadCommit.getJSONObject("uploadIntent").getString("key").equals(draftKey)&&downloadCommit.getJSONArray("favorites").length()==1,"download commit replaced pending original fields");
        String libraryKey=downloadCommit.getJSONObject("libraryIntent").getString("id");
        List<Runnable> queued=new ArrayList<>();MusicLibraryWriter writer=new MusicLibraryWriter(queued::add);
        List<Boolean> acknowledgements=new ArrayList<>();List<Exception> failures=new ArrayList<>();
        MusicLibraryWriter.Completion completed=(ack,error)->{acknowledgements.add(ack);failures.add(error);};
        writer.submit(originalApi,currentStore,downloadCommit,originalApi::assertCurrent,completed);
        downloadCommit.getJSONObject("libraryIntent").getJSONArray("favorites").put("mutated-after-enqueue");
        queued.remove(0).run();check(!acknowledgements.get(0)&&failures.get(0)!=null,"lost original library reply was acknowledged");
        check(currentStore.load().getJSONObject("libraryIntent").getString("id").equals(libraryKey),"unconfirmed original library intent lost");
        bridge.restore();final MusicApi restoredApi=new MusicApi(context,bridge);MusicStore coldStore=MusicStore.selectAccount(context,restoredApi.account());
        JSONObject coldSnapshot=restoredApi.get("/api/me"),coldLibrary=coldStore.commitSnapshot(coldSnapshot,restoredApi::assertCurrent);
        check(!coldLibrary.has("libraryIntent")&&coldLibrary.getJSONArray("favorites").getString(0).equals(track.getString("id")),"original readback did not confirm lost reply without resending");
        check(coldLibrary.getJSONObject("downloads").getString(track.getString("id")).equals("available"),"original cold read lost verified audio availability");
        JSONObject olderIntent=coldStore.prepareLibrary(new JSONObject(coldLibrary.toString()).put("favorites",new JSONArray()),restoredApi::assertCurrent);
        writer.submit(restoredApi,coldStore,olderIntent,restoredApi::assertCurrent,completed);
        JSONObject newerIntent=coldStore.prepareLibrary(new JSONObject(coldStore.load().toString()).put("favorites",new JSONArray().put(track.getString("id"))).put("queue",new JSONArray().put(track.getString("id"))),restoredApi::assertCurrent);
        String newerKey=newerIntent.getJSONObject("libraryIntent").getString("id");writer.submit(restoredApi,coldStore,newerIntent,restoredApi::assertCurrent,completed);
        newerIntent.getJSONObject("libraryIntent").getJSONArray("queue").put("mutated-after-enqueue");
        queued.remove(0).run();check(!acknowledgements.get(1)&&failures.get(1)==null&&coldStore.load().getJSONObject("libraryIntent").getString("id").equals(newerKey),"older library work consumed successor intent");
        queued.remove(0).run();check(acknowledgements.get(2)&&failures.get(2)==null&&!coldStore.load().has("libraryIntent"),"current ordered original library write not confirmed");
        JSONObject ordered=restoredApi.get("/api/me").getJSONObject("listener");check(ordered.getJSONArray("favorites").length()==1&&ordered.getJSONArray("queue").length()==1,"immutable ordered library values not reflected by original service");
        restoredApi.saveLibrary(new JSONArray(),new JSONArray().put(track.getString("id")),new JSONObject());
        JSONObject imported=coldStore.commitSnapshot(restoredApi.get("/api/me"),restoredApi::assertCurrent);check(imported.getJSONArray("favorites").length()==0&&imported.getJSONArray("queue").length()==1,"normal snapshot did not merge original remote library");
        JSONObject retiring=coldStore.prepareLibrary(new JSONObject(imported.toString()).put("favorites",new JSONArray().put(track.getString("id"))),restoredApi::assertCurrent);String retiringKey=retiring.getJSONObject("libraryIntent").getString("id");writer.submit(restoredApi,coldStore,retiring,restoredApi::assertCurrent,completed);
        bridge.restore();queued.remove(0).run();check(!acknowledgements.get(3)&&failures.get(3)!=null&&coldStore.load().getJSONObject("libraryIntent").getString("id").equals(retiringKey),"retired original SDK worker sent or erased library intent");
        final MusicApi newestApi=new MusicApi(context,bridge);coldStore=MusicStore.selectAccount(context,newestApi.account());JSONObject recovered=coldStore.commitSnapshot(newestApi.get("/api/me"),newestApi::assertCurrent);check(recovered.getJSONObject("libraryIntent").getString("id").equals(retiringKey)&&recovered.getJSONArray("favorites").length()==1,"cold snapshot overwrote unconfirmed local original edit");
        writer.submit(newestApi,coldStore,recovered,newestApi::assertCurrent,completed);queued.remove(0).run();check(acknowledgements.get(4)&&!coldStore.load().has("libraryIntent"),"original restored intent could not complete");
        MusicStore switchedStore=MusicStore.selectAccount(context,"ynx1"+"b".repeat(38));boolean profileRetired=false;try{coldStore.commitProfile(savedProfile,newestApi::assertCurrent);}catch(IOException expected){profileRetired=true;}check(profileRetired&&!switchedStore.load().has("uploadIntent"),"old profile cache commit crossed account");
        coldStore=MusicStore.selectAccount(context,newestApi.account());check(coldStore.load().getJSONObject("uploadIntent").getString("key").equals(draftKey),"cache transactions lost original pending upload");new MusicUpload(newestApi,coldStore).cancel(draftKey);check(coldStore.uploadFile(draftKey).isFile(),"library sync discarded original audio draft");
        int casesBefore=newestApi.get("/api/me").getJSONArray("cases").length();
        for(int attempt=0;attempt<2;attempt++){boolean unavailable=false;try{newestApi.openCase("report",track.getString("id"),"Original unavailable Trust retry","sha256:original-native-case-evidence");}catch(Exception expected){unavailable=true;}check(unavailable,"unconfigured original Trust was reported successful");}
        int casesAfter=newestApi.get("/api/me").getJSONArray("cases").length();check(casesAfter==casesBefore+2,"old fresh-key case retry duplication was not observed");
        System.out.println(new JSONObject().put("actualOrderedOriginalSnapshots",true).put("oldFreshKeyTrustRetryDuplicates",true).put("actualMergedOriginalAccountCache",true).put("actualDurableOrderedLibrarySync",true).put("actualShippedJavaUploadController",true).put("actualOriginalSDKProof",true).put("actualBusinessServerReadback",true).put("oneOriginalTrackAfterLostReplyColdRetry",true).put("sameAccountSignedAudioCache",true).put("key",key).put("audioSHA256",intent.getString("audioSHA256")).put("actualOSStorage",false).put("actualWalletConsent",false).put("productionInstalled",false));
    }
}
