
> @ynx-chain/social@1.0.0 test
> tsx --test src/**/*.test.ts

✔ AI requires bounded explicit context (2.387667ms)
✔ AI cannot perform social side effects (0.388208ms)
✔ stale unauthorized HTTP response cannot invalidate a newer authorization (68.176958ms)
✔ late resolve cannot invalidate replacement account-b generation (0.28875ms)
✔ late resolve cannot invalidate replacement account-a generation (0.150625ms)
✔ late resolve after logout cannot resurrect or reinvalidate authorization (0.125916ms)
✔ late reject cannot invalidate replacement account-b generation (0.173292ms)
✔ late reject cannot invalidate replacement account-a generation (0.119375ms)
✔ late reject after logout cannot resurrect or reinvalidate authorization (0.067667ms)
✔ current proof reject still invalidates current authorization (0.120833ms)
✔ current proof wrong-account still invalidates current authorization (0.082417ms)
✔ device rotation adopts the replacement session token without losing profile state (0.124834ms)
✔ audience request sends exact SDK bytes with separate introspection/action proofs (21.785459ms)
✔ old chat grant never starts publishing proof or network request (1.319125ms)
✔ account/view stop during signing prevents business dispatch (0.717375ms)
✔ SDK body substitution cannot be sent (0.213292ms)
✔ authorize binds original transaction, parent and confirmed event to business body (0.661416ms)
✔ device-aware envelope set decrypts on every active device and verifies sender (162.031291ms)
✔ tampered envelope is rejected (3.749666ms)
✔ attachment encryption enforces bounds and authentication (0.661959ms)
✔ device rotation is dual-authorized and exact-retry stable (4.740167ms)
✔ encrypted multipart retry skips accepted parts and decrypts exact original (274.481125ms)
✔ mismatched operation grant is rejected before sending ciphertext to Cloud (0.180083ms)
✔ camera decoding releases stream and only returns QR content (1.78475ms)
✔ cancel before permission resolves releases late stream without attaching (0.313833ms)
✔ unsupported scanner never requests camera permission (0.321084ms)
✔ denied camera permission gives retry guidance and can retry (0.260583ms)
✔ account invalidation during decode stops camera and discards result (0.288667ms)
✔ superseding a camera attempt cannot reattach the older stream (0.291542ms)
✔ cancel releases never-settling wait without clearing a new operation (1.133959ms)
✔ never-settling transport has a bounded local wait (5.00375ms)
✔ synchronous transport throw releases only its own operation (0.715708ms)
✔ late old result cannot resolve or unlock the new wait (0.493917ms)
✔ preview alone sends nothing; explicit confirmation binds reviewed identity (1.216833ms)
✔ cancel and account lock invalidate previous review (0.208125ms)
✔ new preview invalidates old and failed submission retains exact retry identity (0.131709ms)
✔ late preview after logout is discarded without submitting (0.088666ms)
✔ invitation links are parsed in place and foreign routes fail closed (0.122792ms)
✔ request message remains exact across failed retries (0.120459ms)
✔ Native cancelled never-settling send permits fresh review and preserves original unknown intent (2.837792ms)
✔ Native cancellation bounds a never-settling preview before fresh review (1.395625ms)
✔ Native preview sends nothing until explicit confirmation of stable target (2.552959ms)
✔ Native same-account new generation rejects old review (0.48675ms)
✔ Native cancellation and logout reject old review without submitting (0.594041ms)
✔ Native failed retry preserves identity, key and message (0.896375ms)
✔ Native late preview after account change cannot become a review (0.281792ms)
✔ Native QR contract accepts opaque canonical locator, rejects legacy and funding values (0.564125ms)
✔ Native preview rejects stale-server funding IDs and foreign invitation URLs (0.342375ms)
✔ Web retry retains exact approved person, note and key without a new preview (0.924125ms)
✔ editing requires a new review and retains original uncertain intent metadata (0.120084ms)
✔ new account discards old-account pending hints and cannot retry them (0.07775ms)
✔ archived uncertain hints are also generation-scoped (0.055583ms)
✔ restart recovers last complete snapshot after a torn write (1.542916ms)
✔ successive acknowledgements persist and do not reload the legacy queue (6.389209ms)
✔ corruption never silently replaces the queue with an empty or legacy queue (0.164708ms)
✔ checksums reject an altered latest snapshot and preserve the previous one (0.237042ms)
✔ all twelve audited locale catalogs contain the same nonblank keys (0.911667ms)
✔ critical security, privacy, permission, recovery and AI labels are localized (0.125125ms)
✔ Intl helpers localize date, numbers and plural rules without blank fallback (36.093875ms)
✔ caller audience mutation during authority await cannot substitute original reviewed target (2.456083ms)
✔ mutable captured binding cannot bypass original unknown intent on same transaction retry (10.982666ms)
✔ caller byte buffer mutation during check does not replace encrypted original plaintext (1.879458ms)
✔ actual original RestrictedMoments check also permits await-time reviewed audience substitution (21.048625ms)
✔ queued messages survive unrelated acknowledgements and round-trip storage (1.948834ms)
✔ retries preserve exact ciphertext and separate devices and accounts (0.208959ms)
✔ legacy data is preserved without being silently assigned to a new device (0.327584ms)
✔ current recipients and exact signed retry are accepted (137.402667ms)
✔ removed members and revoked or newly added devices block stale retries (8.414417ms)
✔ tampering with sender, context or signature cannot be retried (9.942584ms)
✔ message synchronization follows cursors and deduplicates overlapping pages (9.9395ms)
✔ a nonadvancing synchronization cursor fails instead of looping (0.795292ms)
✔ fresh guest restore creates no device, request, probe or Wallet launch (43.175667ms)
✔ explicit SDK request survives cold restore without replacing bytes or opening Wallet (8.212708ms)
✔ only an explicit open action launches the retained SDK route (2.344041ms)
✔ pending identity never authorizes messaging and disconnect suspends proofs (2.3395ms)
✔ Native People and Alerts receive contacts only from explicit complete Social consent (2.723875ms)
✔ restricted attachment uses official encrypted bytes and three audience/trust checks (7.602417ms)
✔ revoked audience after encryption prevents upload (1.183167ms)
✔ known uploaded receipt is retained across late policy failure, explicit retry never reuploads (1.39175ms)
✔ unknown upload result cannot be retried with the original transaction (4.770208ms)
✔ lock after upload retains receipt but never publishes a prepared descriptor (1.001ms)
✔ original transaction cannot substitute the file bytes or reviewed audience (2.169083ms)
✔ restricted moment uses standard encrypted-room carrier and metadata-only receipt (0.86075ms)
✔ relationship revision change during trust preparation blocks sending and retains draft (0.273833ms)
✔ account stop during preparation cannot publish old draft (0.114417ms)
✔ stop in final audience-check microtask prevents SDK dispatch (0.149666ms)
✔ uncertain delivered write retains exact transaction and refuses audience substitution (0.256291ms)
✔ concurrent prepare cannot send the same transaction twice (0.134917ms)
✔ caller supplied parent receipt alone never authorizes a comment (0.122ms)
✔ current approved member can comment only on authenticated matching encrypted parent (0.528208ms)
✔ malformed success receipts preserve exact unknown draft and transaction (0.354875ms)
✔ unconfirmed event ownership never clears original pending transaction (0.278291ms)
✔ semantic JSON key order does not change authenticated event ownership (0.10975ms)
✔ unknown semantic keys still deny event ownership (0.099958ms)
✔ comment semantic and relation key reordering preserves authenticated ownership (0.169875ms)
✔ actual UI to consumer to strict HTTP preserves one intent through review, send and index (16.395458ms)
✔ group and selected review use actual original records, never caller account or manual MXID (2.449333ms)
✔ actual attachment UI uploads ciphertext and publishes one authenticated standard encrypted file with caption (5.445917ms)
✔ attachment readback substitution preserves draft and original transaction; explicit retry reuses upload (2.824041ms)
✔ actual UI explicitly saves and restores draft without sending or approving a wallet (1.518584ms)
✔ UI persists unknown before send and a fresh composer restores only original text transaction (1.218375ms)
✔ fresh composer explicitly retries original protected encrypted attachment without another upload (2.117ms)
✔ scoped registration signs exact session and existing chat keys without mutating legacy fields (29.790625ms)
✔ API uses a fresh exact route proof and never an old bearer for a scoped session (9ms)
✔ account changes and late responses cannot display the previous private workspace (1.288959ms)
✔ live authority rejection invalidates Native/Web private access without deleting device records (0.228417ms)
✔ empty server profile enters explicit setup without inventing a profile or turning auth failure into setup (0.298ms)
✔ emits only the canonical signed-envelope request field (0.993ms)
✔ verifies exact callback binding, account derivation, and compact low-S signature (20.778958ms)
✔ signs the server challenge with the exact bound P-256 product key (1.786417ms)
✔ Social keeps both xmldom dependency tracks on fixed releases (0.326333ms)
ℹ tests 111
ℹ suites 0
ℹ pass 111
ℹ fail 0
ℹ cancelled 0
ℹ skipped 0
ℹ todo 0
ℹ duration_ms 611.83375
