
> check
> node --check app.js && node --check business-wire.js && node --check product-session.js && node --check video-api.js && node --check watch-progress.js && node --check wallet-callback.js && node --check i18n.js && node --check wallet-connection.js && node --check ynx-dapp-connect-sdk/provider.js && node --check scripts/verify-public-browser.mjs && node --check scripts/video-retained-evidence-guard.mjs && node --check scripts/video-retained-takeover-transport.mjs && bash -n scripts/video-retained-takeover-preflight.sh scripts/invoke-video-retained-takeover-preflight-after-lease.local.sh && node --test business-wire.test.mjs connection-attempt.test.mjs watch-progress.test.mjs guest-navigation.test.mjs i18n-navigation.test.mjs product-session.test.mjs session-boundaries.test.mjs app.test.mjs runtime.test.mjs controlled-takeover.test.mjs retained-evidence-guard.test.mjs retained-takeover-transport.test.mjs retained-takeover-preflight.test.mjs emergency-recovery.test.mjs browser-acceptance.test.mjs && node i18n-check.mjs

✔ removed or absent Wallet cannot reject guest startup (4.666833ms)
✔ restore binds provider method receiver and performs read-only calls (2.640083ms)
✔ same-label replacement provider is not silently restored (0.559208ms)
✔ locked, switched-account and wrong-chain providers leave restore disconnected (6.0255ms)
✔ stalled and rejected provider reads cannot indefinitely block guest startup (8.10975ms)
✔ viewer exposes complete truthful interaction paths (2.38575ms)
✔ accepted browser-safe SDK modules remain byte exact (1.730792ms)
✔ Video has one strict 6423 Testnet configuration and excludes legacy ingress (2.2375ms)
✔ YNX EIP-6963 provider is preferred and switches to 0x1917 (2.428625ms)
✔ missing Wallet fails with exact official installation choices (1.960209ms)
✔ late YNX and MetaMask providers remain distinct without requesting accounts (21.583875ms)
✔ late root injection and no-provider state are classified without navigation (21.706ms)
✔ public browser acceptance is source-bound and non-sensitive (72.928ms)
✔ actual upload multipart serialization signs exact final bytes and preserves its boundary (26.716ms)
✔ large complete multipart uses digest commitment, never expanded JSON (46.677833ms)
✔ asset route caps, invalid body and abort fail before sign (2.784917ms)
✔ legacy SDK cannot silently substitute introspection for body proof (0.089167ms)
✔ Video immutable byte snapshot and stable idempotency survive retry with fresh action proofs (1.394541ms)
✔ Video transport invokes synchronously, releases cancelled and late connections, and rejects late identity (5.447791ms)
✔ Video real 15 second deadline settles an ignored transport, safe cleanup and new attempt succeed (15001.018ms)
✔ Creator Studio transport invokes synchronously, releases cancelled and late connections, and rejects late identity (1.344708ms)
✔ Creator Studio real 15 second deadline settles an ignored transport, safe cleanup and new attempt succeed (15000.894125ms)
✔ controlled takeover freezes predecessor, switches once, and restores a verified legacy successor (3434.5965ms)
✔ controlled takeover failure at stop preserves or restores exact legacy service (1740.361125ms)
✔ controlled takeover failure at port preserves or restores exact legacy service (2166.276ms)
✔ controlled takeover failure at bootstrap preserves or restores exact legacy service (2459.210417ms)
✔ controlled takeover failure at post preserves or restores exact legacy service (2930.572542ms)
✔ controlled takeover lock rejects a concurrent executor before service mutation (1018.348958ms)
✔ controlled takeover rejects retained evidence foreign sibling before lifecycle or deletion (678.429208ms)
✔ controlled takeover rejects retained evidence same-byte replacement before lifecycle or deletion (717.547375ms)
✔ controlled takeover rejects retained evidence symlink replacement before lifecycle or deletion (649.713917ms)
✔ controlled takeover rejects retained evidence hardlink replacement before lifecycle or deletion (619.021583ms)
✔ controlled takeover rejects retained evidence directory-only sibling before lifecycle or deletion (594.504875ms)
✔ controlled takeover rejects a post-validation retained evidence race before lifecycle or receipt creation (959.424625ms)
✔ emergency recovery atomically restores only legacy apps/video (1799.510458ms)
✔ failed emergency recovery removes only the exact new subtree (1617.28625ms)
✔ failed emergency recovery refuses to delete a same-byte replacement inode (1519.620208ms)
✔ actual shell transport preserves a link tuple containing spaces (1453.053208ms)
✔ opening a video deep link also loads the catalog so closing returns to usable content (5.937167ms)
✔ a late translation apply cannot replace the actual channel heading with Discover (1.201708ms)
✔ deep-link playback starts while the catalog is pending and closing recovers when it arrives (1.480583ms)
✔ channel navigation ends its own loading state and ignores an older catalog response (0.679292ms)
✔ a failed channel request clears loading without letting a late error replace a newer view (0.450209ms)
✔ two tabs showing Subscribe both set the desired state instead of undoing each other (2.217ms)
✔ an older subscription read cannot replace the result of a newer explicit action (0.852167ms)
✔ sign-out immediately hides private library while revoke is pending, and a late restore cannot reconnect (0.644667ms)
✔ a late private playlist response cannot reopen its picker after sign-out (0.463833ms)
✔ restored pending logout has only explicit retry and never starts new approval (0.434125ms)
✔ a sign-in racing initial restore still exposes SDK pending logout retry (1.124958ms)
✔ a browser launch route is an unsigned guest request, not proof that the native Wallet is absent (0.868709ms)
✔ a confirmed sign-out and subsequent browser restore keep retry and sign-out controls hidden (0.768916ms)
✔ actual network failures and revocation intents retain explicit retry even beside a native detection route (0.599542ms)
✔ a recoverable sign-in error opens the chooser and the selected native request has its own launch link (0.37675ms)
✔ language selection updates an existing URL override to en without losing the video deep link (1.96975ms)
✔ language selection updates an existing URL override to zh-CN without losing the video deep link (0.770083ms)
✔ language selection updates an existing URL override to zh-TW without losing the video deep link (0.153083ms)
✔ language selection updates an existing URL override to ja without losing the video deep link (0.115916ms)
✔ language selection updates an existing URL override to ko without losing the video deep link (0.125542ms)
✔ language selection updates an existing URL override to es without losing the video deep link (0.092ms)
✔ language selection updates an existing URL override to fr without losing the video deep link (0.900541ms)
✔ language selection updates an existing URL override to de without losing the video deep link (0.238875ms)
✔ language selection updates an existing URL override to pt without losing the video deep link (0.143708ms)
✔ language selection updates an existing URL override to ru without losing the video deep link (0.142209ms)
✔ language selection updates an existing URL override to ar without losing the video deep link (1.036334ms)
✔ language selection updates an existing URL override to id without losing the video deep link (0.113166ms)
✔ Video uses the frozen browser SDK with exact Video registration and honest browser storage (3.878625ms)
✔ product preparation protects pending request before explicit link and never asserts installation (1.729417ms)
✔ wrong web origin stops before registry, SDK initialization and Gateway requests (0.380708ms)
✔ callback, restore and disconnect use SDK authority while private scopes remain route specific (0.49ms)
✔ Video scope allowlist rejects Creator reads, moderation and unknown mutation paths (0.340958ms)
✔ public API starts without awaiting or attaching a Product Session (21.330667ms)
✔ network retry generates fresh device proof with stable idempotency key and immutable body (0.872666ms)
✔ private credentials never go to an overridden origin and rejected authority clears private UI (0.757375ms)
✔ watch progress excludes guest playback and seeking; failed persistence retains real elapsed time (1.087208ms)
✔ preparation retains the SDK pending logout state so the UI can expose explicit retry (0.236833ms)
✔ native resume never re-prepares before callback storage exists; matched state still requires SDK restore (0.171833ms)
✔ retained evidence exact inventory is readable (34.849958ms)
▶ foreign sibling, replacement, symlink, hardlink and directory-only mutations preserve all retained entries
  ✔ foreign sibling (4.776042ms)
  ✔ same-byte replacement inode (8.246666ms)
  ✔ symlink replacement (10.095458ms)
  ✔ hardlink replacement (8.326166ms)
  ✔ directory-only sibling (5.7955ms)
✔ foreign sibling, replacement, symlink, hardlink and directory-only mutations preserve all retained entries (38.641417ms)
✔ preflight captures one byte-preserving HTTP response for bytes, SHA and base64 (496.575542ms)
✔ preflight canonical base64 preserves an embedded NUL byte (287.782667ms)
✔ transport places exact three-object carrier, observes it and cleans only its root (36.293833ms)
✔ transport placement failure removes only its exact stage and preserves parent siblings (12.702167ms)
✔ transport prewrite failure removes only its exact stage and preserves parent siblings (10.281458ms)
✔ transport refuses cleanup before deleting owned bytes when a foreign stage child appears (8.66825ms)
✔ transport refuses cleanup before deleting anything after a same-byte inode replacement (9.161792ms)
✔ runtime topology isolates Viewer 6494 from API 6493 and Creator 6495 (0.474667ms)
✔ post-P0-239 recovery baseline freezes exact legacy rollback and isolated successor topology (0.549875ms)
✔ self-contained server serves the public /video path without a shared release symlink (102.138708ms)
✔ same-origin API proxy preserves queries, media ranges and unavailable state (87.874334ms)
✔ API proxy refuses a non-loopback upstream (48.800667ms)
✔ runtime carrier rebuild is byte-identical and normalized (1123.6425ms)
✔ actual shell deploy and rollback touch only isolated Viewer binding (1771.642625ms)
✔ post-switch Viewer failure automatically restores the exact predecessor and preserves API and Creator (1549.103333ms)
✔ executor refuses the shared Video current path (3.548ms)
✔ actual shell bootstrap creates an absent dedicated predecessor, supports switch rollback, and removes only its own state (2394.395792ms)
✔ failed first bootstrap returns dedicated root and unit to exact absence (659.483417ms)
✔ account changes during proof generation prevent a private mutation from reaching the service (12.240792ms)
✔ an old 401 arriving after a new account cannot invalidate the new account (4.138959ms)
✔ video callback resumes the original view only for the matching verified session (3.240667ms)
✔ creator-studio callback resumes the original view only for the matching verified session (0.458209ms)
✔ cross-tab hints deduplicate the two browser transports and contain no account or proof (1.110125ms)
✔ cancellation settles an uncooperative private authorization without emitting a request (0.542167ms)
✔ cancellation settles an uncooperative network without invalidating another account (1.009792ms)
✔ cancellation settles an uncooperative body without invalidating another account (0.230625ms)
✔ the complete Video request has the real 15 second authority deadline (15005.4555ms)
✔ unbounded responses and foreign response locations are rejected before use (5.426416ms)
✔ ending during a pending ordinary flush persists completion for the same playback exactly once (3.087333ms)
✔ a lost response after service commit reuses the exact mutation across API retries and later flushes (17.92125ms)
✔ an unreadable success response retains the same batch until a valid acknowledgement (1.254ms)
✔ failed completion retains its immutable zero-second batch and key for retry (0.555667ms)
✔ discard while a request is pending cancels queued completion and never restores accumulated playback (1.263917ms)
✔ guests, seeking and unobserved time cannot create completion records (0.352458ms)
✔ long playback automatically saves two observed checkpoints as one playback with separate batches (4.142083ms)
✔ automatic failures are throttled by newly observed playback and retry the immutable batch (2.275208ms)
✔ discard prevents periodic work and suppresses an older automatic failure (1.755458ms)
✔ a retained automatic failure cannot retry from paused playback or seeking (2.506292ms)
ℹ tests 121
ℹ suites 0
ℹ pass 121
ℹ fail 0
ℹ cancelled 0
ℹ skipped 0
ℹ todo 0
ℹ duration_ms 30118.767583
i18n audit passed: 12 locales, 22 exact keys, RTL and critical semantics
