
> @ynx-chain/social@1.0.0 test
> tsx --test src/**/*.test.ts

✔ AI requires bounded explicit context (1.038334ms)
✔ AI cannot perform social side effects (0.698375ms)
✔ stale unauthorized HTTP response cannot invalidate a newer authorization (15.142958ms)
✔ late resolve cannot invalidate replacement account-b generation (0.467167ms)
✔ late resolve cannot invalidate replacement account-a generation (0.168125ms)
✔ late resolve after logout cannot resurrect or reinvalidate authorization (0.129042ms)
✔ late reject cannot invalidate replacement account-b generation (1.810666ms)
✔ late reject cannot invalidate replacement account-a generation (1.298292ms)
✔ late reject after logout cannot resurrect or reinvalidate authorization (0.166208ms)
✔ current proof reject still invalidates current authorization (0.401125ms)
✔ current proof wrong-account still invalidates current authorization (6.919166ms)
✔ device rotation adopts the replacement session token without losing profile state (2.26525ms)
✔ audience request sends exact SDK bytes with separate introspection/action proofs (25.263667ms)
✔ old chat grant never starts publishing proof or network request (0.262042ms)
✔ account/view stop during signing prevents business dispatch (0.099792ms)
✔ SDK body substitution cannot be sent (0.087833ms)
✔ authorize binds original transaction, parent and confirmed event to business body (0.274208ms)
✔ device-aware envelope set decrypts on every active device and verifies sender (68.576125ms)
✔ tampered envelope is rejected (13.373917ms)
✔ attachment encryption enforces bounds and authentication (0.802083ms)
✔ device rotation is dual-authorized and exact-retry stable (5.800166ms)
✔ encrypted multipart retry skips accepted parts and decrypts exact original (222.659791ms)
✔ mismatched operation grant is rejected before sending ciphertext to Cloud (0.198334ms)
✔ camera decoding releases stream and only returns QR content (0.87275ms)
✔ cancel before permission resolves releases late stream without attaching (0.100792ms)
✔ unsupported scanner never requests camera permission (0.125791ms)
✔ denied camera permission gives retry guidance and can retry (0.100625ms)
✔ account invalidation during decode stops camera and discards result (0.104708ms)
✔ superseding a camera attempt cannot reattach the older stream (0.085416ms)
✔ cancel releases never-settling wait without clearing a new operation (0.708917ms)
✔ never-settling transport has a bounded local wait (8.000625ms)
✔ synchronous transport throw releases only its own operation (0.418458ms)
✔ late old result cannot resolve or unlock the new wait (0.598375ms)
✔ preview alone sends nothing; explicit confirmation binds reviewed identity (1.117792ms)
✔ cancel and account lock invalidate previous review (0.330458ms)
✔ new preview invalidates old and failed submission retains exact retry identity (0.38025ms)
✔ late preview after logout is discarded without submitting (0.228333ms)
✔ invitation links are parsed in place and foreign routes fail closed (0.307416ms)
✔ request message remains exact across failed retries (0.424458ms)
✔ Native cancelled never-settling send permits fresh review and preserves original unknown intent (8.117125ms)
✔ Native cancellation bounds a never-settling preview before fresh review (0.650833ms)
✔ Native preview sends nothing until explicit confirmation of stable target (1.297417ms)
✔ Native same-account new generation rejects old review (0.238458ms)
✔ Native cancellation and logout reject old review without submitting (0.238917ms)
✔ Native failed retry preserves identity, key and message (0.186333ms)
✔ Native late preview after account change cannot become a review (0.0955ms)
✔ Native QR contract accepts opaque canonical locator, rejects legacy and funding values (0.143583ms)
✔ Native preview rejects stale-server funding IDs and foreign invitation URLs (0.1015ms)
✔ Web retry retains exact approved person, note and key without a new preview (1.988375ms)
✔ editing requires a new review and retains original uncertain intent metadata (7.52375ms)
✔ new account discards old-account pending hints and cannot retry them (0.110083ms)
✔ archived uncertain hints are also generation-scoped (0.06325ms)
✔ restart recovers last complete snapshot after a torn write (1.702208ms)
✔ successive acknowledgements persist and do not reload the legacy queue (0.43025ms)
✔ corruption never silently replaces the queue with an empty or legacy queue (0.09725ms)
✔ checksums reject an altered latest snapshot and preserve the previous one (0.341042ms)
✔ all twelve audited locale catalogs contain the same nonblank keys (0.918958ms)
✔ critical security, privacy, permission, recovery and AI labels are localized (0.118166ms)
✔ Intl helpers localize date, numbers and plural rules without blank fallback (17.782041ms)
✔ caller audience mutation during authority await cannot substitute original reviewed target (6.031875ms)
✔ mutable captured binding cannot bypass original unknown intent on same transaction retry (3.07375ms)
✔ caller byte buffer mutation during check does not replace encrypted original plaintext (0.937083ms)
✔ actual original RestrictedMoments check also permits await-time reviewed audience substitution (0.469167ms)
✔ queued messages survive unrelated acknowledgements and round-trip storage (0.733417ms)
✔ retries preserve exact ciphertext and separate devices and accounts (0.19925ms)
✔ legacy data is preserved without being silently assigned to a new device (0.086875ms)
✔ current recipients and exact signed retry are accepted (66.62725ms)
✔ removed members and revoked or newly added devices block stale retries (14.747792ms)
✔ tampering with sender, context or signature cannot be retried (8.480459ms)
✔ message synchronization follows cursors and deduplicates overlapping pages (20.06725ms)
✔ a nonadvancing synchronization cursor fails instead of looping (0.8345ms)
✔ fresh guest restore creates no device, request, probe or Wallet launch (38.456083ms)
✔ explicit SDK request survives cold restore without replacing bytes or opening Wallet (9.237792ms)
✔ only an explicit open action launches the retained SDK route (2.127542ms)
✔ pending identity never authorizes messaging and disconnect suspends proofs (2.263625ms)
✔ Native People and Alerts receive contacts only from explicit complete Social consent (2.441583ms)
✔ restricted attachment uses official encrypted bytes and three audience/trust checks (4.473958ms)
✔ revoked audience after encryption prevents upload (2.442208ms)
✔ known uploaded receipt is retained across late policy failure, explicit retry never reuploads (8.009042ms)
✔ unknown upload result cannot be retried with the original transaction (3.234958ms)
✔ lock after upload retains receipt but never publishes a prepared descriptor (4.027458ms)
✔ original transaction cannot substitute the file bytes or reviewed audience (4.783125ms)
✔ restricted moment uses standard encrypted-room carrier and metadata-only receipt (2.24825ms)
✔ relationship revision change during trust preparation blocks sending and retains draft (0.335125ms)
✔ account stop during preparation cannot publish old draft (0.534541ms)
✔ stop in final audience-check microtask prevents SDK dispatch (0.897625ms)
✔ uncertain delivered write retains exact transaction and refuses audience substitution (0.673334ms)
✔ concurrent prepare cannot send the same transaction twice (0.396333ms)
✔ caller supplied parent receipt alone never authorizes a comment (0.297917ms)
✔ current approved member can comment only on authenticated matching encrypted parent (1.543166ms)
✔ malformed success receipts preserve exact unknown draft and transaction (3.070042ms)
✔ unconfirmed event ownership never clears original pending transaction (1.161125ms)
✔ semantic JSON key order does not change authenticated event ownership (0.169791ms)
✔ unknown semantic keys still deny event ownership (0.12275ms)
✔ comment semantic and relation key reordering preserves authenticated ownership (0.142708ms)
✔ actual UI to consumer to strict HTTP preserves one intent through review, send and index (18.06325ms)
✔ group and selected review use actual original records, never caller account or manual MXID (0.827042ms)
✔ actual attachment UI uploads ciphertext and publishes one authenticated standard encrypted file with caption (8.759042ms)
✔ attachment readback substitution preserves draft and original transaction; explicit retry reuses upload (5.740708ms)
✔ actual UI explicitly saves and restores draft without sending or approving a wallet (0.568125ms)
✔ UI persists unknown before send and a fresh composer restores only original text transaction (0.668208ms)
✔ fresh composer explicitly retries original protected encrypted attachment without another upload (3.227792ms)
✔ scoped registration signs exact session and existing chat keys without mutating legacy fields (31.678333ms)
✔ API uses a fresh exact route proof and never an old bearer for a scoped session (8.845209ms)
✔ account changes and late responses cannot display the previous private workspace (1.307541ms)
✔ live authority rejection invalidates Native/Web private access without deleting device records (0.223917ms)
✔ empty server profile enters explicit setup without inventing a profile or turning auth failure into setup (0.299166ms)
✔ emits only the canonical signed-envelope request field (0.873333ms)
✔ verifies exact callback binding, account derivation, and compact low-S signature (19.882291ms)
✔ signs the server challenge with the exact bound P-256 product key (1.547958ms)
✔ Social keeps both xmldom dependency tracks on fixed releases (0.335875ms)
ℹ tests 111
ℹ suites 0
ℹ pass 111
ℹ fail 0
ℹ cancelled 0
ℹ skipped 0
ℹ todo 0
ℹ duration_ms 644.07375
