✔ studio exposes recovery, team, rights, revenue and bounded AI workflows (4.675584ms)
✔ Creator serves its complete runtime but does not expose source receipts or build scripts (85.954666ms)
✔ sign out releases a private request whose proof provider never settles (9.557833ms)
✔ multipart upload is sent once when its network result is unknown (1.164167ms)
✔ caller cancellation aborts the request and cannot trigger automatic retry (1.942084ms)
✔ upload hashes a stable form snapshot and cancel while hashing sends no request (1.011292ms)
✔ a saved failed upload recovers its original content record without resending the file (0.526125ms)
✔ upload proof failure never claims a matching historical file is this saved upload (0.361667ms)
▶ upload recovery requires the exact service ID, source hash and authorized channel
  ✔ missing service ID (0.269833ms)
  ✔ invalid service ID (0.218625ms)
  ✔ different record ID (0.245792ms)
  ✔ different source hash (0.225083ms)
  ✔ different channel (0.8765ms)
✔ upload recovery requires the exact service ID, source hash and authorized channel (2.131292ms)
▶ an old AI stream fallback cannot replace a newly selected job
  ✔ stream-error (1.2665ms)
  ✔ stream-ended (0.400542ms)
✔ an old AI stream fallback cannot replace a newly selected job (1.841459ms)
▶ late AI cancel, review and delete replies cannot alter a newer selection
  ✔ ai-cancel after selecting another ID (0.373958ms)
  ✔ ai-cancel after reselecting the old ID (0.256458ms)
  ✔ ai-accept after selecting another ID (0.266ms)
  ✔ ai-accept after reselecting the old ID (0.703708ms)
  ✔ ai-reject after selecting another ID (0.253584ms)
  ✔ ai-reject after reselecting the old ID (0.195375ms)
  ✔ ai-delete after selecting another ID (0.237042ms)
  ✔ ai-delete after reselecting the old ID (0.205125ms)
✔ late AI cancel, review and delete replies cannot alter a newer selection (2.819666ms)
✔ newer AI preparation wins when earlier creation completes late (0.301375ms)
✔ sign out immediately clears every private view and form while revocation is pending (0.468375ms)
✔ a 401 with no studio snapshot still permits complete sign out (0.139166ms)
✔ a studio response arriving after sign out cannot restore account data or replace its status (0.313333ms)
✔ an old account response cannot overwrite a newly signed-in account (0.820791ms)
✔ proof creation completing after sign out never sends an authenticated business request (0.185917ms)
✔ a late channel mutation response cannot refill channel output and upload forms (0.420291ms)
✔ AI stream chunks after sign out are discarded and their reader is cancelled (0.307125ms)
✔ a restored session arriving after sign out cannot reconnect the page (0.203167ms)
✔ missing analytics and nullable audit lists render empty values without throwing (0.165083ms)
✔ failed revocation keeps private views empty and offers an explicit sign-out retry (0.115167ms)
✔ prepared Wallet link becomes visible and focused after its exact URL is set (2.2265ms)
✔ a stored pending logout stays explicit after page restore and blocks new Creator approval (0.278833ms)
✔ a Creator sign-in racing initial restore retains explicit SDK pending logout controls (0.7145ms)
✔ normal Creator chooser dispatches selected YNX V2 and refreshes the original owned workspace (1.778917ms)
✔ Creator cancel and choose-another fence a late Wallet response, with explicit retry after rejection (1.246666ms)
✔ Switch Creator account finishes original revocation before offering a new approval (0.262875ms)
✔ ordinary Cancel during Creator callback verification revokes the late stored grant before reconnect (0.327125ms)
✔ Creator Web Wallet opens from the user click and uses only the product V2 method (1.698167ms)
✔ Creator Mobile shows a QR and returns through product verification, not standard account discovery (1.7005ms)
✔ Creator native launch stays in its own step and blocks duplicate, cancelled and expired clicks (0.317ms)
✔ Creator cancelled preparation never opens a late native request and preserves revoke failure (0.231375ms)
✔ Creator unknown wallet errors show a next step without raw diagnostics (0.241583ms)
✔ Creator native return restores the launched request then reads studio and closes without revoke (0.785208ms)
✔ Creator cancelled native return and another signed request never reconnect the old chooser (0.377833ms)
✔ Creator actual focus hook waits for backend verification and does not revive an expired request (0.246209ms)
✔ Creator focus before completed native callback remains waiting without network failure (0.257083ms)
✔ reload restores authorized team channels through the real nested ChannelView and preserves drafts (0.479333ms)
✔ empty team never invents a channel and invalidates an earlier channel read (0.372125ms)
✔ late channel metadata after account switch cannot refill the old account (0.281708ms)
✔ wrong channel identity and rejected channel reads fail closed (0.309208ms)
✔ Creator consumes the exact shared Standard Wallet reducer boundary (1.179542ms)
✔ late legacy injection is re-read after ethereum#initialized (252.261041ms)
✔ empty accountsChanged disconnects instead of becoming an invalid-account error (0.526375ms)
✔ wallet UI uses distinct image assets and same-tab provider flow (4.088917ms)
ℹ tests 61
ℹ suites 0
ℹ pass 61
ℹ fail 0
ℹ cancelled 0
ℹ skipped 0
ℹ todo 0
ℹ duration_ms 308.489417
