
> check
> node --check app.js && node --check product-session.js && node --check video-api.js && node --check watch-progress.js && node --check wallet-callback.js && node --check i18n.js && node --check wallet-connection.js && node --check ynx-dapp-connect-sdk/provider.js && node --check scripts/verify-public-browser.mjs && node --check scripts/video-retained-evidence-guard.mjs && node --check scripts/video-retained-takeover-transport.mjs && bash -n scripts/video-retained-takeover-preflight.sh scripts/invoke-video-retained-takeover-preflight-after-lease.local.sh && node --test connection-attempt.test.mjs watch-progress.test.mjs guest-navigation.test.mjs i18n-navigation.test.mjs product-session.test.mjs session-boundaries.test.mjs app.test.mjs runtime.test.mjs controlled-takeover.test.mjs retained-evidence-guard.test.mjs retained-takeover-transport.test.mjs retained-takeover-preflight.test.mjs emergency-recovery.test.mjs browser-acceptance.test.mjs && node i18n-check.mjs

✔ removed or absent Wallet cannot reject guest startup (2.382291ms)
✔ restore binds provider method receiver and performs read-only calls (1.538666ms)
✔ same-label replacement provider is not silently restored (0.85375ms)
✔ locked, switched-account and wrong-chain providers leave restore disconnected (4.968542ms)
✔ stalled and rejected provider reads cannot indefinitely block guest startup (8.85925ms)
✔ viewer exposes complete truthful interaction paths (2.342667ms)
✔ accepted browser-safe SDK modules remain byte exact (2.747209ms)
✔ Video has one strict 6423 Testnet configuration and excludes legacy ingress (3.78875ms)
✔ YNX EIP-6963 provider is preferred and switches to 0x1917 (1.299708ms)
✔ missing Wallet fails with exact official installation choices (1.320334ms)
✔ late YNX and MetaMask providers remain distinct without requesting accounts (21.80725ms)
✔ late root injection and no-provider state are classified without navigation (22.612875ms)
✔ public browser acceptance is source-bound and non-sensitive (48.591583ms)
✔ Video transport invokes synchronously, releases cancelled and late connections, and rejects late identity (4.499625ms)
✔ Video real 15 second deadline settles an ignored transport, safe cleanup and new attempt succeed (15000.413208ms)
✔ Creator Studio transport invokes synchronously, releases cancelled and late connections, and rejects late identity (1.0955ms)
✔ Creator Studio real 15 second deadline settles an ignored transport, safe cleanup and new attempt succeed (15001.317166ms)
✔ controlled takeover freezes predecessor, switches once, and restores a verified legacy successor (2899.132ms)
✔ controlled takeover failure at stop preserves or restores exact legacy service (1595.638166ms)
✔ controlled takeover failure at port preserves or restores exact legacy service (1983.473875ms)
✔ controlled takeover failure at bootstrap preserves or restores exact legacy service (2399.973709ms)
✔ controlled takeover failure at post preserves or restores exact legacy service (2369.512791ms)
✔ controlled takeover lock rejects a concurrent executor before service mutation (569.03175ms)
✔ controlled takeover rejects retained evidence foreign sibling before lifecycle or deletion (516.118458ms)
✔ controlled takeover rejects retained evidence same-byte replacement before lifecycle or deletion (912.764917ms)
✔ controlled takeover rejects retained evidence symlink replacement before lifecycle or deletion (502.583542ms)
✔ controlled takeover rejects retained evidence hardlink replacement before lifecycle or deletion (503.305709ms)
✔ controlled takeover rejects retained evidence directory-only sibling before lifecycle or deletion (490.23125ms)
✔ controlled takeover rejects a post-validation retained evidence race before lifecycle or receipt creation (809.52075ms)
✔ emergency recovery atomically restores only legacy apps/video (1512.564458ms)
✔ failed emergency recovery removes only the exact new subtree (1557.009417ms)
✔ failed emergency recovery refuses to delete a same-byte replacement inode (1359.151292ms)
✔ actual shell transport preserves a link tuple containing spaces (1382.53225ms)
✔ opening a video deep link also loads the catalog so closing returns to usable content (5.977292ms)
✔ a late translation apply cannot replace the actual channel heading with Discover (1.150209ms)
✔ deep-link playback starts while the catalog is pending and closing recovers when it arrives (0.855959ms)
✔ channel navigation ends its own loading state and ignores an older catalog response (1.244083ms)
✔ a failed channel request clears loading without letting a late error replace a newer view (0.51975ms)
✔ two tabs showing Subscribe both set the desired state instead of undoing each other (3.3845ms)
✔ an older subscription read cannot replace the result of a newer explicit action (1.069334ms)
✔ sign-out immediately hides private library while revoke is pending, and a late restore cannot reconnect (1.5055ms)
✔ a late private playlist response cannot reopen its picker after sign-out (0.551458ms)
✔ restored pending logout has only explicit retry and never starts new approval (0.760667ms)
✔ a sign-in racing initial restore still exposes SDK pending logout retry (1.799625ms)
✔ a browser launch route is an unsigned guest request, not proof that the native Wallet is absent (1.070583ms)
✔ a confirmed sign-out and subsequent browser restore keep retry and sign-out controls hidden (0.7555ms)
✔ actual network failures and revocation intents retain explicit retry even beside a native detection route (0.685542ms)
✔ a recoverable sign-in error opens the chooser and the selected native request has its own launch link (0.645833ms)
✔ language selection updates an existing URL override to en without losing the video deep link (1.605875ms)
✔ language selection updates an existing URL override to zh-CN without losing the video deep link (0.3485ms)
✔ language selection updates an existing URL override to zh-TW without losing the video deep link (0.263625ms)
✔ language selection updates an existing URL override to ja without losing the video deep link (0.341584ms)
✔ language selection updates an existing URL override to ko without losing the video deep link (0.320958ms)
✔ language selection updates an existing URL override to es without losing the video deep link (0.224208ms)
✔ language selection updates an existing URL override to fr without losing the video deep link (0.22475ms)
✔ language selection updates an existing URL override to de without losing the video deep link (0.099875ms)
✔ language selection updates an existing URL override to pt without losing the video deep link (0.177083ms)
✔ language selection updates an existing URL override to ru without losing the video deep link (0.182167ms)
✔ language selection updates an existing URL override to ar without losing the video deep link (0.103417ms)
✔ language selection updates an existing URL override to id without losing the video deep link (0.067125ms)
✔ Video uses the frozen browser SDK with exact Video registration and honest browser storage (4.638916ms)
✔ product preparation protects pending request before explicit link and never asserts installation (1.348292ms)
✔ wrong web origin stops before registry, SDK initialization and Gateway requests (0.364625ms)
✔ callback, restore and disconnect use SDK authority while private scopes remain route specific (0.353791ms)
✔ Video scope allowlist rejects Creator reads, moderation and unknown mutation paths (0.417ms)
✔ public API starts without awaiting or attaching a Product Session (0.422583ms)
✔ network retry generates fresh device proof with stable idempotency key and immutable body (0.227833ms)
✔ private credentials never go to an overridden origin and rejected authority clears private UI (0.173125ms)
✔ watch progress excludes guest playback and seeking; failed persistence retains real elapsed time (0.463958ms)
✔ preparation retains the SDK pending logout state so the UI can expose explicit retry (0.130292ms)
✔ native resume never re-prepares before callback storage exists; matched state still requires SDK restore (0.153083ms)
✔ retained evidence exact inventory is readable (8.728333ms)
▶ foreign sibling, replacement, symlink, hardlink and directory-only mutations preserve all retained entries
  ✔ foreign sibling (2.222917ms)
  ✔ same-byte replacement inode (3.128167ms)
  ✔ symlink replacement (5.978083ms)
  ✔ hardlink replacement (5.3735ms)
  ✔ directory-only sibling (4.849417ms)
✔ foreign sibling, replacement, symlink, hardlink and directory-only mutations preserve all retained entries (22.513833ms)
✔ preflight captures one byte-preserving HTTP response for bytes, SHA and base64 (351.317291ms)
✔ preflight canonical base64 preserves an embedded NUL byte (277.311292ms)
✔ transport places exact three-object carrier, observes it and cleans only its root (16.365542ms)
✔ transport placement failure removes only its exact stage and preserves parent siblings (6.772375ms)
✔ transport prewrite failure removes only its exact stage and preserves parent siblings (7.578375ms)
✔ transport refuses cleanup before deleting owned bytes when a foreign stage child appears (5.165042ms)
✔ transport refuses cleanup before deleting anything after a same-byte inode replacement (4.811083ms)
✔ runtime topology isolates Viewer 6494 from API 6493 and Creator 6495 (0.5095ms)
✔ post-P0-239 recovery baseline freezes exact legacy rollback and isolated successor topology (0.670583ms)
✔ self-contained server serves the public /video path without a shared release symlink (71.835584ms)
✔ same-origin API proxy preserves queries, media ranges and unavailable state (64.252958ms)
✔ API proxy refuses a non-loopback upstream (39.493625ms)
✔ runtime carrier rebuild is byte-identical and normalized (820.136458ms)
✔ actual shell deploy and rollback touch only isolated Viewer binding (1495.058042ms)
✔ post-switch Viewer failure automatically restores the exact predecessor and preserves API and Creator (1474.42825ms)
✔ executor refuses the shared Video current path (2.646583ms)
✔ actual shell bootstrap creates an absent dedicated predecessor, supports switch rollback, and removes only its own state (2234.535959ms)
✔ failed first bootstrap returns dedicated root and unit to exact absence (1048.742167ms)
✔ account changes during proof generation prevent a private mutation from reaching the service (0.986041ms)
✔ an old 401 arriving after a new account cannot invalidate the new account (1.594333ms)
✔ video callback resumes the original view only for the matching verified session (1.334708ms)
✔ creator-studio callback resumes the original view only for the matching verified session (0.420666ms)
✔ cross-tab hints deduplicate the two browser transports and contain no account or proof (1.010917ms)
✔ cancellation settles an uncooperative private authorization without emitting a request (0.551417ms)
✔ cancellation settles an uncooperative network without invalidating another account (0.589416ms)
✔ cancellation settles an uncooperative body without invalidating another account (0.260125ms)
✔ the complete Video request has the real 15 second authority deadline (15001.532417ms)
✔ unbounded responses and foreign response locations are rejected before use (13.099416ms)
✔ ending during a pending ordinary flush persists completion for the same playback exactly once (4.089833ms)
✔ a lost response after service commit reuses the exact mutation across API retries and later flushes (1.158375ms)
✔ an unreadable success response retains the same batch until a valid acknowledgement (0.493166ms)
✔ failed completion retains its immutable zero-second batch and key for retry (0.329292ms)
✔ discard while a request is pending cancels queued completion and never restores accumulated playback (0.7165ms)
✔ guests, seeking and unobserved time cannot create completion records (0.24125ms)
✔ long playback automatically saves two observed checkpoints as one playback with separate batches (1.511291ms)
✔ automatic failures are throttled by newly observed playback and retry the immutable batch (1.058292ms)
✔ discard prevents periodic work and suppresses an older automatic failure (1.781291ms)
✔ a retained automatic failure cannot retry from paused playback or seeking (1.993459ms)
ℹ tests 116
ℹ suites 0
ℹ pass 116
ℹ fail 0
ℹ cancelled 0
ℹ skipped 0
ℹ todo 0
ℹ duration_ms 30077.309
i18n audit passed: 12 locales, 22 exact keys, RTL and critical semantics
