fatal: not a git repository (or any of the parent directories): .git
node:internal/errors:999
  const err = new Error(message);
              ^

Error: Command failed: git rev-parse 7a89550d4964ea38b854cbd03f18775494c2f513:apps/video/i18n/catalog.json
fatal: not a git repository (or any of the parent directories): .git

    at genericNodeError (node:internal/errors:999:15)
    at wrappedFn (node:internal/errors:544:14)
    at checkExecSyncError (node:child_process:942:11)
    at execFileSync (node:child_process:978:15)
    at gitValue (file:///private/tmp/media-display-build-ZF1Q6y/apps/creator-studio/build.mjs:44:10)
    at file:///private/tmp/media-display-build-ZF1Q6y/apps/creator-studio/build.mjs:63:5 {
  status: 128,
  signal: null,
  output: [
    null,
    '',
    'fatal: not a git repository (or any of the parent directories): .git\n'
  ],
  pid: 90626,
  stdout: '',
  stderr: 'fatal: not a git repository (or any of the parent directories): .git\n'
}

Node.js v26.7.0
