
> check
> node --check display-settings.js && node --check app.js && node --check wallet-auth.js && node --check standard-wallet-connect-state.js && node --check build.mjs && node --test *.test.mjs

✔ studio exposes recovery, team, rights, revenue and bounded AI workflows (8.7785ms)
✔ Creator serves its complete runtime but does not expose source receipts or build scripts (186.846416ms)
✔ sign out releases a private request whose proof provider never settles (22.892959ms)
✔ multipart upload is sent once when its network result is unknown (6.834125ms)
✔ caller cancellation aborts the request and cannot trigger automatic retry (8.757042ms)
✔ upload hashes a stable form snapshot and cancel while hashing sends no request (7.384625ms)
✔ a saved failed upload recovers its original content record without resending the file (3.220792ms)
✔ upload proof failure never claims a matching historical file is this saved upload (2.49925ms)
▶ upload recovery requires the exact service ID, source hash and authorized channel
  ✔ missing service ID (2.629583ms)
  ✔ invalid service ID (0.811667ms)
  ✔ different record ID (1.435042ms)
  ✔ different source hash (1.325583ms)
  ✔ different channel (1.922792ms)
✔ upload recovery requires the exact service ID, source hash and authorized channel (8.88575ms)
▶ an old AI stream fallback cannot replace a newly selected job
  ✔ stream-error (1.0645ms)
  ✔ stream-ended (1.595041ms)
✔ an old AI stream fallback cannot replace a newly selected job (3.051583ms)
▶ late AI cancel, review and delete replies cannot alter a newer selection
  ✔ ai-cancel after selecting another ID (0.698958ms)
  ✔ ai-cancel after reselecting the old ID (0.339041ms)
  ✔ ai-accept after selecting another ID (0.790958ms)
  ✔ ai-accept after reselecting the old ID (0.761625ms)
  ✔ ai-reject after selecting another ID (0.766ms)
  ✔ ai-reject after reselecting the old ID (0.73175ms)
  ✔ ai-delete after selecting another ID (0.896792ms)
  ✔ ai-delete after reselecting the old ID (0.500667ms)
✔ late AI cancel, review and delete replies cannot alter a newer selection (6.380375ms)
✔ newer AI preparation wins when earlier creation completes late (2.147459ms)
✔ sign out immediately clears every private view and form while revocation is pending (1.517916ms)
✔ a 401 with no studio snapshot still permits complete sign out (0.263ms)
✔ a studio response arriving after sign out cannot restore account data or replace its status (0.660459ms)
✔ an old account response cannot overwrite a newly signed-in account (1.1885ms)
✔ proof creation completing after sign out never sends an authenticated business request (0.267584ms)
✔ a late channel mutation response cannot refill channel output and upload forms (0.501792ms)
✔ AI stream chunks after sign out are discarded and their reader is cancelled (0.507542ms)
✔ a restored session arriving after sign out cannot reconnect the page (1.232333ms)
✔ missing analytics and nullable audit lists render empty values without throwing (0.694875ms)
✔ failed revocation keeps private views empty and offers an explicit sign-out retry (0.149625ms)
✔ prepared Wallet link becomes visible and focused after its exact URL is set (10.218708ms)
✔ a stored pending logout stays explicit after page restore and blocks new Creator approval (1.176958ms)
✔ a Creator sign-in racing initial restore retains explicit SDK pending logout controls (2.855375ms)
✔ normal Creator chooser dispatches selected YNX V2 and refreshes the original owned workspace (3.015584ms)
✔ Creator cancel and choose-another fence a late Wallet response, with explicit retry after rejection (0.545041ms)
✔ Switch Creator account finishes original revocation before offering a new approval (0.5735ms)
✔ ordinary Cancel during Creator callback verification revokes the late stored grant before reconnect (1.110875ms)
✔ Creator Web Wallet opens from the user click and uses only the product V2 method (3.641ms)
✔ Creator Mobile shows a QR and returns through product verification, not standard account discovery (4.728ms)
✔ Creator native launch stays in its own step and blocks duplicate, cancelled and expired clicks (1.180375ms)
✔ Creator cancelled preparation never opens a late native request and preserves revoke failure (0.64425ms)
✔ Creator unknown wallet errors show a next step without raw diagnostics (0.645459ms)
✔ Creator native return restores the launched request then reads studio and closes without revoke (1.505ms)
✔ Creator cancelled native return and another signed request never reconnect the old chooser (1.322458ms)
✔ Creator actual focus hook waits for backend verification and does not revive an expired request (0.572458ms)
✔ Creator focus before completed native callback remains waiting without network failure (0.485833ms)
✔ reload restores authorized team channels through the real nested ChannelView and preserves drafts (0.711833ms)
✔ empty team never invents a channel and invalidates an earlier channel read (1.136333ms)
✔ late channel metadata after account switch cannot refill the old account (1.689875ms)
✔ wrong channel identity and rejected channel reads fail closed (4.538459ms)
✔ shipped Creator controller sends exactly its signed multipart bytes with original boundary (6.304291ms)
✔ Creator consumes the exact shared Standard Wallet reducer boundary (2.152583ms)
✔ late legacy injection is re-read after ethereum#initialized (253.633ms)
✔ empty accountsChanged disconnects instead of becoming an invalid-account error (0.49775ms)
✔ wallet UI uses distinct image assets and same-tab provider flow (4.480042ms)
ℹ tests 62
ℹ suites 0
ℹ pass 62
ℹ fail 0
ℹ cancelled 0
ℹ skipped 0
ℹ todo 0
ℹ duration_ms 354.934292
