
> check
> node --check display-settings.js && node --check app.js && node --check business-wire.js && node --check product-session.js && node --check video-api.js && node --check watch-progress.js && node --check wallet-callback.js && node --check i18n.js && node --check wallet-connection.js && node --check ynx-dapp-connect-sdk/provider.js && node --check scripts/verify-public-browser.mjs && node --check scripts/video-retained-evidence-guard.mjs && node --check scripts/video-retained-takeover-transport.mjs && bash -n scripts/video-retained-takeover-preflight.sh scripts/invoke-video-retained-takeover-preflight-after-lease.local.sh && node --test business-wire.test.mjs connection-attempt.test.mjs watch-progress.test.mjs guest-navigation.test.mjs i18n-navigation.test.mjs product-session.test.mjs session-boundaries.test.mjs app.test.mjs runtime.test.mjs controlled-takeover.test.mjs retained-evidence-guard.test.mjs retained-takeover-transport.test.mjs retained-takeover-preflight.test.mjs emergency-recovery.test.mjs browser-acceptance.test.mjs && node i18n-check.mjs

✔ removed or absent Wallet cannot reject guest startup (5.351083ms)
✔ restore binds provider method receiver and performs read-only calls (2.850292ms)
✔ same-label replacement provider is not silently restored (2.582125ms)
✔ locked, switched-account and wrong-chain providers leave restore disconnected (5.247625ms)
✔ stalled and rejected provider reads cannot indefinitely block guest startup (9.495583ms)
✔ viewer exposes complete truthful interaction paths (10.511958ms)
✔ accepted browser-safe SDK modules remain byte exact (15.174542ms)
✔ Video has one strict 6423 Testnet configuration and excludes legacy ingress (12.593125ms)
✔ YNX EIP-6963 provider is preferred and switches to 0x1917 (3.682208ms)
✔ missing Wallet fails with exact official installation choices (3.059167ms)
✔ late YNX and MetaMask providers remain distinct without requesting accounts (22.515833ms)
✔ late root injection and no-provider state are classified without navigation (23.011ms)
✔ public browser acceptance is source-bound and non-sensitive (87.394666ms)
✔ actual upload multipart serialization signs exact final bytes and preserves its boundary (22.490042ms)
✔ large complete multipart uses digest commitment, never expanded JSON (55.6265ms)
✔ asset route caps, invalid body and abort fail before sign (4.082125ms)
✔ legacy SDK cannot silently substitute introspection for body proof (0.283834ms)
✔ Video immutable byte snapshot and stable idempotency survive retry with fresh action proofs (2.47975ms)
✔ Video transport invokes synchronously, releases cancelled and late connections, and rejects late identity (3.785458ms)
✔ Video real 15 second deadline settles an ignored transport, safe cleanup and new attempt succeed (15002.894459ms)
✔ Creator Studio transport invokes synchronously, releases cancelled and late connections, and rejects late identity (0.652584ms)
✔ Creator Studio real 15 second deadline settles an ignored transport, safe cleanup and new attempt succeed (15001.959583ms)
✔ controlled takeover freezes predecessor, switches once, and restores a verified legacy successor (3578.146166ms)
✔ controlled takeover failure at stop preserves or restores exact legacy service (2043.06425ms)
✔ controlled takeover failure at port preserves or restores exact legacy service (2451.229583ms)
✔ controlled takeover failure at bootstrap preserves or restores exact legacy service (2551.338667ms)
✔ controlled takeover failure at post preserves or restores exact legacy service (2490.206541ms)
✔ controlled takeover lock rejects a concurrent executor before service mutation (631.734833ms)
✔ controlled takeover rejects retained evidence foreign sibling before lifecycle or deletion (553.251ms)
✔ controlled takeover rejects retained evidence same-byte replacement before lifecycle or deletion (552.246875ms)
✔ controlled takeover rejects retained evidence symlink replacement before lifecycle or deletion (557.790583ms)
✔ controlled takeover rejects retained evidence hardlink replacement before lifecycle or deletion (545.588125ms)
✔ controlled takeover rejects retained evidence directory-only sibling before lifecycle or deletion (539.303583ms)
✔ controlled takeover rejects a post-validation retained evidence race before lifecycle or receipt creation (865.769584ms)
✔ emergency recovery atomically restores only legacy apps/video (1979.439333ms)
✔ failed emergency recovery removes only the exact new subtree (1955.468541ms)
✔ failed emergency recovery refuses to delete a same-byte replacement inode (1837.4785ms)
✔ actual shell transport preserves a link tuple containing spaces (1614.052708ms)
✔ opening a video deep link also loads the catalog so closing returns to usable content (7.596ms)
✔ a late translation apply cannot replace the actual channel heading with Discover (1.434292ms)
✔ deep-link playback starts while the catalog is pending and closing recovers when it arrives (1.946416ms)
✔ channel navigation ends its own loading state and ignores an older catalog response (3.273375ms)
✔ a failed channel request clears loading without letting a late error replace a newer view (2.464ms)
✔ two tabs showing Subscribe both set the desired state instead of undoing each other (4.935333ms)
✔ an older subscription read cannot replace the result of a newer explicit action (2.180875ms)
✔ sign-out immediately hides private library while revoke is pending, and a late restore cannot reconnect (3.227583ms)
✔ a late private playlist response cannot reopen its picker after sign-out (1.628375ms)
✔ restored pending logout has only explicit retry and never starts new approval (3.837916ms)
✔ a sign-in racing initial restore still exposes SDK pending logout retry (3.927584ms)
✔ a browser launch route is an unsigned guest request, not proof that the native Wallet is absent (3.733791ms)
✔ a confirmed sign-out and subsequent browser restore keep retry and sign-out controls hidden (1.038ms)
✔ actual network failures and revocation intents retain explicit retry even beside a native detection route (1.358958ms)
✔ a recoverable sign-in error opens the chooser and the selected native request has its own launch link (1.03875ms)
✔ language selection updates an existing URL override to en without losing the video deep link (1.42025ms)
✔ language selection updates an existing URL override to zh-CN without losing the video deep link (0.453625ms)
✔ language selection updates an existing URL override to zh-TW without losing the video deep link (0.321959ms)
✔ language selection updates an existing URL override to ja without losing the video deep link (0.646292ms)
✔ language selection updates an existing URL override to ko without losing the video deep link (0.545042ms)
✔ language selection updates an existing URL override to es without losing the video deep link (1.669416ms)
✔ language selection updates an existing URL override to fr without losing the video deep link (0.393167ms)
✔ language selection updates an existing URL override to de without losing the video deep link (0.302375ms)
✔ language selection updates an existing URL override to pt without losing the video deep link (0.585667ms)
✔ language selection updates an existing URL override to ru without losing the video deep link (0.150209ms)
✔ language selection updates an existing URL override to ar without losing the video deep link (0.087292ms)
✔ language selection updates an existing URL override to id without losing the video deep link (0.066583ms)
✔ Video uses the frozen browser SDK with exact Video registration and honest browser storage (10.227959ms)
✔ product preparation protects pending request before explicit link and never asserts installation (3.057708ms)
✔ wrong web origin stops before registry, SDK initialization and Gateway requests (0.612458ms)
✔ callback, restore and disconnect use SDK authority while private scopes remain route specific (0.699834ms)
✔ Video scope allowlist rejects Creator reads, moderation and unknown mutation paths (0.359375ms)
✔ public API starts without awaiting or attaching a Product Session (23.315125ms)
✔ network retry generates fresh device proof with stable idempotency key and immutable body (0.370833ms)
✔ private credentials never go to an overridden origin and rejected authority clears private UI (0.20875ms)
✔ watch progress excludes guest playback and seeking; failed persistence retains real elapsed time (0.708125ms)
✔ preparation retains the SDK pending logout state so the UI can expose explicit retry (0.673541ms)
✔ native resume never re-prepares before callback storage exists; matched state still requires SDK restore (0.214417ms)
✔ retained evidence exact inventory is readable (22.259542ms)
▶ foreign sibling, replacement, symlink, hardlink and directory-only mutations preserve all retained entries
  ✔ foreign sibling (5.540125ms)
  ✔ same-byte replacement inode (7.821959ms)
  ✔ symlink replacement (5.786084ms)
  ✔ hardlink replacement (4.861334ms)
  ✔ directory-only sibling (3.304125ms)
✔ foreign sibling, replacement, symlink, hardlink and directory-only mutations preserve all retained entries (29.098042ms)
✔ preflight captures one byte-preserving HTTP response for bytes, SHA and base64 (290.70275ms)
✔ preflight canonical base64 preserves an embedded NUL byte (344.776917ms)
✔ transport places exact three-object carrier, observes it and cleans only its root (26.293166ms)
✔ transport placement failure removes only its exact stage and preserves parent siblings (7.736541ms)
✔ transport prewrite failure removes only its exact stage and preserves parent siblings (11.106208ms)
✔ transport refuses cleanup before deleting owned bytes when a foreign stage child appears (7.180958ms)
✔ transport refuses cleanup before deleting anything after a same-byte inode replacement (9.903041ms)
✔ runtime topology isolates Viewer 6494 from API 6493 and Creator 6495 (0.461667ms)
✔ post-P0-239 recovery baseline freezes exact legacy rollback and isolated successor topology (0.559667ms)
✔ self-contained server serves the public /video path without a shared release symlink (128.838708ms)
✔ same-origin API proxy preserves queries, media ranges and unavailable state (114.3645ms)
✔ API proxy refuses a non-loopback upstream (72.11ms)
✔ runtime carrier rebuild is byte-identical and normalized (1458.624209ms)
✔ actual shell deploy and rollback touch only isolated Viewer binding (1903.602083ms)
✔ post-switch Viewer failure automatically restores the exact predecessor and preserves API and Creator (1803.912709ms)
✔ executor refuses the shared Video current path (21.7775ms)
✔ actual shell bootstrap creates an absent dedicated predecessor, supports switch rollback, and removes only its own state (2690.663416ms)
✔ failed first bootstrap returns dedicated root and unit to exact absence (1133.098125ms)
✔ account changes during proof generation prevent a private mutation from reaching the service (21.660708ms)
✔ an old 401 arriving after a new account cannot invalidate the new account (3.731834ms)
✔ video callback resumes the original view only for the matching verified session (3.628292ms)
✔ creator-studio callback resumes the original view only for the matching verified session (0.535667ms)
✔ cross-tab hints deduplicate the two browser transports and contain no account or proof (1.125042ms)
✔ cancellation settles an uncooperative private authorization without emitting a request (0.55375ms)
✔ cancellation settles an uncooperative network without invalidating another account (0.5425ms)
✔ cancellation settles an uncooperative body without invalidating another account (0.331458ms)
✔ the complete Video request has the real 15 second authority deadline (15002.289625ms)
✔ unbounded responses and foreign response locations are rejected before use (2.463125ms)
✔ ending during a pending ordinary flush persists completion for the same playback exactly once (4.871667ms)
✔ a lost response after service commit reuses the exact mutation across API retries and later flushes (52.853125ms)
✔ an unreadable success response retains the same batch until a valid acknowledgement (1.512833ms)
✔ failed completion retains its immutable zero-second batch and key for retry (1.231084ms)
✔ discard while a request is pending cancels queued completion and never restores accumulated playback (2.011875ms)
✔ guests, seeking and unobserved time cannot create completion records (0.645708ms)
✔ long playback automatically saves two observed checkpoints as one playback with separate batches (3.868ms)
✔ automatic failures are throttled by newly observed playback and retry the immutable batch (2.362875ms)
✔ discard prevents periodic work and suppresses an older automatic failure (3.735375ms)
✔ a retained automatic failure cannot retry from paused playback or seeking (4.615208ms)
ℹ tests 121
ℹ suites 0
ℹ pass 121
ℹ fail 0
ℹ cancelled 0
ℹ skipped 0
ℹ todo 0
ℹ duration_ms 30107.074
i18n audit passed: 12 locales, 22 exact keys, RTL and critical semantics
