1789846372947	geckodriver	INFO	Listening on 127.0.0.1:60745
1789846372950	webdriver::server	DEBUG	-> GET /status 
1789846372950	webdriver::server	DEBUG	<- 200 OK {"value":{"message":"","ready":true}}
1789846372954	webdriver::server	DEBUG	-> POST /session {"capabilities":{"alwaysMatch":{"browserName":"firefox","acceptInsecureCerts":true,"moz:firefoxOptions":{"bi ... x","args":["-headless","-profile","/var/folders/nd/ks11whcs64b4nsy5xpjvj7540000gn/T/ynx-firefox-provider-hUHzcx/profile"]}}}}
1789846372954	geckodriver::capabilities	DEBUG	Trying to read firefox version from ini files
1789846372955	geckodriver::capabilities	DEBUG	Found version 140.0
1789846372956	mozrunner::runner	INFO	Running command: MOZ_CRASHREPORTER="1" MOZ_CRASHREPORTER_NO_REPORT="1" MOZ_CRASHREPORTER_SHUTDOWN="1" "/tmp/ynx-firefox-insta ...  "-profile" "/var/folders/nd/ks11whcs64b4nsy5xpjvj7540000gn/T/ynx-firefox-provider-hUHzcx/profile" "-foreground" "-no-remote"
1789846373127	geckodriver::marionette	DEBUG	Waiting 60s to connect to browser on 127.0.0.1
*** You are running in headless mode.
sandbox_extension_issue_file_to_process failed for /tmp/ynx-firefox-install.Lkf88L/Firefox.app: 1 (Operation not permitted)
console.warn: services.settings: Ignoring preference override of remote settings server
console.warn: services.settings: Allow by setting MOZ_REMOTE_SETTINGS_DEVTOOLS=1 in the environment
1789846375524	Marionette	INFO	Marionette enabled
1789846375524	RemoteAgent	DEBUG	Setting recommended pref apz.content_response_timeout to 60000
1789846375524	RemoteAgent	DEBUG	Setting recommended pref browser.contentblocking.introCount to 99
1789846375524	RemoteAgent	DEBUG	Setting recommended pref browser.download.panel.shown to true
1789846375524	RemoteAgent	DEBUG	Setting recommended pref browser.http.blank_page_with_error_response.enabled to true
1789846375524	RemoteAgent	DEBUG	Setting recommended pref browser.newtabpage.activity-stream.discoverystream.region-weather-config to 
1789846375524	RemoteAgent	DEBUG	Setting recommended pref browser.newtabpage.activity-stream.newtabWallpapers.enabled to false
1789846375524	RemoteAgent	DEBUG	Setting recommended pref browser.newtabpage.activity-stream.showSponsoredTopSites to false
1789846375524	RemoteAgent	DEBUG	Setting recommended pref browser.newtabpage.enabled to false
1789846375524	RemoteAgent	DEBUG	Setting recommended pref browser.pagethumbnails.capturing_disabled to true
1789846375524	RemoteAgent	DEBUG	Setting recommended pref browser.region.network.url to 
1789846375525	RemoteAgent	DEBUG	Setting recommended pref browser.safebrowsing.blockedURIs.enabled to false
1789846375525	RemoteAgent	DEBUG	Setting recommended pref browser.safebrowsing.downloads.enabled to false
1789846375525	RemoteAgent	DEBUG	Setting recommended pref browser.safebrowsing.malware.enabled to false
1789846375525	RemoteAgent	DEBUG	Setting recommended pref browser.safebrowsing.phishing.enabled to false
1789846375525	RemoteAgent	DEBUG	Setting recommended pref browser.search.update to false
1789846375525	RemoteAgent	DEBUG	Setting recommended pref browser.startup.couldRestoreSession.count to -1
1789846375525	RemoteAgent	DEBUG	Setting recommended pref browser.tabs.remote.unloadDelayMs to 0
1789846375525	RemoteAgent	DEBUG	Setting recommended pref browser.tabs.unloadOnLowMemory to false
1789846375525	RemoteAgent	DEBUG	Setting recommended pref browser.tabs.warnOnClose to false
1789846375525	RemoteAgent	DEBUG	Setting recommended pref browser.tabs.warnOnCloseOtherTabs to false
1789846375525	RemoteAgent	DEBUG	Setting recommended pref browser.tabs.warnOnOpen to false
1789846375525	RemoteAgent	DEBUG	Setting recommended pref browser.toolbars.bookmarks.visibility to never
1789846375525	RemoteAgent	DEBUG	Setting recommended pref browser.topsites.contile.enabled to false
1789846375525	RemoteAgent	DEBUG	Setting recommended pref browser.usedOnWindows10.introURL to 
1789846375525	RemoteAgent	DEBUG	Setting recommended pref browser.urlbar.merino.endpointURL to 
1789846375525	RemoteAgent	DEBUG	Setting recommended pref browser.urlbar.suggest.searches to false
1789846375525	RemoteAgent	DEBUG	Setting recommended pref datareporting.policy.dataSubmissionPolicyAccepted to false
1789846375525	RemoteAgent	DEBUG	Setting recommended pref dom.disable_open_during_load to false
1789846375525	RemoteAgent	DEBUG	Setting recommended pref dom.file.createInChild to true
1789846375525	RemoteAgent	DEBUG	Setting recommended pref dom.input_events.security.minNumTicks to 0
1789846375525	RemoteAgent	DEBUG	Setting recommended pref dom.input_events.security.minTimeElapsedInMS to 0
1789846375525	RemoteAgent	DEBUG	Setting recommended pref threads.lower_mainthread_priority_in_background.enabled to false
1789846375525	RemoteAgent	DEBUG	Setting recommended pref dom.ipc.processPriorityManager.enabled to false
1789846375525	RemoteAgent	DEBUG	Setting recommended pref dom.max_chrome_script_run_time to 0
1789846375525	RemoteAgent	DEBUG	Setting recommended pref dom.max_script_run_time to 0
1789846375525	RemoteAgent	DEBUG	Setting recommended pref dom.navigation.navigationRateLimit.count to 0
1789846375525	RemoteAgent	DEBUG	Setting recommended pref dom.push.connection.enabled to false
1789846375525	RemoteAgent	DEBUG	Setting recommended pref dom.screenorientation.allow-lock to true
1789846375525	RemoteAgent	DEBUG	Setting recommended pref dom.successive_dialog_time_limit to 0
1789846375525	RemoteAgent	DEBUG	Setting recommended pref extensions.getAddons.cache.enabled to false
1789846375525	RemoteAgent	DEBUG	Setting recommended pref extensions.getAddons.discovery.api_url to data:, 
1789846375525	RemoteAgent	DEBUG	Setting recommended pref extensions.blocklist.detailsURL to http://%(server)s/extensions-dummy/blocklistDetailsURL
1789846375525	RemoteAgent	DEBUG	Setting recommended pref extensions.blocklist.itemURL to http://%(server)s/extensions-dummy/blocklistItemURL
1789846375525	RemoteAgent	DEBUG	Setting recommended pref extensions.hotfix.url to http://%(server)s/extensions-dummy/hotfixURL
1789846375525	RemoteAgent	DEBUG	Setting recommended pref extensions.systemAddon.update.enabled to false
1789846375525	RemoteAgent	DEBUG	Setting recommended pref extensions.update.background.url to http://%(server)s/extensions-dummy/updateBackgroundURL
1789846375525	RemoteAgent	DEBUG	Setting recommended pref extensions.update.url to http://%(server)s/extensions-dummy/updateURL
1789846375525	RemoteAgent	DEBUG	Setting recommended pref extensions.getAddons.get.url to http://%(server)s/extensions-dummy/repositoryGetURL
1789846375525	RemoteAgent	DEBUG	Setting recommended pref extensions.getAddons.search.browseURL to http://%(server)s/extensions-dummy/repositoryBrowseURL
1789846375525	RemoteAgent	DEBUG	Setting recommended pref geo.provider.network.url to 
1789846375525	RemoteAgent	DEBUG	Setting recommended pref identity.fxaccounts.auth.uri to https://{server}/dummy/fxa
1789846375525	RemoteAgent	DEBUG	Setting recommended pref network.connectivity-service.enabled to false
1789846375525	RemoteAgent	DEBUG	Setting recommended pref network.http.phishy-userpass-length to 255
1789846375525	RemoteAgent	DEBUG	Setting recommended pref network.http.prompt-temp-redirect to false
1789846375525	RemoteAgent	DEBUG	Setting recommended pref privacy.trackingprotection.enabled to false
1789846375525	RemoteAgent	DEBUG	Setting recommended pref remote.prefs.recommended.applied to true
1789846375525	RemoteAgent	DEBUG	Setting recommended pref security.fileuri.strict_origin_policy to false
1789846375525	RemoteAgent	DEBUG	Setting recommended pref security.notification_enable_delay to 0
1789846375525	RemoteAgent	DEBUG	Setting recommended pref security.remote_settings.intermediates.enabled to false
1789846375525	RemoteAgent	DEBUG	Setting recommended pref services.settings.loglevel to off
1789846375525	RemoteAgent	DEBUG	Setting recommended pref signon.autofillForms to false
1789846375525	RemoteAgent	DEBUG	Setting recommended pref signon.rememberSignons to false
1789846375525	RemoteAgent	DEBUG	Setting recommended pref toolkit.telemetry.server to https://%(server)s/telemetry-dummy/
1789846375525	RemoteAgent	DEBUG	Setting recommended pref widget.windows.window_occlusion_tracking.enabled to false
sandbox_extension_issue_file_to_process failed for /tmp/ynx-firefox-install.Lkf88L/Firefox.app/Contents/MacOS/plugin-container.app: 1 (Operation not permitted)
1789846375708	Marionette	INFO	Listening on port 60750
1789846375709	Marionette	DEBUG	Marionette is listening
[WARN  rkv::backend::impl_safe::environment] `load_ratio()` is irrelevant for this storage backend.
Read port: 60750
1789846375832	Marionette	DEBUG	Accepted connection 0 from 127.0.0.1:60751
1789846375833	geckodriver::marionette	DEBUG	Connection to Marionette established on 127.0.0.1:60750.
1789846375842	Marionette	DEBUG	0 -> [0,1,"WebDriver:NewSession",{"acceptInsecureCerts":true,"browserName":"firefox"}]
1789846375843	RemoteAgent	WARN	TLS certificate errors will be ignored for this session
1789846375843	Marionette	DEBUG	Waiting for initial application window
sandbox_extension_issue_file_to_process failed for /tmp/ynx-firefox-install.Lkf88L/Firefox.app/Contents/MacOS/plugin-container.app: 1 (Operation not permitted)
sandbox_extension_issue_file_to_process failed for /tmp/ynx-firefox-install.Lkf88L/Firefox.app/Contents/MacOS/plugin-container.app: 1 (Operation not permitted)
[GFX1-]: RenderCompositorSWGL failed mapping default framebuffer, no dt
console.error: (new NotAllowedError("Could not create directory `/Users/huangjiahao/Library/Application Support/Firefox/Profile Groups' (NS_ERROR_FILE_ACCESS_DENIED)", (void 0)))
console.error: (new NotAllowedError("Could not create directory `/Users/huangjiahao/Library/Application Support/Firefox/Profile Groups' (NS_ERROR_FILE_ACCESS_DENIED)", (void 0)))
console.error: ExperimentAPI: 
  Failed to initialize ExperimentStore:
  Message: TypeError: can't access property "execute", conn is null
  Stack:
    _reportStartupDatabaseConsistency@resource://nimbus/lib/ExperimentStore.sys.mjs:684:18

console.error: (new NotAllowedError("Could not create directory `/Users/huangjiahao/Library/Application Support/Firefox/Profile Groups' (NS_ERROR_FILE_ACCESS_DENIED)", (void 0)))
console.error: CustomizableUI: 
  Could not localize property 'fxms-bmb-button.tooltiptext'.
1789846376245	Marionette	DEBUG	0 <- [1,1,null,{"sessionId":"ed4c3ab9-d3df-48fa-a95d-ff1cc3d044f3","capabilities":{"acceptInsecureCerts":true,"browserName":"firefox","browserVersion":"140.0","platformName":"mac","unhandledPromptBehavior":"dismiss and notify","userAgent":"Mozilla/5.0 (Macintosh; Intel Mac OS X 10.15; rv:140.0) Gecko/20100101 Firefox/140.0","moz:buildID":"20250616215311","moz:headless":true,"moz:platformVersion":"27.0.0","moz:processID":18118,"moz:profile":"/var/folders/nd/ks11whcs64b4nsy5xpjvj7540000gn/T/ynx-firefox-provider-hUHzcx/profile","moz:shutdownTimeout":60000,"pageLoadStrategy":"normal","timeouts":{"implicit":0,"pageLoad":300000,"script":30000},"setWindowRect":true,"strictFileInteractability":false,"moz:accessibilityChecks":false,"moz:webdriverClick":true,"moz:windowless":false,"proxy":{}}}]
1789846376245	webdriver::server	DEBUG	<- 200 OK {"value":{"sessionId":"ed4c3ab9-d3df-48fa-a95d-ff1cc3d044f3","capabilities":{"acceptInsecureCerts":true,"browserNam ... r":"dismiss and notify","userAgent":"Mozilla/5.0 (Macintosh; Intel Mac OS X 10.15; rv:140.0) Gecko/20100101 Firefox/140.0"}}}
1789846376247	webdriver::server	DEBUG	-> POST /session/ed4c3ab9-d3df-48fa-a95d-ff1cc3d044f3/timeouts {"script":8000,"pageLoad":12000,"implicit":0}
1789846376247	Marionette	DEBUG	0 -> [0,2,"WebDriver:SetTimeouts",{"implicit":0,"pageLoad":12000,"script":8000}]
1789846376247	Marionette	DEBUG	0 <- [1,2,null,{"value":null}]
1789846376247	webdriver::server	DEBUG	<- 200 OK {"value":null}
1789846376248	webdriver::server	DEBUG	-> POST /session/ed4c3ab9-d3df-48fa-a95d-ff1cc3d044f3/moz/addon/install {"path":"/var/folders/nd/ks11whcs64b4nsy5xpjvj7540000gn/T/ynx-firefox-provider-hUHzcx/wallet.zip","temporary":true}
1789846376248	Marionette	DEBUG	0 -> [0,3,"Addon:Install",{"path":"/var/folders/nd/ks11whcs64b4nsy5xpjvj7540000gn/T/ynx-firefox-provider-hUHzcx/wallet.zip","temporary":true}]
1789846376278	Marionette	DEBUG	0 <- [1,3,null,{"value":"wallet-testnet@ynxweb4.com"}]
1789846376279	webdriver::server	DEBUG	<- 200 OK {"value":"wallet-testnet@ynxweb4.com"}
1789846376279	webdriver::server	DEBUG	-> POST /session/ed4c3ab9-d3df-48fa-a95d-ff1cc3d044f3/url {"url":"https://127.0.0.1:60743/"}
1789846376280	Marionette	DEBUG	0 -> [0,4,"WebDriver:Navigate",{"url":"https://127.0.0.1:60743/"}]
sandbox_extension_issue_file_to_process failed for /tmp/ynx-firefox-install.Lkf88L/Firefox.app/Contents/MacOS/plugin-container.app: 1 (Operation not permitted)
1789846376399	Marionette	DEBUG	0 <- [1,4,null,{"value":null}]
1789846376399	webdriver::server	DEBUG	<- 200 OK {"value":null}
console.error: [Exception... "Component returned failure code: 0x80040111 (NS_ERROR_NOT_AVAILABLE) [nsIContentSniffer.getMIMETypeFromContent]"  nsresult: "0x80040111 (NS_ERROR_NOT_AVAILABLE)"  location: "JS frame :: resource:///modules/FaviconLoader.sys.mjs :: onStopRequest :: line 300"  data: no]
1789846376400	webdriver::server	DEBUG	-> POST /session/ed4c3ab9-d3df-48fa-a95d-ff1cc3d044f3/execute/sync {"script":"const page=window.wrappedJSObject||window;const ... ozen(foreign.providers)&&foreign.providers.length===1,restartMarker:localStorage.getItem('ynx.fixture.restart')};","args":[]}
1789846376401	Marionette	DEBUG	0 -> [0,5,"WebDriver:ExecuteScript",{"args":[],"script":"const page=window.wrappedJSObject||window;const f=page.__YNX_EIP6963_FIXTURE__,foreign=page.__YNX_FOREIGN_FIXTURE__;const ite ... &Object.isFrozen(foreign.providers)&&foreign.providers.length===1,restartMarker:localStorage.getItem('ynx.fixture.restart')};"}]
1789846376407	Marionette	DEBUG	0 <- [1,5,null,{"value":{"url":"https://127.0.0.1:60743/","matchingCount":1,"foreignUnchanged":true,"restartMarker":null}}]
1789846376408	webdriver::server	DEBUG	<- 200 OK {"value":{"foreignUnchanged":true,"matchingCount":1,"restartMarker":null,"url":"https://127.0.0.1:60743/"}}
1789846376408	webdriver::server	DEBUG	-> POST /session/ed4c3ab9-d3df-48fa-a95d-ff1cc3d044f3/execute/async {"script":"const done=arguments[arguments.length-1],page= ... allet,isMetaMask:item.provider.isMetaMask})).catch(error=>done({error:{code:error.code,message:error.message}}));","args":[]}
1789846376409	Marionette	DEBUG	0 -> [0,6,"WebDriver:ExecuteAsyncScript",{"args":[],"script":"const done=arguments[arguments.length-1],page=window.wrappedJSObject||window,item=page.__YNX_EIP6963_FIXTURE__.announcements. ... vider.isYNXWallet,isMetaMask:item.provider.isMetaMask})).catch(error=>done({error:{code:error.code,message:error.message}}));"}]
1789846376411	Marionette	DEBUG	0 <- [1,6,null,{"value":{"chainId":"0x1917","info":{"uuid":"6f4e2a77-7878-4f29-9c0d-191700000001","name":"YNX Wallet","rdns":"com.ynx.wallet"},"isYNXWallet":true,"isMetaMask":false}}]
1789846376412	webdriver::server	DEBUG	<- 200 OK {"value":{"chainId":"0x1917","info":{"name":"YNX Wallet","rdns":"com.ynx.wallet","uuid":"6f4e2a77-7878-4f29-9c0d-191700000001"},"isMetaMask":false,"isYNXWallet":true}}
1789846376412	webdriver::server	DEBUG	-> POST /session/ed4c3ab9-d3df-48fa-a95d-ff1cc3d044f3/execute/sync {"script":"localStorage.setItem('ynx.fixture.restart','retained');return true;","args":[]}
1789846376412	Marionette	DEBUG	0 -> [0,7,"WebDriver:ExecuteScript",{"args":[],"script":"localStorage.setItem('ynx.fixture.restart','retained');return true;"}]
1789846376413	Marionette	DEBUG	0 <- [1,7,null,{"value":true}]
1789846376413	webdriver::server	DEBUG	<- 200 OK {"value":true}
1789846376413	webdriver::server	DEBUG	-> POST /session/ed4c3ab9-d3df-48fa-a95d-ff1cc3d044f3/url {"url":"http://127.0.0.1:60744/"}
1789846376414	Marionette	DEBUG	0 -> [0,8,"WebDriver:Navigate",{"url":"http://127.0.0.1:60744/"}]
JavaScript warning: moz-extension://d6c6c1d3-df60-44bb-8b95-6ab320450ace/content-script.js, line 11: Script terminated by timeout at:
clearPending@moz-extension://d6c6c1d3-df60-44bb-8b95-6ab320450ace/content-script.js:11:53
@moz-extension://d6c6c1d3-df60-44bb-8b95-6ab320450ace/content-script.js:12:75

sandbox_extension_issue_file_to_process failed for /tmp/ynx-firefox-install.Lkf88L/Firefox.app/Contents/MacOS/plugin-container.app: 1 (Operation not permitted)
1789846376516	Marionette	DEBUG	0 <- [1,8,null,{"value":null}]
1789846376516	webdriver::server	DEBUG	<- 200 OK {"value":null}
console.error: [Exception... "Component returned failure code: 0x80040111 (NS_ERROR_NOT_AVAILABLE) [nsIContentSniffer.getMIMETypeFromContent]"  nsresult: "0x80040111 (NS_ERROR_NOT_AVAILABLE)"  location: "JS frame :: resource:///modules/FaviconLoader.sys.mjs :: onStopRequest :: line 300"  data: no]
sandbox_extension_issue_file_to_process failed for /tmp/ynx-firefox-install.Lkf88L/Firefox.app/Contents/MacOS/plugin-container.app: 1 (Operation not permitted)
sandbox_extension_issue_file_to_process failed for /tmp/ynx-firefox-install.Lkf88L/Firefox.app/Contents/MacOS/plugin-container.app: 1 (Operation not permitted)
sandbox_extension_issue_file_to_process failed for /tmp/ynx-firefox-install.Lkf88L/Firefox.app/Contents/MacOS/plugin-container.app: 1 (Operation not permitted)
console.warn: RSLoader: Recipe hnt-wattle-wcw-pref-flip-jul-22 not returned from collection nimbus-secure-experiments because it contains feature newtabTrainhop, which is disallowed for that collection.
console.warn: RSLoader: Recipe hnt-wattle-wcw-pref-flip-jul-22-v2 not returned from collection nimbus-secure-experiments because it contains feature newtabTrainhop, which is disallowed for that collection.
console.warn: RSLoader: Recipe new-tab-15482026071643450-to-release-only-152 not returned from collection nimbus-secure-experiments because it contains feature newtabTrainhopAddon, which is disallowed for that collection.
console.warn: RSLoader: Recipe new-tab-155120260811195042-to-release-only-153 not returned from collection nimbus-secure-experiments because it contains feature newtabTrainhopAddon, which is disallowed for that collection.
console.warn: RSLoader: Recipe new-tab-15612026081843226-to-release-154 not returned from collection nimbus-secure-experiments because it contains feature newtabTrainhopAddon, which is disallowed for that collection.
console.warn: RSLoader: Recipe new-tab-15622026082460102-to-release-15401 not returned from collection nimbus-secure-experiments because it contains feature newtabTrainhopAddon, which is disallowed for that collection.
console.warn: RSLoader: Recipe new-tab-157020260831183837-to-release-155-addondeployment not returned from collection nimbus-secure-experiments because it contains feature newtabTrainhopAddonDeployment, which is disallowed for that collection.
console.warn: RSLoader: Recipe new-tab-158020260913220257-to-release-156 not returned from collection nimbus-secure-experiments because it contains feature newtabTrainhopAddonDeployment, which is disallowed for that collection.
console.error: (new NotAllowedError("Could not create directory `/Users/huangjiahao/Library/Application Support/Firefox/Profile Groups' (NS_ERROR_FILE_ACCESS_DENIED)", (void 0)))
1789846378753	webdriver::server	DEBUG	-> POST /session/ed4c3ab9-d3df-48fa-a95d-ff1cc3d044f3/execute/sync {"script":"const page=window.wrappedJSObject||window;const ... ozen(foreign.providers)&&foreign.providers.length===1,restartMarker:localStorage.getItem('ynx.fixture.restart')};","args":[]}
console.error: NimbusMigrations: 
  applyMigrations: error running migration 1 (import-enrollments-to-sql): TypeError: can't access property "executeTransaction", conn is null
1789846378753	Marionette	DEBUG	0 -> [0,9,"WebDriver:ExecuteScript",{"args":[],"script":"const page=window.wrappedJSObject||window;const f=page.__YNX_EIP6963_FIXTURE__,foreign=page.__YNX_FOREIGN_FIXTURE__;const ite ... &Object.isFrozen(foreign.providers)&&foreign.providers.length===1,restartMarker:localStorage.getItem('ynx.fixture.restart')};"}]
1789846378757	Marionette	DEBUG	0 <- [1,9,null,{"value":{"url":"http://127.0.0.1:60744/","matchingCount":0,"foreignUnchanged":true,"restartMarker":null}}]
1789846378757	webdriver::server	DEBUG	<- 200 OK {"value":{"foreignUnchanged":true,"matchingCount":0,"restartMarker":null,"url":"http://127.0.0.1:60744/"}}
1789846378758	webdriver::server	DEBUG	-> DELETE /session/ed4c3ab9-d3df-48fa-a95d-ff1cc3d044f3 
1789846378758	Marionette	DEBUG	0 -> [0,10,"Marionette:Quit",{"flags":["eForceQuit"]}]
1789846378758	Marionette	INFO	Stopped listening on port 60750
1789846378948	RemoteAgent	DEBUG	Resetting recommended pref apz.content_response_timeout
1789846378948	RemoteAgent	DEBUG	Resetting recommended pref browser.contentblocking.introCount
1789846378948	RemoteAgent	DEBUG	Resetting recommended pref browser.download.panel.shown
1789846378948	RemoteAgent	DEBUG	Resetting recommended pref browser.http.blank_page_with_error_response.enabled
1789846378948	RemoteAgent	DEBUG	Resetting recommended pref browser.newtabpage.activity-stream.discoverystream.region-weather-config
1789846378948	RemoteAgent	DEBUG	Resetting recommended pref browser.newtabpage.activity-stream.newtabWallpapers.enabled
1789846378948	RemoteAgent	DEBUG	Resetting recommended pref browser.newtabpage.activity-stream.showSponsoredTopSites
1789846378949	RemoteAgent	DEBUG	Resetting recommended pref browser.newtabpage.enabled
1789846378949	RemoteAgent	DEBUG	Resetting recommended pref browser.pagethumbnails.capturing_disabled
1789846378949	RemoteAgent	DEBUG	Resetting recommended pref browser.region.network.url
1789846378949	RemoteAgent	DEBUG	Resetting recommended pref browser.safebrowsing.blockedURIs.enabled
1789846378950	RemoteAgent	DEBUG	Resetting recommended pref browser.safebrowsing.downloads.enabled
1789846378950	RemoteAgent	DEBUG	Resetting recommended pref browser.safebrowsing.malware.enabled
1789846378951	RemoteAgent	DEBUG	Resetting recommended pref browser.safebrowsing.phishing.enabled
1789846378952	RemoteAgent	DEBUG	Resetting recommended pref browser.search.update
1789846378952	RemoteAgent	DEBUG	Resetting recommended pref browser.startup.couldRestoreSession.count
1789846378952	RemoteAgent	DEBUG	Resetting recommended pref browser.tabs.remote.unloadDelayMs
1789846378952	RemoteAgent	DEBUG	Resetting recommended pref browser.tabs.unloadOnLowMemory
1789846378952	RemoteAgent	DEBUG	Resetting recommended pref browser.tabs.warnOnClose
1789846378952	RemoteAgent	DEBUG	Resetting recommended pref browser.tabs.warnOnCloseOtherTabs
1789846378952	RemoteAgent	DEBUG	Resetting recommended pref browser.tabs.warnOnOpen
1789846378952	RemoteAgent	DEBUG	Resetting recommended pref browser.toolbars.bookmarks.visibility
1789846378952	RemoteAgent	DEBUG	Resetting recommended pref browser.topsites.contile.enabled
1789846378952	RemoteAgent	DEBUG	Resetting recommended pref browser.usedOnWindows10.introURL
1789846378952	RemoteAgent	DEBUG	Resetting recommended pref browser.urlbar.merino.endpointURL
1789846378952	RemoteAgent	DEBUG	Resetting recommended pref browser.urlbar.suggest.searches
1789846378953	RemoteAgent	DEBUG	Resetting recommended pref datareporting.policy.dataSubmissionPolicyAccepted
1789846378953	RemoteAgent	DEBUG	Resetting recommended pref dom.disable_open_during_load
1789846378953	RemoteAgent	DEBUG	Resetting recommended pref dom.file.createInChild
1789846378953	RemoteAgent	DEBUG	Resetting recommended pref dom.input_events.security.minNumTicks
1789846378953	RemoteAgent	DEBUG	Resetting recommended pref dom.input_events.security.minTimeElapsedInMS
1789846378953	RemoteAgent	DEBUG	Resetting recommended pref threads.lower_mainthread_priority_in_background.enabled
1789846378953	RemoteAgent	DEBUG	Resetting recommended pref dom.ipc.processPriorityManager.enabled
1789846378953	RemoteAgent	DEBUG	Resetting recommended pref dom.max_chrome_script_run_time
1789846378953	RemoteAgent	DEBUG	Resetting recommended pref dom.max_script_run_time
1789846378953	RemoteAgent	DEBUG	Resetting recommended pref dom.navigation.navigationRateLimit.count
1789846378953	RemoteAgent	DEBUG	Resetting recommended pref dom.push.connection.enabled
1789846378953	RemoteAgent	DEBUG	Resetting recommended pref dom.screenorientation.allow-lock
1789846378953	RemoteAgent	DEBUG	Resetting recommended pref dom.successive_dialog_time_limit
1789846378953	RemoteAgent	DEBUG	Resetting recommended pref extensions.getAddons.cache.enabled
1789846378953	RemoteAgent	DEBUG	Resetting recommended pref extensions.getAddons.discovery.api_url
1789846378953	RemoteAgent	DEBUG	Resetting recommended pref extensions.blocklist.detailsURL
1789846378953	RemoteAgent	DEBUG	Resetting recommended pref extensions.blocklist.itemURL
1789846378953	RemoteAgent	DEBUG	Resetting recommended pref extensions.hotfix.url
1789846378953	RemoteAgent	DEBUG	Resetting recommended pref extensions.systemAddon.update.enabled
1789846378953	RemoteAgent	DEBUG	Resetting recommended pref extensions.update.background.url
1789846378953	RemoteAgent	DEBUG	Resetting recommended pref extensions.update.url
1789846378953	RemoteAgent	DEBUG	Resetting recommended pref extensions.getAddons.get.url
1789846378953	RemoteAgent	DEBUG	Resetting recommended pref extensions.getAddons.search.browseURL
1789846378953	RemoteAgent	DEBUG	Resetting recommended pref geo.provider.network.url
1789846378954	RemoteAgent	DEBUG	Resetting recommended pref identity.fxaccounts.auth.uri
1789846378954	RemoteAgent	DEBUG	Resetting recommended pref network.connectivity-service.enabled
1789846378954	RemoteAgent	DEBUG	Resetting recommended pref network.http.phishy-userpass-length
1789846378954	RemoteAgent	DEBUG	Resetting recommended pref network.http.prompt-temp-redirect
1789846378954	RemoteAgent	DEBUG	Resetting recommended pref privacy.trackingprotection.enabled
1789846378954	RemoteAgent	DEBUG	Resetting recommended pref remote.prefs.recommended.applied
1789846378954	RemoteAgent	DEBUG	Resetting recommended pref security.fileuri.strict_origin_policy
1789846378954	RemoteAgent	DEBUG	Resetting recommended pref security.notification_enable_delay
1789846378954	RemoteAgent	DEBUG	Resetting recommended pref security.remote_settings.intermediates.enabled
1789846378954	RemoteAgent	DEBUG	Resetting recommended pref services.settings.loglevel
1789846378954	RemoteAgent	DEBUG	Resetting recommended pref signon.autofillForms
1789846378954	RemoteAgent	DEBUG	Resetting recommended pref signon.rememberSignons
1789846378954	RemoteAgent	DEBUG	Resetting recommended pref toolkit.telemetry.server
1789846378954	RemoteAgent	DEBUG	Resetting recommended pref widget.windows.window_occlusion_tracking.enabled
1789846378962	Marionette	DEBUG	Marionette stopped listening
console.error: "Failed to fetch https://ads.mozilla.org/v1/delete_user:" "NetworkError when attempting to fetch resource."
console.warn: TopSitesFeed: Failed to fetch data from MARS server: NetworkError when attempting to fetch resource.
1789846378967	Marionette	DEBUG	0 <- [1,10,null,{"cause":"shutdown","forced":false,"in_app":true}]
1789846378969	webdriver::server	DEBUG	Teardown session
1789846378969	geckodriver::marionette	DEBUG	To store minidump files of Firefox crashes the MINIDUMP_SAVE_PATH environment variable needs to be set.
1789846378969	Marionette	DEBUG	Closed connection 0
[Parent 18118, IPC I/O Parent] WARNING: process 18125 exited with status 1: file /builds/worker/checkouts/gecko/ipc/chromium/src/chrome/common/process_watcher_posix_sigchld.cc:128
[Parent 18118, IPC I/O Parent] WARNING: process 18123 exited with status 1: file /builds/worker/checkouts/gecko/ipc/chromium/src/chrome/common/process_watcher_posix_sigchld.cc:128
1789846379070	geckodriver::browser	DEBUG	Browser process stopped: exit status: 0
1789846379070	webdriver::server	DEBUG	<- 200 OK {"value":null}
1789846379071	webdriver::server	DEBUG	-> POST /session {"capabilities":{"alwaysMatch":{"browserName":"firefox","acceptInsecureCerts":true,"moz:firefoxOptions":{"bi ... x","args":["-headless","-profile","/var/folders/nd/ks11whcs64b4nsy5xpjvj7540000gn/T/ynx-firefox-provider-hUHzcx/profile"]}}}}
1789846379071	geckodriver::capabilities	DEBUG	Trying to read firefox version from ini files
1789846379071	geckodriver::capabilities	DEBUG	Found version 140.0
1789846379072	geckodriver::browser	DEBUG	Backing up prefs to "/var/folders/nd/ks11whcs64b4nsy5xpjvj7540000gn/T/ynx-firefox-provider-hUHzcx/profile/user.geckodriver_backup"
1789846379073	mozrunner::runner	INFO	Running command: MOZ_CRASHREPORTER="1" MOZ_CRASHREPORTER_NO_REPORT="1" MOZ_CRASHREPORTER_SHUTDOWN="1" "/tmp/ynx-firefox-insta ...  "-profile" "/var/folders/nd/ks11whcs64b4nsy5xpjvj7540000gn/T/ynx-firefox-provider-hUHzcx/profile" "-foreground" "-no-remote"
1789846379073	geckodriver::marionette	DEBUG	Waiting 60s to connect to browser on 127.0.0.1
*** You are running in headless mode.
sandbox_extension_issue_file_to_process failed for /tmp/ynx-firefox-install.Lkf88L/Firefox.app: 1 (Operation not permitted)
console.warn: services.settings: Ignoring preference override of remote settings server
console.warn: services.settings: Allow by setting MOZ_REMOTE_SETTINGS_DEVTOOLS=1 in the environment
1789846379257	Marionette	INFO	Marionette enabled
1789846379258	RemoteAgent	DEBUG	Setting recommended pref apz.content_response_timeout to 60000
1789846379258	RemoteAgent	DEBUG	Setting recommended pref browser.contentblocking.introCount to 99
1789846379258	RemoteAgent	DEBUG	Setting recommended pref browser.download.panel.shown to true
1789846379258	RemoteAgent	DEBUG	Setting recommended pref browser.http.blank_page_with_error_response.enabled to true
1789846379258	RemoteAgent	DEBUG	Setting recommended pref browser.newtabpage.activity-stream.discoverystream.region-weather-config to 
1789846379258	RemoteAgent	DEBUG	Setting recommended pref browser.newtabpage.activity-stream.newtabWallpapers.enabled to false
1789846379258	RemoteAgent	DEBUG	Setting recommended pref browser.newtabpage.activity-stream.showSponsoredTopSites to false
1789846379258	RemoteAgent	DEBUG	Setting recommended pref browser.newtabpage.enabled to false
1789846379258	RemoteAgent	DEBUG	Setting recommended pref browser.pagethumbnails.capturing_disabled to true
1789846379258	RemoteAgent	DEBUG	Setting recommended pref browser.region.network.url to 
1789846379258	RemoteAgent	DEBUG	Setting recommended pref browser.safebrowsing.blockedURIs.enabled to false
1789846379258	RemoteAgent	DEBUG	Setting recommended pref browser.safebrowsing.downloads.enabled to false
1789846379258	RemoteAgent	DEBUG	Setting recommended pref browser.safebrowsing.malware.enabled to false
1789846379258	RemoteAgent	DEBUG	Setting recommended pref browser.safebrowsing.phishing.enabled to false
1789846379258	RemoteAgent	DEBUG	Setting recommended pref browser.search.update to false
1789846379258	RemoteAgent	DEBUG	Setting recommended pref browser.startup.couldRestoreSession.count to -1
1789846379258	RemoteAgent	DEBUG	Setting recommended pref browser.tabs.remote.unloadDelayMs to 0
1789846379258	RemoteAgent	DEBUG	Setting recommended pref browser.tabs.unloadOnLowMemory to false
1789846379258	RemoteAgent	DEBUG	Setting recommended pref browser.tabs.warnOnClose to false
1789846379258	RemoteAgent	DEBUG	Setting recommended pref browser.tabs.warnOnCloseOtherTabs to false
1789846379258	RemoteAgent	DEBUG	Setting recommended pref browser.tabs.warnOnOpen to false
1789846379258	RemoteAgent	DEBUG	Setting recommended pref browser.toolbars.bookmarks.visibility to never
1789846379258	RemoteAgent	DEBUG	Setting recommended pref browser.topsites.contile.enabled to false
1789846379258	RemoteAgent	DEBUG	Setting recommended pref browser.usedOnWindows10.introURL to 
1789846379258	RemoteAgent	DEBUG	Setting recommended pref browser.urlbar.merino.endpointURL to 
1789846379258	RemoteAgent	DEBUG	Setting recommended pref browser.urlbar.suggest.searches to false
1789846379258	RemoteAgent	DEBUG	Setting recommended pref datareporting.policy.dataSubmissionPolicyAccepted to false
1789846379258	RemoteAgent	DEBUG	Setting recommended pref dom.disable_open_during_load to false
1789846379258	RemoteAgent	DEBUG	Setting recommended pref dom.file.createInChild to true
1789846379258	RemoteAgent	DEBUG	Setting recommended pref dom.input_events.security.minNumTicks to 0
1789846379258	RemoteAgent	DEBUG	Setting recommended pref dom.input_events.security.minTimeElapsedInMS to 0
1789846379258	RemoteAgent	DEBUG	Setting recommended pref threads.lower_mainthread_priority_in_background.enabled to false
1789846379258	RemoteAgent	DEBUG	Setting recommended pref dom.ipc.processPriorityManager.enabled to false
1789846379258	RemoteAgent	DEBUG	Setting recommended pref dom.max_chrome_script_run_time to 0
1789846379258	RemoteAgent	DEBUG	Setting recommended pref dom.max_script_run_time to 0
1789846379258	RemoteAgent	DEBUG	Setting recommended pref dom.navigation.navigationRateLimit.count to 0
1789846379258	RemoteAgent	DEBUG	Setting recommended pref dom.push.connection.enabled to false
1789846379258	RemoteAgent	DEBUG	Setting recommended pref dom.screenorientation.allow-lock to true
1789846379258	RemoteAgent	DEBUG	Setting recommended pref dom.successive_dialog_time_limit to 0
1789846379258	RemoteAgent	DEBUG	Setting recommended pref extensions.getAddons.cache.enabled to false
1789846379258	RemoteAgent	DEBUG	Setting recommended pref extensions.getAddons.discovery.api_url to data:, 
1789846379258	RemoteAgent	DEBUG	Setting recommended pref extensions.blocklist.detailsURL to http://%(server)s/extensions-dummy/blocklistDetailsURL
1789846379258	RemoteAgent	DEBUG	Setting recommended pref extensions.blocklist.itemURL to http://%(server)s/extensions-dummy/blocklistItemURL
1789846379258	RemoteAgent	DEBUG	Setting recommended pref extensions.hotfix.url to http://%(server)s/extensions-dummy/hotfixURL
1789846379258	RemoteAgent	DEBUG	Setting recommended pref extensions.systemAddon.update.enabled to false
1789846379258	RemoteAgent	DEBUG	Setting recommended pref extensions.update.background.url to http://%(server)s/extensions-dummy/updateBackgroundURL
1789846379258	RemoteAgent	DEBUG	Setting recommended pref extensions.update.url to http://%(server)s/extensions-dummy/updateURL
1789846379258	RemoteAgent	DEBUG	Setting recommended pref extensions.getAddons.get.url to http://%(server)s/extensions-dummy/repositoryGetURL
1789846379258	RemoteAgent	DEBUG	Setting recommended pref extensions.getAddons.search.browseURL to http://%(server)s/extensions-dummy/repositoryBrowseURL
1789846379258	RemoteAgent	DEBUG	Setting recommended pref geo.provider.network.url to 
1789846379258	RemoteAgent	DEBUG	Setting recommended pref identity.fxaccounts.auth.uri to https://{server}/dummy/fxa
1789846379258	RemoteAgent	DEBUG	Setting recommended pref network.connectivity-service.enabled to false
1789846379258	RemoteAgent	DEBUG	Setting recommended pref network.http.phishy-userpass-length to 255
1789846379258	RemoteAgent	DEBUG	Setting recommended pref network.http.prompt-temp-redirect to false
1789846379258	RemoteAgent	DEBUG	Setting recommended pref privacy.trackingprotection.enabled to false
1789846379258	RemoteAgent	DEBUG	Setting recommended pref remote.prefs.recommended.applied to true
1789846379258	RemoteAgent	DEBUG	Setting recommended pref security.fileuri.strict_origin_policy to false
1789846379258	RemoteAgent	DEBUG	Setting recommended pref security.notification_enable_delay to 0
1789846379258	RemoteAgent	DEBUG	Setting recommended pref security.remote_settings.intermediates.enabled to false
1789846379258	RemoteAgent	DEBUG	Setting recommended pref services.settings.loglevel to off
1789846379258	RemoteAgent	DEBUG	Setting recommended pref signon.autofillForms to false
1789846379258	RemoteAgent	DEBUG	Setting recommended pref signon.rememberSignons to false
1789846379258	RemoteAgent	DEBUG	Setting recommended pref toolkit.telemetry.server to https://%(server)s/telemetry-dummy/
1789846379258	RemoteAgent	DEBUG	Setting recommended pref widget.windows.window_occlusion_tracking.enabled to false
sandbox_extension_issue_file_to_process failed for /tmp/ynx-firefox-install.Lkf88L/Firefox.app/Contents/MacOS/plugin-container.app: 1 (Operation not permitted)
1789846379346	Marionette	INFO	Listening on port 60760
1789846379346	Marionette	DEBUG	Marionette is listening
Read port: 60760
sandbox_extension_issue_file_to_process failed for /tmp/ynx-firefox-install.Lkf88L/Firefox.app/Contents/MacOS/plugin-container.app: 1 (Operation not permitted)
1789846379442	Marionette	DEBUG	Accepted connection 0 from 127.0.0.1:60763
1789846379443	geckodriver::marionette	DEBUG	Connection to Marionette established on 127.0.0.1:60760.
1789846379445	Marionette	DEBUG	0 -> [0,1,"WebDriver:NewSession",{"acceptInsecureCerts":true,"browserName":"firefox"}]
1789846379446	RemoteAgent	WARN	TLS certificate errors will be ignored for this session
1789846379446	Marionette	DEBUG	Waiting for initial application window
[GFX1-]: RenderCompositorSWGL failed mapping default framebuffer, no dt
console.error: (new NotAllowedError("Could not create directory `/Users/huangjiahao/Library/Application Support/Firefox/Profile Groups' (NS_ERROR_FILE_ACCESS_DENIED)", (void 0)))
console.error: (new NotAllowedError("Could not create directory `/Users/huangjiahao/Library/Application Support/Firefox/Profile Groups' (NS_ERROR_FILE_ACCESS_DENIED)", (void 0)))
console.error: ExperimentAPI: 
  Failed to initialize ExperimentStore:
  Message: TypeError: can't access property "execute", conn is null
  Stack:
    _reportStartupDatabaseConsistency@resource://nimbus/lib/ExperimentStore.sys.mjs:684:18

sandbox_extension_issue_file_to_process failed for /tmp/ynx-firefox-install.Lkf88L/Firefox.app/Contents/MacOS/plugin-container.app: 1 (Operation not permitted)
sandbox_extension_issue_file_to_process failed for /tmp/ynx-firefox-install.Lkf88L/Firefox.app/Contents/MacOS/plugin-container.app: 1 (Operation not permitted)
console.warn: RSLoader: Recipe hnt-wattle-wcw-pref-flip-jul-22 not returned from collection nimbus-secure-experiments because it contains feature newtabTrainhop, which is disallowed for that collection.
console.warn: RSLoader: Recipe hnt-wattle-wcw-pref-flip-jul-22-v2 not returned from collection nimbus-secure-experiments because it contains feature newtabTrainhop, which is disallowed for that collection.
console.warn: RSLoader: Recipe new-tab-15482026071643450-to-release-only-152 not returned from collection nimbus-secure-experiments because it contains feature newtabTrainhopAddon, which is disallowed for that collection.
console.warn: RSLoader: Recipe new-tab-155120260811195042-to-release-only-153 not returned from collection nimbus-secure-experiments because it contains feature newtabTrainhopAddon, which is disallowed for that collection.
console.warn: RSLoader: Recipe new-tab-15612026081843226-to-release-154 not returned from collection nimbus-secure-experiments because it contains feature newtabTrainhopAddon, which is disallowed for that collection.
console.warn: RSLoader: Recipe new-tab-15622026082460102-to-release-15401 not returned from collection nimbus-secure-experiments because it contains feature newtabTrainhopAddon, which is disallowed for that collection.
console.warn: RSLoader: Recipe new-tab-157020260831183837-to-release-155-addondeployment not returned from collection nimbus-secure-experiments because it contains feature newtabTrainhopAddonDeployment, which is disallowed for that collection.
console.warn: RSLoader: Recipe new-tab-158020260913220257-to-release-156 not returned from collection nimbus-secure-experiments because it contains feature newtabTrainhopAddonDeployment, which is disallowed for that collection.
console.error: (new NotAllowedError("Could not create directory `/Users/huangjiahao/Library/Application Support/Firefox/Profile Groups' (NS_ERROR_FILE_ACCESS_DENIED)", (void 0)))
console.error: NimbusMigrations: 
  applyMigrations: error running migration 1 (import-enrollments-to-sql): TypeError: can't access property "executeTransaction", conn is null
console.error: (new NotAllowedError("Could not create directory `/Users/huangjiahao/Library/Application Support/Firefox/Profile Groups' (NS_ERROR_FILE_ACCESS_DENIED)", (void 0)))
console.error: CustomizableUI: 
  Could not localize property 'fxms-bmb-button.tooltiptext'.
1789846379691	Marionette	DEBUG	0 <- [1,1,null,{"sessionId":"4ca08f8f-31bc-4ec7-b840-4ac3973cafd5","capabilities":{"acceptInsecureCerts":true,"browserName":"firefox","browserVersion":"140.0","platformName":"mac","unhandledPromptBehavior":"dismiss and notify","userAgent":"Mozilla/5.0 (Macintosh; Intel Mac OS X 10.15; rv:140.0) Gecko/20100101 Firefox/140.0","moz:buildID":"20250616215311","moz:headless":true,"moz:platformVersion":"27.0.0","moz:processID":18131,"moz:profile":"/var/folders/nd/ks11whcs64b4nsy5xpjvj7540000gn/T/ynx-firefox-provider-hUHzcx/profile","moz:shutdownTimeout":60000,"pageLoadStrategy":"normal","timeouts":{"implicit":0,"pageLoad":300000,"script":30000},"setWindowRect":true,"strictFileInteractability":false,"moz:accessibilityChecks":false,"moz:webdriverClick":true,"moz:windowless":false,"proxy":{}}}]
1789846379692	webdriver::server	DEBUG	<- 200 OK {"value":{"sessionId":"4ca08f8f-31bc-4ec7-b840-4ac3973cafd5","capabilities":{"acceptInsecureCerts":true,"browserNam ... r":"dismiss and notify","userAgent":"Mozilla/5.0 (Macintosh; Intel Mac OS X 10.15; rv:140.0) Gecko/20100101 Firefox/140.0"}}}
1789846379693	webdriver::server	DEBUG	-> POST /session/4ca08f8f-31bc-4ec7-b840-4ac3973cafd5/timeouts {"script":8000,"pageLoad":12000,"implicit":0}
1789846379694	Marionette	DEBUG	0 -> [0,2,"WebDriver:SetTimeouts",{"implicit":0,"pageLoad":12000,"script":8000}]
1789846379694	Marionette	DEBUG	0 <- [1,2,null,{"value":null}]
1789846379694	webdriver::server	DEBUG	<- 200 OK {"value":null}
1789846379695	webdriver::server	DEBUG	-> POST /session/4ca08f8f-31bc-4ec7-b840-4ac3973cafd5/url {"url":"https://127.0.0.1:60743/"}
1789846379695	Marionette	DEBUG	0 -> [0,3,"WebDriver:Navigate",{"url":"https://127.0.0.1:60743/"}]
sandbox_extension_issue_file_to_process failed for /tmp/ynx-firefox-install.Lkf88L/Firefox.app/Contents/MacOS/plugin-container.app: 1 (Operation not permitted)
[WARN  rkv::backend::impl_safe::environment] `load_ratio()` is irrelevant for this storage backend.
1789846379807	Marionette	DEBUG	0 <- [1,3,null,{"value":null}]
1789846379809	webdriver::server	DEBUG	<- 200 OK {"value":null}
console.error: [Exception... "Component returned failure code: 0x80040111 (NS_ERROR_NOT_AVAILABLE) [nsIContentSniffer.getMIMETypeFromContent]"  nsresult: "0x80040111 (NS_ERROR_NOT_AVAILABLE)"  location: "JS frame :: resource:///modules/FaviconLoader.sys.mjs :: onStopRequest :: line 300"  data: no]
1789846380414	webdriver::server	DEBUG	-> POST /session/4ca08f8f-31bc-4ec7-b840-4ac3973cafd5/execute/sync {"script":"const page=window.wrappedJSObject||window;const ... ozen(foreign.providers)&&foreign.providers.length===1,restartMarker:localStorage.getItem('ynx.fixture.restart')};","args":[]}
1789846380414	Marionette	DEBUG	0 -> [0,4,"WebDriver:ExecuteScript",{"args":[],"script":"const page=window.wrappedJSObject||window;const f=page.__YNX_EIP6963_FIXTURE__,foreign=page.__YNX_FOREIGN_FIXTURE__;const ite ... &Object.isFrozen(foreign.providers)&&foreign.providers.length===1,restartMarker:localStorage.getItem('ynx.fixture.restart')};"}]
1789846380419	Marionette	DEBUG	0 <- [1,4,null,{"value":{"url":"https://127.0.0.1:60743/","matchingCount":0,"foreignUnchanged":true,"restartMarker":"retained"}}]
1789846380419	webdriver::server	DEBUG	<- 200 OK {"value":{"foreignUnchanged":true,"matchingCount":0,"restartMarker":"retained","url":"https://127.0.0.1:60743/"}}
1789846380420	webdriver::server	DEBUG	-> POST /session/4ca08f8f-31bc-4ec7-b840-4ac3973cafd5/moz/addon/install {"path":"/var/folders/nd/ks11whcs64b4nsy5xpjvj7540000gn/T/ynx-firefox-provider-hUHzcx/wallet.zip","temporary":true}
1789846380420	Marionette	DEBUG	0 -> [0,5,"Addon:Install",{"path":"/var/folders/nd/ks11whcs64b4nsy5xpjvj7540000gn/T/ynx-firefox-provider-hUHzcx/wallet.zip","temporary":true}]
1789846380459	Marionette	DEBUG	0 <- [1,5,null,{"value":"wallet-testnet@ynxweb4.com"}]
1789846380460	webdriver::server	DEBUG	<- 200 OK {"value":"wallet-testnet@ynxweb4.com"}
sandbox_extension_issue_file_to_process failed for /tmp/ynx-firefox-install.Lkf88L/Firefox.app/Contents/MacOS/plugin-container.app: 1 (Operation not permitted)
1789846380461	webdriver::server	DEBUG	-> POST /session/4ca08f8f-31bc-4ec7-b840-4ac3973cafd5/url {"url":"https://127.0.0.1:60743/?second-launch"}
1789846380462	Marionette	DEBUG	0 -> [0,6,"WebDriver:Navigate",{"url":"https://127.0.0.1:60743/?second-launch"}]
1789846380476	Marionette	DEBUG	0 <- [1,6,null,{"value":null}]
1789846380477	webdriver::server	DEBUG	<- 200 OK {"value":null}
1789846380478	webdriver::server	DEBUG	-> POST /session/4ca08f8f-31bc-4ec7-b840-4ac3973cafd5/execute/sync {"script":"const page=window.wrappedJSObject||window;const ... ozen(foreign.providers)&&foreign.providers.length===1,restartMarker:localStorage.getItem('ynx.fixture.restart')};","args":[]}
1789846380479	Marionette	DEBUG	0 -> [0,7,"WebDriver:ExecuteScript",{"args":[],"script":"const page=window.wrappedJSObject||window;const f=page.__YNX_EIP6963_FIXTURE__,foreign=page.__YNX_FOREIGN_FIXTURE__;const ite ... &Object.isFrozen(foreign.providers)&&foreign.providers.length===1,restartMarker:localStorage.getItem('ynx.fixture.restart')};"}]
console.error: [Exception... "Component returned failure code: 0x80040111 (NS_ERROR_NOT_AVAILABLE) [nsIContentSniffer.getMIMETypeFromContent]"  nsresult: "0x80040111 (NS_ERROR_NOT_AVAILABLE)"  location: "JS frame :: resource:///modules/FaviconLoader.sys.mjs :: onStopRequest :: line 300"  data: no]
1789846380480	Marionette	DEBUG	0 <- [1,7,null,{"value":{"url":"https://127.0.0.1:60743/?second-launch","matchingCount":1,"foreignUnchanged":true,"restartMarker":"retained"}}]
1789846380480	webdriver::server	DEBUG	<- 200 OK {"value":{"foreignUnchanged":true,"matchingCount":1,"restartMarker":"retained","url":"https://127.0.0.1:60743/?second-launch"}}
1789846380481	webdriver::server	DEBUG	-> POST /session/4ca08f8f-31bc-4ec7-b840-4ac3973cafd5/execute/async {"script":"const done=arguments[arguments.length-1],page= ... allet,isMetaMask:item.provider.isMetaMask})).catch(error=>done({error:{code:error.code,message:error.message}}));","args":[]}
1789846380481	Marionette	DEBUG	0 -> [0,8,"WebDriver:ExecuteAsyncScript",{"args":[],"script":"const done=arguments[arguments.length-1],page=window.wrappedJSObject||window,item=page.__YNX_EIP6963_FIXTURE__.announcements. ... vider.isYNXWallet,isMetaMask:item.provider.isMetaMask})).catch(error=>done({error:{code:error.code,message:error.message}}));"}]
1789846380494	Marionette	DEBUG	0 <- [1,8,null,{"value":{"chainId":"0x1917","info":{"uuid":"6f4e2a77-7878-4f29-9c0d-191700000001","name":"YNX Wallet","rdns":"com.ynx.wallet"},"isYNXWallet":true,"isMetaMask":false}}]
sandbox_extension_issue_file_to_process failed for /tmp/ynx-firefox-install.Lkf88L/Firefox.app/Contents/MacOS/plugin-container.app: 1 (Operation not permitted)
1789846380494	webdriver::server	DEBUG	<- 200 OK {"value":{"chainId":"0x1917","info":{"name":"YNX Wallet","rdns":"com.ynx.wallet","uuid":"6f4e2a77-7878-4f29-9c0d-191700000001"},"isMetaMask":false,"isYNXWallet":true}}
1789846380495	webdriver::server	DEBUG	-> DELETE /session/4ca08f8f-31bc-4ec7-b840-4ac3973cafd5 
1789846380496	Marionette	DEBUG	0 -> [0,9,"Marionette:Quit",{"flags":["eForceQuit"]}]
1789846380496	Marionette	INFO	Stopped listening on port 60760
sandbox_extension_issue_file_to_process failed for /tmp/ynx-firefox-install.Lkf88L/Firefox.app/Contents/MacOS/plugin-container.app: 1 (Operation not permitted)
1789846380574	RemoteAgent	DEBUG	Resetting recommended pref apz.content_response_timeout
1789846380574	RemoteAgent	DEBUG	Resetting recommended pref browser.contentblocking.introCount
1789846380574	RemoteAgent	DEBUG	Resetting recommended pref browser.download.panel.shown
1789846380574	RemoteAgent	DEBUG	Resetting recommended pref browser.http.blank_page_with_error_response.enabled
1789846380574	RemoteAgent	DEBUG	Resetting recommended pref browser.newtabpage.activity-stream.discoverystream.region-weather-config
1789846380574	RemoteAgent	DEBUG	Resetting recommended pref browser.newtabpage.activity-stream.newtabWallpapers.enabled
1789846380575	RemoteAgent	DEBUG	Resetting recommended pref browser.newtabpage.activity-stream.showSponsoredTopSites
1789846380575	RemoteAgent	DEBUG	Resetting recommended pref browser.newtabpage.enabled
1789846380575	RemoteAgent	DEBUG	Resetting recommended pref browser.pagethumbnails.capturing_disabled
1789846380575	RemoteAgent	DEBUG	Resetting recommended pref browser.region.network.url
1789846380575	RemoteAgent	DEBUG	Resetting recommended pref browser.safebrowsing.blockedURIs.enabled
1789846380576	RemoteAgent	DEBUG	Resetting recommended pref browser.safebrowsing.downloads.enabled
1789846380578	RemoteAgent	DEBUG	Resetting recommended pref browser.safebrowsing.malware.enabled
1789846380578	RemoteAgent	DEBUG	Resetting recommended pref browser.safebrowsing.phishing.enabled
1789846380579	RemoteAgent	DEBUG	Resetting recommended pref browser.search.update
1789846380579	RemoteAgent	DEBUG	Resetting recommended pref browser.startup.couldRestoreSession.count
1789846380579	RemoteAgent	DEBUG	Resetting recommended pref browser.tabs.remote.unloadDelayMs
1789846380579	RemoteAgent	DEBUG	Resetting recommended pref browser.tabs.unloadOnLowMemory
1789846380579	RemoteAgent	DEBUG	Resetting recommended pref browser.tabs.warnOnClose
1789846380579	RemoteAgent	DEBUG	Resetting recommended pref browser.tabs.warnOnCloseOtherTabs
1789846380579	RemoteAgent	DEBUG	Resetting recommended pref browser.tabs.warnOnOpen
1789846380579	RemoteAgent	DEBUG	Resetting recommended pref browser.toolbars.bookmarks.visibility
1789846380579	RemoteAgent	DEBUG	Resetting recommended pref browser.topsites.contile.enabled
1789846380580	RemoteAgent	DEBUG	Resetting recommended pref browser.usedOnWindows10.introURL
1789846380580	RemoteAgent	DEBUG	Resetting recommended pref browser.urlbar.merino.endpointURL
1789846380580	RemoteAgent	DEBUG	Resetting recommended pref browser.urlbar.suggest.searches
1789846380581	RemoteAgent	DEBUG	Resetting recommended pref datareporting.policy.dataSubmissionPolicyAccepted
1789846380581	RemoteAgent	DEBUG	Resetting recommended pref dom.disable_open_during_load
1789846380581	RemoteAgent	DEBUG	Resetting recommended pref dom.file.createInChild
1789846380581	RemoteAgent	DEBUG	Resetting recommended pref dom.input_events.security.minNumTicks
1789846380581	RemoteAgent	DEBUG	Resetting recommended pref dom.input_events.security.minTimeElapsedInMS
1789846380581	RemoteAgent	DEBUG	Resetting recommended pref threads.lower_mainthread_priority_in_background.enabled
1789846380581	RemoteAgent	DEBUG	Resetting recommended pref dom.ipc.processPriorityManager.enabled
1789846380581	RemoteAgent	DEBUG	Resetting recommended pref dom.max_chrome_script_run_time
1789846380581	RemoteAgent	DEBUG	Resetting recommended pref dom.max_script_run_time
1789846380581	RemoteAgent	DEBUG	Resetting recommended pref dom.navigation.navigationRateLimit.count
1789846380581	RemoteAgent	DEBUG	Resetting recommended pref dom.push.connection.enabled
1789846380581	RemoteAgent	DEBUG	Resetting recommended pref dom.screenorientation.allow-lock
1789846380581	RemoteAgent	DEBUG	Resetting recommended pref dom.successive_dialog_time_limit
1789846380581	RemoteAgent	DEBUG	Resetting recommended pref extensions.getAddons.cache.enabled
1789846380581	RemoteAgent	DEBUG	Resetting recommended pref extensions.getAddons.discovery.api_url
1789846380581	RemoteAgent	DEBUG	Resetting recommended pref extensions.blocklist.detailsURL
1789846380581	RemoteAgent	DEBUG	Resetting recommended pref extensions.blocklist.itemURL
1789846380581	RemoteAgent	DEBUG	Resetting recommended pref extensions.hotfix.url
1789846380581	RemoteAgent	DEBUG	Resetting recommended pref extensions.systemAddon.update.enabled
1789846380581	RemoteAgent	DEBUG	Resetting recommended pref extensions.update.background.url
1789846380581	RemoteAgent	DEBUG	Resetting recommended pref extensions.update.url
1789846380582	RemoteAgent	DEBUG	Resetting recommended pref extensions.getAddons.get.url
1789846380582	RemoteAgent	DEBUG	Resetting recommended pref extensions.getAddons.search.browseURL
1789846380582	RemoteAgent	DEBUG	Resetting recommended pref geo.provider.network.url
1789846380582	RemoteAgent	DEBUG	Resetting recommended pref identity.fxaccounts.auth.uri
1789846380582	RemoteAgent	DEBUG	Resetting recommended pref network.connectivity-service.enabled
1789846380582	RemoteAgent	DEBUG	Resetting recommended pref network.http.phishy-userpass-length
1789846380582	RemoteAgent	DEBUG	Resetting recommended pref network.http.prompt-temp-redirect
1789846380582	RemoteAgent	DEBUG	Resetting recommended pref privacy.trackingprotection.enabled
1789846380582	RemoteAgent	DEBUG	Resetting recommended pref remote.prefs.recommended.applied
1789846380582	RemoteAgent	DEBUG	Resetting recommended pref security.fileuri.strict_origin_policy
1789846380582	RemoteAgent	DEBUG	Resetting recommended pref security.notification_enable_delay
1789846380582	RemoteAgent	DEBUG	Resetting recommended pref security.remote_settings.intermediates.enabled
1789846380582	RemoteAgent	DEBUG	Resetting recommended pref services.settings.loglevel
1789846380582	RemoteAgent	DEBUG	Resetting recommended pref signon.autofillForms
1789846380582	RemoteAgent	DEBUG	Resetting recommended pref signon.rememberSignons
1789846380582	RemoteAgent	DEBUG	Resetting recommended pref toolkit.telemetry.server
1789846380582	RemoteAgent	DEBUG	Resetting recommended pref widget.windows.window_occlusion_tracking.enabled
console.error: "Failed to fetch https://ads.mozilla.org/v1/delete_user:" "NetworkError when attempting to fetch resource."
1789846380591	Marionette	DEBUG	Marionette stopped listening
console.warn: TopSitesFeed: Failed to fetch data from MARS server: NetworkError when attempting to fetch resource.
1789846380603	Marionette	DEBUG	0 <- [1,9,null,{"cause":"shutdown","forced":false,"in_app":true}]
1789846380604	webdriver::server	DEBUG	Teardown session
1789846380604	geckodriver::marionette	DEBUG	To store minidump files of Firefox crashes the MINIDUMP_SAVE_PATH environment variable needs to be set.
1789846380605	Marionette	DEBUG	Closed connection 0
[Parent 18131, IPC I/O Parent] WARNING: process 18140 exited with status 1: file /builds/worker/checkouts/gecko/ipc/chromium/src/chrome/common/process_watcher_posix_sigchld.cc:128
[Parent 18131, IPC I/O Parent] WARNING: process 18137 exited with status 1: file /builds/worker/checkouts/gecko/ipc/chromium/src/chrome/common/process_watcher_posix_sigchld.cc:128
1789846380714	geckodriver::browser	DEBUG	Browser process stopped: exit status: 0
1789846380715	webdriver::server	DEBUG	<- 200 OK {"value":null}
