
> check
> node --check app.js && node --check business-wire.js && node --check product-session.js && node --check video-api.js && node --check watch-progress.js && node --check wallet-callback.js && node --check i18n.js && node --check wallet-connection.js && node --check ynx-dapp-connect-sdk/provider.js && node --check scripts/verify-public-browser.mjs && node --check scripts/video-retained-evidence-guard.mjs && node --check scripts/video-retained-takeover-transport.mjs && bash -n scripts/video-retained-takeover-preflight.sh scripts/invoke-video-retained-takeover-preflight-after-lease.local.sh && node --test business-wire.test.mjs connection-attempt.test.mjs watch-progress.test.mjs guest-navigation.test.mjs i18n-navigation.test.mjs product-session.test.mjs session-boundaries.test.mjs app.test.mjs runtime.test.mjs controlled-takeover.test.mjs retained-evidence-guard.test.mjs retained-takeover-transport.test.mjs retained-takeover-preflight.test.mjs emergency-recovery.test.mjs browser-acceptance.test.mjs && node i18n-check.mjs

✔ removed or absent Wallet cannot reject guest startup (2.342709ms)
✔ restore binds provider method receiver and performs read-only calls (2.85675ms)
✔ same-label replacement provider is not silently restored (0.908083ms)
✔ locked, switched-account and wrong-chain providers leave restore disconnected (5.650209ms)
✔ stalled and rejected provider reads cannot indefinitely block guest startup (9.67375ms)
✔ viewer exposes complete truthful interaction paths (4.926625ms)
✔ accepted browser-safe SDK modules remain byte exact (5.636291ms)
✔ Video has one strict 6423 Testnet configuration and excludes legacy ingress (7.136667ms)
✔ YNX EIP-6963 provider is preferred and switches to 0x1917 (1.721875ms)
✔ missing Wallet fails with exact official installation choices (1.935875ms)
✔ late YNX and MetaMask providers remain distinct without requesting accounts (20.816042ms)
✔ late root injection and no-provider state are classified without navigation (23.243792ms)
✔ public browser acceptance is source-bound and non-sensitive (64.32025ms)
✔ actual upload multipart serialization signs exact final bytes and preserves its boundary (21.36775ms)
✔ large complete multipart uses digest commitment, never expanded JSON (59.058791ms)
✔ asset route caps, invalid body and abort fail before sign (15.940708ms)
✔ legacy SDK cannot silently substitute introspection for body proof (0.192459ms)
✔ Video immutable byte snapshot and stable idempotency survive retry with fresh action proofs (2.32375ms)
✔ Video transport invokes synchronously, releases cancelled and late connections, and rejects late identity (2.332083ms)
✔ Video real 15 second deadline settles an ignored transport, safe cleanup and new attempt succeed (15000.67875ms)
✔ Creator Studio transport invokes synchronously, releases cancelled and late connections, and rejects late identity (0.950375ms)
✔ Creator Studio real 15 second deadline settles an ignored transport, safe cleanup and new attempt succeed (15000.469917ms)
✔ controlled takeover freezes predecessor, switches once, and restores a verified legacy successor (3206.40425ms)
✔ controlled takeover failure at stop preserves or restores exact legacy service (1749.249208ms)
✔ controlled takeover failure at port preserves or restores exact legacy service (2211.992125ms)
✔ controlled takeover failure at bootstrap preserves or restores exact legacy service (2322.052708ms)
✔ controlled takeover failure at post preserves or restores exact legacy service (2501.078584ms)
✔ controlled takeover lock rejects a concurrent executor before service mutation (627.393625ms)
✔ controlled takeover rejects retained evidence foreign sibling before lifecycle or deletion (497.47325ms)
✔ controlled takeover rejects retained evidence same-byte replacement before lifecycle or deletion (497.767625ms)
✔ controlled takeover rejects retained evidence symlink replacement before lifecycle or deletion (514.767375ms)
✔ controlled takeover rejects retained evidence hardlink replacement before lifecycle or deletion (521.340791ms)
✔ controlled takeover rejects retained evidence directory-only sibling before lifecycle or deletion (520.147542ms)
✔ controlled takeover rejects a post-validation retained evidence race before lifecycle or receipt creation (840.554167ms)
✔ emergency recovery atomically restores only legacy apps/video (1703.258916ms)
✔ failed emergency recovery removes only the exact new subtree (1767.217958ms)
✔ failed emergency recovery refuses to delete a same-byte replacement inode (1526.355042ms)
✔ actual shell transport preserves a link tuple containing spaces (1514.373875ms)
✔ opening a video deep link also loads the catalog so closing returns to usable content (6.470209ms)
✔ a late translation apply cannot replace the actual channel heading with Discover (2.806375ms)
✔ deep-link playback starts while the catalog is pending and closing recovers when it arrives (2.221125ms)
✔ channel navigation ends its own loading state and ignores an older catalog response (1.148708ms)
✔ a failed channel request clears loading without letting a late error replace a newer view (1.204209ms)
✔ two tabs showing Subscribe both set the desired state instead of undoing each other (4.988208ms)
✔ an older subscription read cannot replace the result of a newer explicit action (1.035458ms)
✔ sign-out immediately hides private library while revoke is pending, and a late restore cannot reconnect (1.587709ms)
✔ a late private playlist response cannot reopen its picker after sign-out (1.992417ms)
✔ restored pending logout has only explicit retry and never starts new approval (1.659542ms)
✔ a sign-in racing initial restore still exposes SDK pending logout retry (2.1515ms)
✔ a browser launch route is an unsigned guest request, not proof that the native Wallet is absent (0.891292ms)
✔ a confirmed sign-out and subsequent browser restore keep retry and sign-out controls hidden (0.813ms)
✔ actual network failures and revocation intents retain explicit retry even beside a native detection route (0.746459ms)
✔ a recoverable sign-in error opens the chooser and the selected native request has its own launch link (0.865459ms)
✔ language selection updates an existing URL override to en without losing the video deep link (1.239833ms)
✔ language selection updates an existing URL override to zh-CN without losing the video deep link (0.352167ms)
✔ language selection updates an existing URL override to zh-TW without losing the video deep link (0.247584ms)
✔ language selection updates an existing URL override to ja without losing the video deep link (0.227125ms)
✔ language selection updates an existing URL override to ko without losing the video deep link (0.397792ms)
✔ language selection updates an existing URL override to es without losing the video deep link (0.278333ms)
✔ language selection updates an existing URL override to fr without losing the video deep link (1.226584ms)
✔ language selection updates an existing URL override to de without losing the video deep link (0.188583ms)
✔ language selection updates an existing URL override to pt without losing the video deep link (0.232791ms)
✔ language selection updates an existing URL override to ru without losing the video deep link (0.344125ms)
✔ language selection updates an existing URL override to ar without losing the video deep link (0.139584ms)
✔ language selection updates an existing URL override to id without losing the video deep link (0.071333ms)
✔ Video uses the frozen browser SDK with exact Video registration and honest browser storage (7.826209ms)
✔ product preparation protects pending request before explicit link and never asserts installation (2.975083ms)
✔ wrong web origin stops before registry, SDK initialization and Gateway requests (0.45625ms)
✔ callback, restore and disconnect use SDK authority while private scopes remain route specific (0.585958ms)
✔ Video scope allowlist rejects Creator reads, moderation and unknown mutation paths (0.869583ms)
✔ public API starts without awaiting or attaching a Product Session (43.541791ms)
✔ network retry generates fresh device proof with stable idempotency key and immutable body (0.45925ms)
✔ private credentials never go to an overridden origin and rejected authority clears private UI (1.680667ms)
✔ watch progress excludes guest playback and seeking; failed persistence retains real elapsed time (2.505458ms)
✔ preparation retains the SDK pending logout state so the UI can expose explicit retry (0.547834ms)
✔ native resume never re-prepares before callback storage exists; matched state still requires SDK restore (0.373292ms)
✔ retained evidence exact inventory is readable (23.133875ms)
▶ foreign sibling, replacement, symlink, hardlink and directory-only mutations preserve all retained entries
  ✔ foreign sibling (6.440042ms)
  ✔ same-byte replacement inode (9.938083ms)
  ✔ symlink replacement (9.467416ms)
  ✔ hardlink replacement (6.256791ms)
  ✔ directory-only sibling (6.547041ms)
✔ foreign sibling, replacement, symlink, hardlink and directory-only mutations preserve all retained entries (40.2295ms)
✔ preflight captures one byte-preserving HTTP response for bytes, SHA and base64 (282.512ms)
✔ preflight canonical base64 preserves an embedded NUL byte (263.807875ms)
✔ transport places exact three-object carrier, observes it and cleans only its root (50.07875ms)
✔ transport placement failure removes only its exact stage and preserves parent siblings (8.89975ms)
✔ transport prewrite failure removes only its exact stage and preserves parent siblings (11.906083ms)
✔ transport refuses cleanup before deleting owned bytes when a foreign stage child appears (7.486417ms)
✔ transport refuses cleanup before deleting anything after a same-byte inode replacement (7.366333ms)
✔ runtime topology isolates Viewer 6494 from API 6493 and Creator 6495 (0.51925ms)
✔ post-P0-239 recovery baseline freezes exact legacy rollback and isolated successor topology (0.606667ms)
✔ self-contained server serves the public /video path without a shared release symlink (100.387083ms)
✔ same-origin API proxy preserves queries, media ranges and unavailable state (85.091417ms)
✔ API proxy refuses a non-loopback upstream (53.829709ms)
✔ runtime carrier rebuild is byte-identical and normalized (1043.715542ms)
✔ actual shell deploy and rollback touch only isolated Viewer binding (1717.608084ms)
✔ post-switch Viewer failure automatically restores the exact predecessor and preserves API and Creator (1678.206ms)
✔ executor refuses the shared Video current path (3.929208ms)
✔ actual shell bootstrap creates an absent dedicated predecessor, supports switch rollback, and removes only its own state (2384.083334ms)
✔ failed first bootstrap returns dedicated root and unit to exact absence (1060.588209ms)
✔ account changes during proof generation prevent a private mutation from reaching the service (22.498208ms)
✔ an old 401 arriving after a new account cannot invalidate the new account (2.306291ms)
✔ video callback resumes the original view only for the matching verified session (1.369ms)
✔ creator-studio callback resumes the original view only for the matching verified session (0.4595ms)
✔ cross-tab hints deduplicate the two browser transports and contain no account or proof (1.349333ms)
✔ cancellation settles an uncooperative private authorization without emitting a request (0.499916ms)
✔ cancellation settles an uncooperative network without invalidating another account (0.430125ms)
✔ cancellation settles an uncooperative body without invalidating another account (0.15225ms)
✔ the complete Video request has the real 15 second authority deadline (15002.587625ms)
✔ unbounded responses and foreign response locations are rejected before use (1.647375ms)
✔ ending during a pending ordinary flush persists completion for the same playback exactly once (3.510916ms)
✔ a lost response after service commit reuses the exact mutation across API retries and later flushes (21.78375ms)
✔ an unreadable success response retains the same batch until a valid acknowledgement (0.416083ms)
✔ failed completion retains its immutable zero-second batch and key for retry (0.158875ms)
✔ discard while a request is pending cancels queued completion and never restores accumulated playback (0.919916ms)
✔ guests, seeking and unobserved time cannot create completion records (0.184458ms)
✔ long playback automatically saves two observed checkpoints as one playback with separate batches (2.837334ms)
✔ automatic failures are throttled by newly observed playback and retry the immutable batch (1.573709ms)
✔ discard prevents periodic work and suppresses an older automatic failure (1.979084ms)
✔ a retained automatic failure cannot retry from paused playback or seeking (2.809125ms)
ℹ tests 121
ℹ suites 0
ℹ pass 121
ℹ fail 0
ℹ cancelled 0
ℹ skipped 0
ℹ todo 0
ℹ duration_ms 30076.034916
i18n audit passed: 12 locales, 22 exact keys, RTL and critical semantics
