
> check
> node --check app.js && node --check product-session.js && node --check video-api.js && node --check watch-progress.js && node --check wallet-callback.js && node --check i18n.js && node --check wallet-connection.js && node --check ynx-dapp-connect-sdk/provider.js && node --check scripts/verify-public-browser.mjs && node --check scripts/video-retained-evidence-guard.mjs && node --check scripts/video-retained-takeover-transport.mjs && bash -n scripts/video-retained-takeover-preflight.sh scripts/invoke-video-retained-takeover-preflight-after-lease.local.sh && node --test watch-progress.test.mjs guest-navigation.test.mjs i18n-navigation.test.mjs product-session.test.mjs session-boundaries.test.mjs app.test.mjs runtime.test.mjs controlled-takeover.test.mjs retained-evidence-guard.test.mjs retained-takeover-transport.test.mjs retained-takeover-preflight.test.mjs emergency-recovery.test.mjs browser-acceptance.test.mjs && node i18n-check.mjs

✔ removed or absent Wallet cannot reject guest startup (4.273667ms)
✔ restore binds provider method receiver and performs read-only calls (1.719459ms)
✔ same-label replacement provider is not silently restored (1.24075ms)
✔ locked, switched-account and wrong-chain providers leave restore disconnected (4.168458ms)
✔ stalled and rejected provider reads cannot indefinitely block guest startup (7.298209ms)
✔ viewer exposes complete truthful interaction paths (3.332333ms)
✔ accepted browser-safe SDK modules remain byte exact (6.88825ms)
✔ Video has one strict 6423 Testnet configuration and excludes legacy ingress (1.614541ms)
✔ YNX EIP-6963 provider is preferred and switches to 0x1917 (2.108584ms)
✔ missing Wallet fails with exact official installation choices (1.977958ms)
✔ late YNX and MetaMask providers remain distinct without requesting accounts (20.79475ms)
✔ late root injection and no-provider state are classified without navigation (21.705666ms)
✔ public browser acceptance is source-bound and non-sensitive (53.496ms)
✔ controlled takeover freezes predecessor, switches once, and restores a verified legacy successor (2929.60225ms)
✔ controlled takeover failure at stop preserves or restores exact legacy service (1588.553292ms)
✔ controlled takeover failure at port preserves or restores exact legacy service (2010.897792ms)
✔ controlled takeover failure at bootstrap preserves or restores exact legacy service (2397.664458ms)
✔ controlled takeover failure at post preserves or restores exact legacy service (2451.83025ms)
✔ controlled takeover lock rejects a concurrent executor before service mutation (540.758833ms)
✔ controlled takeover rejects retained evidence foreign sibling before lifecycle or deletion (498.065125ms)
✔ controlled takeover rejects retained evidence same-byte replacement before lifecycle or deletion (492.99825ms)
✔ controlled takeover rejects retained evidence symlink replacement before lifecycle or deletion (500.761625ms)
✔ controlled takeover rejects retained evidence hardlink replacement before lifecycle or deletion (509.836208ms)
✔ controlled takeover rejects retained evidence directory-only sibling before lifecycle or deletion (489.692666ms)
✔ controlled takeover rejects a post-validation retained evidence race before lifecycle or receipt creation (832.635125ms)
✔ emergency recovery atomically restores only legacy apps/video (1512.089083ms)
✔ failed emergency recovery removes only the exact new subtree (1377.279ms)
✔ failed emergency recovery refuses to delete a same-byte replacement inode (1408.9065ms)
✔ actual shell transport preserves a link tuple containing spaces (1340.027875ms)
✔ opening a video deep link also loads the catalog so closing returns to usable content (5.651833ms)
✔ a late translation apply cannot replace the actual channel heading with Discover (1.767042ms)
✔ deep-link playback starts while the catalog is pending and closing recovers when it arrives (1.269333ms)
✔ channel navigation ends its own loading state and ignores an older catalog response (1.314625ms)
✔ a failed channel request clears loading without letting a late error replace a newer view (1.045708ms)
✔ two tabs showing Subscribe both set the desired state instead of undoing each other (2.719625ms)
✔ an older subscription read cannot replace the result of a newer explicit action (0.694375ms)
✔ sign-out immediately hides private library while revoke is pending, and a late restore cannot reconnect (1.47275ms)
✔ a late private playlist response cannot reopen its picker after sign-out (0.968958ms)
✔ restored pending logout has only explicit retry and never starts new approval (0.91275ms)
✔ a sign-in racing initial restore still exposes SDK pending logout retry (2.034583ms)
✔ a browser launch route is an unsigned guest request, not proof that the native Wallet is absent (1.092792ms)
✔ a confirmed sign-out and subsequent browser restore keep retry and sign-out controls hidden (1.161667ms)
✔ actual network failures and revocation intents retain explicit retry even beside a native detection route (1.555084ms)
✔ a recoverable sign-in error opens the chooser and the selected native request has its own launch link (1.491375ms)
✔ language selection updates an existing URL override to en without losing the video deep link (0.738875ms)
✔ language selection updates an existing URL override to zh-CN without losing the video deep link (0.130958ms)
✔ language selection updates an existing URL override to zh-TW without losing the video deep link (0.105167ms)
✔ language selection updates an existing URL override to ja without losing the video deep link (0.096834ms)
✔ language selection updates an existing URL override to ko without losing the video deep link (0.115541ms)
✔ language selection updates an existing URL override to es without losing the video deep link (0.096292ms)
✔ language selection updates an existing URL override to fr without losing the video deep link (0.341ms)
✔ language selection updates an existing URL override to de without losing the video deep link (0.096125ms)
✔ language selection updates an existing URL override to pt without losing the video deep link (0.093041ms)
✔ language selection updates an existing URL override to ru without losing the video deep link (0.10875ms)
✔ language selection updates an existing URL override to ar without losing the video deep link (0.07825ms)
✔ language selection updates an existing URL override to id without losing the video deep link (0.842291ms)
✔ Video uses the frozen browser SDK with exact Video registration and honest browser storage (4.406583ms)
✔ product preparation protects pending request before explicit link and never asserts installation (1.05125ms)
✔ wrong web origin stops before registry, SDK initialization and Gateway requests (0.337959ms)
✔ callback, restore and disconnect use SDK authority while private scopes remain route specific (0.33625ms)
✔ Video scope allowlist rejects Creator reads, moderation and unknown mutation paths (0.338833ms)
✔ public API starts without awaiting or attaching a Product Session (0.4045ms)
✔ network retry generates fresh device proof with stable idempotency key and immutable body (0.378166ms)
✔ private credentials never go to an overridden origin and rejected authority clears private UI (0.649666ms)
✔ watch progress excludes guest playback and seeking; failed persistence retains real elapsed time (0.561042ms)
✔ preparation retains the SDK pending logout state so the UI can expose explicit retry (0.14125ms)
✔ native resume never re-prepares before callback storage exists; matched state still requires SDK restore (0.163917ms)
✔ retained evidence exact inventory is readable (13.312125ms)
▶ foreign sibling, replacement, symlink, hardlink and directory-only mutations preserve all retained entries
  ✔ foreign sibling (2.285084ms)
  ✔ same-byte replacement inode (4.483459ms)
  ✔ symlink replacement (8.339584ms)
  ✔ hardlink replacement (5.606042ms)
  ✔ directory-only sibling (3.715542ms)
✔ foreign sibling, replacement, symlink, hardlink and directory-only mutations preserve all retained entries (25.539292ms)
✔ preflight captures one byte-preserving HTTP response for bytes, SHA and base64 (346.0905ms)
✔ preflight canonical base64 preserves an embedded NUL byte (269.030917ms)
✔ transport places exact three-object carrier, observes it and cleans only its root (16.977667ms)
✔ transport placement failure removes only its exact stage and preserves parent siblings (6.237167ms)
✔ transport prewrite failure removes only its exact stage and preserves parent siblings (7.340708ms)
✔ transport refuses cleanup before deleting owned bytes when a foreign stage child appears (6.132084ms)
✔ transport refuses cleanup before deleting anything after a same-byte inode replacement (5.436125ms)
✔ runtime topology isolates Viewer 6494 from API 6493 and Creator 6495 (0.436416ms)
✔ post-P0-239 recovery baseline freezes exact legacy rollback and isolated successor topology (0.42ms)
✔ self-contained server serves the public /video path without a shared release symlink (69.512042ms)
✔ same-origin API proxy preserves queries, media ranges and unavailable state (61.262417ms)
✔ API proxy refuses a non-loopback upstream (40.581167ms)
✔ runtime carrier rebuild is byte-identical and normalized (714.296792ms)
✔ actual shell deploy and rollback touch only isolated Viewer binding (1517.094417ms)
✔ post-switch Viewer failure automatically restores the exact predecessor and preserves API and Creator (1456.143125ms)
✔ executor refuses the shared Video current path (3.247666ms)
✔ actual shell bootstrap creates an absent dedicated predecessor, supports switch rollback, and removes only its own state (2218.196375ms)
✔ failed first bootstrap returns dedicated root and unit to exact absence (619.781958ms)
✔ account changes during proof generation prevent a private mutation from reaching the service (1.024917ms)
✔ an old 401 arriving after a new account cannot invalidate the new account (1.363833ms)
✔ video callback resumes the original view only for the matching verified session (1.563334ms)
✔ creator-studio callback resumes the original view only for the matching verified session (0.451417ms)
✔ cross-tab hints deduplicate the two browser transports and contain no account or proof (1.228ms)
✔ cancellation settles an uncooperative private authorization without emitting a request (0.521041ms)
✔ cancellation settles an uncooperative network without invalidating another account (0.467375ms)
✔ cancellation settles an uncooperative body without invalidating another account (0.273958ms)
✔ the complete Video request has the real 15 second authority deadline (15003.082084ms)
✔ unbounded responses and foreign response locations are rejected before use (9.938375ms)
✔ ending during a pending ordinary flush persists completion for the same playback exactly once (2.771333ms)
✔ a lost response after service commit reuses the exact mutation across API retries and later flushes (1.208958ms)
✔ an unreadable success response retains the same batch until a valid acknowledgement (0.279416ms)
✔ failed completion retains its immutable zero-second batch and key for retry (0.173458ms)
✔ discard while a request is pending cancels queued completion and never restores accumulated playback (0.53875ms)
✔ guests, seeking and unobserved time cannot create completion records (0.095458ms)
✔ long playback automatically saves two observed checkpoints as one playback with separate batches (1.301291ms)
✔ automatic failures are throttled by newly observed playback and retry the immutable batch (1.12575ms)
✔ discard prevents periodic work and suppresses an older automatic failure (1.3545ms)
✔ a retained automatic failure cannot retry from paused playback or seeking (1.993458ms)
ℹ tests 112
ℹ suites 0
ℹ pass 112
ℹ fail 0
ℹ cancelled 0
ℹ skipped 0
ℹ todo 0
ℹ duration_ms 15305.737083
i18n audit passed: 12 locales, 22 exact keys, RTL and critical semantics
