[
  {
    text: 'Chat appearance',
    label: '',
    bounds: '[20,101][244,128]',
    checked: 'false',
    selected: 'false'
  },
  {
    text: '',
    label: 'Cancel background changes',
    bounds: '[252,91][300,139]',
    checked: 'false',
    selected: 'false'
  },
  {
    text: 'Cancel',
    label: '',
    bounds: '[252,105][300,124]',
    checked: 'false',
    selected: 'false'
  },
  {
    text: 'Images stay on this device. Social does not upload your background or share its original file path.',
    label: '',
    bounds: '[20,139][300,199]',
    checked: 'false',
    selected: 'false'
  },
  {
    text: '',
    label: 'Chat theme system',
    bounds: '[20,213][98,264]',
    checked: 'true',
    selected: 'false'
  },
  {
    text: 'System',
    label: '',
    bounds: '[36,229][82,248]',
    checked: 'false',
    selected: 'false'
  },
  {
    text: '',
    label: 'Chat theme light',
    bounds: '[108,213][168,264]',
    checked: 'false',
    selected: 'false'
  },
  {
    text: 'Light',
    label: '',
    bounds: '[122,229][154,248]',
    checked: 'false',
    selected: 'false'
  },
  {
    text: '',
    label: 'Chat theme dark',
    bounds: '[178,213][235,264]',
    checked: 'false',
    selected: 'false'
  },
  {
    text: 'Dark',
    label: '',
    bounds: '[192,229][221,248]',
    checked: 'false',
    selected: 'false'
  },
  {
    text: '',
    label: 'Background preview',
    bounds: '[20,278][300,462]',
    checked: 'false',
    selected: 'false'
  },
  {
    text: 'Preview only. Your conversations are unchanged.',
    label: '',
    bounds: '[50,308][233,359]',
    checked: 'false',
    selected: 'false'
  },
  {
    text: 'Readable text on every background.',
    label: '',
    bounds: '[87,397][270,432]',
    checked: 'false',
    selected: 'false'
  },
  {
    text: '',
    label: 'Background mist',
    bounds: '[20,476][104,538]',
    checked: 'true',
    selected: 'false'
  },
  {
    text: 'mist',
    label: '',
    bounds: '[43,492][80,521]',
    checked: 'false',
    selected: 'false'
  },
  {
    text: '',
    label: 'Background ivory',
    bounds: '[114,476][198,538]',
    checked: 'false',
    selected: 'false'
  },
  {
    text: 'ivory',
    label: '',
    bounds: '[135,492][176,521]',
    checked: 'false',
    selected: 'false'
  },
  {
    text: '',
    label: 'Background ocean',
    bounds: '[208,476][292,538]',
    checked: 'false',
    selected: 'false'
  },
  {
    text: 'ocean',
    label: '',
    bounds: '[226,492][274,521]',
    checked: 'false',
    selected: 'false'
  },
  {
    text: '',
    label: 'Background sage',
    bounds: '[20,548][104,588]',
    checked: 'false',
    selected: 'false'
  },
  {
    text: 'sage',
    label: '',
    bounds: '[42,564][82,588]',
    checked: 'false',
    selected: 'false'
  },
  {
    text: '',
    label: 'Background ink',
    bounds: '[114,548][198,588]',
    checked: 'false',
    selected: 'false'
  },
  {
    text: 'ink',
    label: '',
    bounds: '[142,564][170,588]',
    checked: 'false',
    selected: 'false'
  },
  {
    text: '',
    label: 'Choose image from this device',
    bounds: '[20,624][300,588]',
    checked: 'false',
    selected: 'false'
  },
  {
    text: 'Choose image from this device',
    label: '',
    bounds: '[34,638][286,588]',
    checked: 'false',
    selected: 'false'
  }
]
[
  {
    text: 'Chat appearance',
    label: '',
    bounds: '[20,101][244,128]',
    checked: 'false',
    selected: 'false'
  },
  {
    text: '',
    label: 'Cancel background changes',
    bounds: '[252,91][300,139]',
    checked: 'false',
    selected: 'false'
  },
  {
    text: 'Cancel',
    label: '',
    bounds: '[252,105][300,124]',
    checked: 'false',
    selected: 'false'
  },
  {
    text: 'Images stay on this device. Social does not upload your background or share its original file path.',
    label: '',
    bounds: '[20,139][300,199]',
    checked: 'false',
    selected: 'false'
  },
  {
    text: '',
    label: 'Chat theme system',
    bounds: '[20,213][98,264]',
    checked: 'true',
    selected: 'false'
  },
  {
    text: 'System',
    label: '',
    bounds: '[36,229][82,248]',
    checked: 'false',
    selected: 'false'
  },
  {
    text: '',
    label: 'Chat theme light',
    bounds: '[108,213][168,264]',
    checked: 'false',
    selected: 'false'
  },
  {
    text: 'Light',
    label: '',
    bounds: '[122,229][154,248]',
    checked: 'false',
    selected: 'false'
  },
  {
    text: '',
    label: 'Chat theme dark',
    bounds: '[178,213][235,264]',
    checked: 'false',
    selected: 'false'
  },
  {
    text: 'Dark',
    label: '',
    bounds: '[192,229][221,248]',
    checked: 'false',
    selected: 'false'
  },
  {
    text: '',
    label: 'Background preview',
    bounds: '[20,278][300,462]',
    checked: 'false',
    selected: 'false'
  },
  {
    text: 'Preview only. Your conversations are unchanged.',
    label: '',
    bounds: '[50,308][233,359]',
    checked: 'false',
    selected: 'false'
  },
  {
    text: 'Readable text on every background.',
    label: '',
    bounds: '[87,397][270,432]',
    checked: 'false',
    selected: 'false'
  },
  {
    text: '',
    label: 'Background mist',
    bounds: '[20,476][104,538]',
    checked: 'false',
    selected: 'false'
  },
  {
    text: 'mist',
    label: '',
    bounds: '[43,492][80,521]',
    checked: 'false',
    selected: 'false'
  },
  {
    text: '',
    label: 'Background ivory',
    bounds: '[114,476][198,538]',
    checked: 'false',
    selected: 'false'
  },
  {
    text: 'ivory',
    label: '',
    bounds: '[135,492][176,521]',
    checked: 'false',
    selected: 'false'
  },
  {
    text: '',
    label: 'Background ocean',
    bounds: '[208,476][292,538]',
    checked: 'true',
    selected: 'false'
  },
  {
    text: 'ocean',
    label: '',
    bounds: '[226,492][274,521]',
    checked: 'false',
    selected: 'false'
  },
  {
    text: '',
    label: 'Background sage',
    bounds: '[20,548][104,588]',
    checked: 'false',
    selected: 'false'
  },
  {
    text: 'sage',
    label: '',
    bounds: '[42,564][82,588]',
    checked: 'false',
    selected: 'false'
  },
  {
    text: '',
    label: 'Background ink',
    bounds: '[114,548][198,588]',
    checked: 'false',
    selected: 'false'
  },
  {
    text: 'ink',
    label: '',
    bounds: '[142,564][170,588]',
    checked: 'false',
    selected: 'false'
  },
  {
    text: '',
    label: 'Choose image from this device',
    bounds: '[20,624][300,588]',
    checked: 'false',
    selected: 'false'
  },
  {
    text: 'Choose image from this device',
    label: '',
    bounds: '[34,638][286,588]',
    checked: 'false',
    selected: 'false'
  }
]
[
  {
    text: 'Chat appearance',
    label: '',
    bounds: '[20,101][244,128]',
    checked: 'false',
    selected: 'false'
  },
  {
    text: '',
    label: 'Cancel background changes',
    bounds: '[252,91][300,139]',
    checked: 'false',
    selected: 'false'
  },
  {
    text: 'Cancel',
    label: '',
    bounds: '[252,105][300,124]',
    checked: 'false',
    selected: 'false'
  },
  {
    text: 'Images stay on this device. Social does not upload your background or share its original file path.',
    label: '',
    bounds: '[20,139][300,199]',
    checked: 'false',
    selected: 'false'
  },
  {
    text: '',
    label: 'Chat theme system',
    bounds: '[20,213][94,264]',
    checked: 'false',
    selected: 'false'
  },
  {
    text: 'System',
    label: '',
    bounds: '[34,229][80,248]',
    checked: 'false',
    selected: 'false'
  },
  {
    text: '',
    label: 'Chat theme light',
    bounds: '[104,213][164,264]',
    checked: 'false',
    selected: 'false'
  },
  {
    text: 'Light',
    label: '',
    bounds: '[118,229][150,248]',
    checked: 'false',
    selected: 'false'
  },
  {
    text: '',
    label: 'Chat theme dark',
    bounds: '[174,213][235,264]',
    checked: 'true',
    selected: 'false'
  },
  {
    text: 'Dark',
    label: '',
    bounds: '[190,229][219,248]',
    checked: 'false',
    selected: 'false'
  },
  {
    text: '',
    label: 'Background preview',
    bounds: '[20,278][300,462]',
    checked: 'false',
    selected: 'false'
  },
  {
    text: 'Preview only. Your conversations are unchanged.',
    label: '',
    bounds: '[50,308][233,359]',
    checked: 'false',
    selected: 'false'
  },
  {
    text: 'Readable text on every background.',
    label: '',
    bounds: '[87,397][270,432]',
    checked: 'false',
    selected: 'false'
  },
  {
    text: '',
    label: 'Background mist',
    bounds: '[20,476][104,538]',
    checked: 'false',
    selected: 'false'
  },
  {
    text: 'mist',
    label: '',
    bounds: '[43,492][80,521]',
    checked: 'false',
    selected: 'false'
  },
  {
    text: '',
    label: 'Background ivory',
    bounds: '[114,476][198,538]',
    checked: 'false',
    selected: 'false'
  },
  {
    text: 'ivory',
    label: '',
    bounds: '[135,492][176,521]',
    checked: 'false',
    selected: 'false'
  },
  {
    text: '',
    label: 'Background ocean',
    bounds: '[208,476][292,538]',
    checked: 'true',
    selected: 'false'
  },
  {
    text: 'ocean',
    label: '',
    bounds: '[226,492][274,521]',
    checked: 'false',
    selected: 'false'
  },
  {
    text: '',
    label: 'Background sage',
    bounds: '[20,548][104,588]',
    checked: 'false',
    selected: 'false'
  },
  {
    text: 'sage',
    label: '',
    bounds: '[42,564][82,588]',
    checked: 'false',
    selected: 'false'
  },
  {
    text: '',
    label: 'Background ink',
    bounds: '[114,548][198,588]',
    checked: 'false',
    selected: 'false'
  },
  {
    text: 'ink',
    label: '',
    bounds: '[142,564][170,588]',
    checked: 'false',
    selected: 'false'
  },
  {
    text: '',
    label: 'Choose image from this device',
    bounds: '[20,624][300,588]',
    checked: 'false',
    selected: 'false'
  },
  {
    text: 'Choose image from this device',
    label: '',
    bounds: '[34,638][286,588]',
    checked: 'false',
    selected: 'false'
  }
]
[
  {
    text: '',
    label: 'Original YNX logo',
    bounds: '[18,43][64,67]',
    checked: 'false',
    selected: 'false'
  },
  {
    text: 'YNX Social',
    label: '',
    bounds: '[73,42][227,67]',
    checked: 'false',
    selected: 'false'
  },
  {
    text: '',
    label: 'Sign in',
    bounds: '[237,31][302,79]',
    checked: 'false',
    selected: 'false'
  },
  {
    text: 'Sign in',
    label: '',
    bounds: '[249,45][290,64]',
    checked: 'false',
    selected: 'false'
  },
  {
    text: 'Settings',
    label: '',
    bounds: '[0,86][320,150]',
    checked: 'false',
    selected: 'false'
  },
  {
    text: 'Text size',
    label: '',
    bounds: '[20,170][300,192]',
    checked: 'false',
    selected: 'false'
  },
  {
    text: 'Your system text size remains enabled.',
    label: '',
    bounds: '[20,200][300,220]',
    checked: 'false',
    selected: 'false'
  },
  {
    text: '',
    label: 'Text size 90%',
    bounds: '[20,228][78,276]',
    checked: 'false',
    selected: 'false'
  },
  {
    text: '90%',
    label: '',
    bounds: '[36,242][62,261]',
    checked: 'false',
    selected: 'false'
  },
  {
    text: '',
    label: 'Text size 100%',
    bounds: '[86,228][146,276]',
    checked: 'true',
    selected: 'false'
  },
  {
    text: '100%',
    label: '',
    bounds: '[99,242][133,261]',
    checked: 'false',
    selected: 'false'
  },
  {
    text: '',
    label: 'Text size 115%',
    bounds: '[154,228][212,276]',
    checked: 'false',
    selected: 'false'
  },
  {
    text: '115%',
    label: '',
    bounds: '[166,242][200,261]',
    checked: 'false',
    selected: 'false'
  },
  {
    text: '',
    label: 'Text size 130%',
    bounds: '[220,228][278,276]',
    checked: 'false',
    selected: 'false'
  },
  {
    text: '130%',
    label: '',
    bounds: '[232,242][266,261]',
    checked: 'false',
    selected: 'false'
  },
  {
    text: '',
    label: 'Chat appearance and background',
    bounds: '[0,296][320,381]',
    checked: 'false',
    selected: 'false'
  },
  {
    text: 'Chat appearance and background',
    label: '',
    bounds: '[20,316][300,337]',
    checked: 'false',
    selected: 'false'
  },
  {
    text: 'Global default on this device  ›',
    label: '',
    bounds: '[20,343][300,360]',
    checked: 'false',
    selected: 'false'
  },
  {
    text: '',
    label: 'Language',
    bounds: '[238,381][300,429]',
    checked: 'false',
    selected: 'false'
  },
  {
    text: 'English',
    label: '',
    bounds: '[249,396][289,413]',
    checked: 'false',
    selected: 'false'
  },
  {
    text: 'Social never creates, imports, or receives your recovery key.',
    label: '',
    bounds: '[0,449][320,493]',
    checked: 'false',
    selected: 'false'
  },
  {
    text: '',
    label: 'Chats',
    bounds: '[0,543][80,608]',
    checked: 'false',
    selected: 'false'
  },
  {
    text: 'Chats',
    label: '',
    bounds: '[25,581][54,596]',
    checked: 'false',
    selected: 'false'
  },
  {
    text: '',
    label: 'Contacts',
    bounds: '[80,543][160,608]',
    checked: 'false',
    selected: 'false'
  },
  {
    text: 'Contacts',
    label: '',
    bounds: '[97,581][142,596]',
    checked: 'false',
    selected: 'false'
  },
  {
    text: '',
    label: 'Moments',
    bounds: '[160,543][240,608]',
    checked: 'false',
    selected: 'false'
  },
  {
    text: 'Moments',
    label: '',
    bounds: '[176,581][224,596]',
    checked: 'false',
    selected: 'false'
  },
  {
    text: '',
    label: 'Settings',
    bounds: '[240,543][320,608]',
    checked: 'false',
    selected: 'true'
  },
  {
    text: 'Settings',
    label: '',
    bounds: '[259,581][301,596]',
    checked: 'false',
    selected: 'true'
  }
]
[
  {
    text: 'Chat appearance',
    label: '',
    bounds: '[20,101][244,128]',
    checked: 'false',
    selected: 'false'
  },
  {
    text: '',
    label: 'Cancel background changes',
    bounds: '[252,91][300,139]',
    checked: 'false',
    selected: 'false'
  },
  {
    text: 'Cancel',
    label: '',
    bounds: '[252,105][300,124]',
    checked: 'false',
    selected: 'false'
  },
  {
    text: 'Images stay on this device. Social does not upload your background or share its original file path.',
    label: '',
    bounds: '[20,139][300,199]',
    checked: 'false',
    selected: 'false'
  },
  {
    text: '',
    label: 'Chat theme system',
    bounds: '[20,213][98,264]',
    checked: 'true',
    selected: 'false'
  },
  {
    text: 'System',
    label: '',
    bounds: '[36,229][82,248]',
    checked: 'false',
    selected: 'false'
  },
  {
    text: '',
    label: 'Chat theme light',
    bounds: '[108,213][168,264]',
    checked: 'false',
    selected: 'false'
  },
  {
    text: 'Light',
    label: '',
    bounds: '[122,229][154,248]',
    checked: 'false',
    selected: 'false'
  },
  {
    text: '',
    label: 'Chat theme dark',
    bounds: '[178,213][235,264]',
    checked: 'false',
    selected: 'false'
  },
  {
    text: 'Dark',
    label: '',
    bounds: '[192,229][221,248]',
    checked: 'false',
    selected: 'false'
  },
  {
    text: '',
    label: 'Background preview',
    bounds: '[20,278][300,462]',
    checked: 'false',
    selected: 'false'
  },
  {
    text: 'Preview only. Your conversations are unchanged.',
    label: '',
    bounds: '[50,308][233,359]',
    checked: 'false',
    selected: 'false'
  },
  {
    text: 'Readable text on every background.',
    label: '',
    bounds: '[87,397][270,432]',
    checked: 'false',
    selected: 'false'
  },
  {
    text: '',
    label: 'Background mist',
    bounds: '[20,476][104,538]',
    checked: 'true',
    selected: 'false'
  },
  {
    text: 'mist',
    label: '',
    bounds: '[43,492][80,521]',
    checked: 'false',
    selected: 'false'
  },
  {
    text: '',
    label: 'Background ivory',
    bounds: '[114,476][198,538]',
    checked: 'false',
    selected: 'false'
  },
  {
    text: 'ivory',
    label: '',
    bounds: '[135,492][176,521]',
    checked: 'false',
    selected: 'false'
  },
  {
    text: '',
    label: 'Background ocean',
    bounds: '[208,476][292,538]',
    checked: 'false',
    selected: 'false'
  },
  {
    text: 'ocean',
    label: '',
    bounds: '[226,492][274,521]',
    checked: 'false',
    selected: 'false'
  },
  {
    text: '',
    label: 'Background sage',
    bounds: '[20,548][104,588]',
    checked: 'false',
    selected: 'false'
  },
  {
    text: 'sage',
    label: '',
    bounds: '[42,564][82,588]',
    checked: 'false',
    selected: 'false'
  },
  {
    text: '',
    label: 'Background ink',
    bounds: '[114,548][198,588]',
    checked: 'false',
    selected: 'false'
  },
  {
    text: 'ink',
    label: '',
    bounds: '[142,564][170,588]',
    checked: 'false',
    selected: 'false'
  },
  {
    text: '',
    label: 'Choose image from this device',
    bounds: '[20,624][300,588]',
    checked: 'false',
    selected: 'false'
  },
  {
    text: 'Choose image from this device',
    label: '',
    bounds: '[34,638][286,588]',
    checked: 'false',
    selected: 'false'
  }
]
[
  {
    text: 'Chat appearance',
    label: '',
    bounds: '[20,101][244,128]',
    checked: 'false',
    selected: 'false'
  },
  {
    text: '',
    label: 'Cancel background changes',
    bounds: '[252,91][300,139]',
    checked: 'false',
    selected: 'false'
  },
  {
    text: 'Cancel',
    label: '',
    bounds: '[252,105][300,124]',
    checked: 'false',
    selected: 'false'
  },
  {
    text: 'Images stay on this device. Social does not upload your background or share its original file path.',
    label: '',
    bounds: '[20,139][300,199]',
    checked: 'false',
    selected: 'false'
  },
  {
    text: '',
    label: 'Chat theme system',
    bounds: '[20,213][98,264]',
    checked: 'true',
    selected: 'false'
  },
  {
    text: 'System',
    label: '',
    bounds: '[36,229][82,248]',
    checked: 'false',
    selected: 'false'
  },
  {
    text: '',
    label: 'Chat theme light',
    bounds: '[108,213][168,264]',
    checked: 'false',
    selected: 'false'
  },
  {
    text: 'Light',
    label: '',
    bounds: '[122,229][154,248]',
    checked: 'false',
    selected: 'false'
  },
  {
    text: '',
    label: 'Chat theme dark',
    bounds: '[178,213][235,264]',
    checked: 'false',
    selected: 'false'
  },
  {
    text: 'Dark',
    label: '',
    bounds: '[192,229][221,248]',
    checked: 'false',
    selected: 'false'
  },
  {
    text: '',
    label: 'Background preview',
    bounds: '[20,278][300,462]',
    checked: 'false',
    selected: 'false'
  },
  {
    text: 'Preview only. Your conversations are unchanged.',
    label: '',
    bounds: '[50,308][233,359]',
    checked: 'false',
    selected: 'false'
  },
  {
    text: 'Readable text on every background.',
    label: '',
    bounds: '[87,397][270,432]',
    checked: 'false',
    selected: 'false'
  },
  {
    text: '',
    label: 'Background mist',
    bounds: '[20,476][104,538]',
    checked: 'false',
    selected: 'false'
  },
  {
    text: 'mist',
    label: '',
    bounds: '[43,492][80,521]',
    checked: 'false',
    selected: 'false'
  },
  {
    text: '',
    label: 'Background ivory',
    bounds: '[114,476][198,538]',
    checked: 'false',
    selected: 'false'
  },
  {
    text: 'ivory',
    label: '',
    bounds: '[135,492][176,521]',
    checked: 'false',
    selected: 'false'
  },
  {
    text: '',
    label: 'Background ocean',
    bounds: '[208,476][292,538]',
    checked: 'true',
    selected: 'false'
  },
  {
    text: 'ocean',
    label: '',
    bounds: '[226,492][274,521]',
    checked: 'false',
    selected: 'false'
  },
  {
    text: '',
    label: 'Background sage',
    bounds: '[20,548][104,588]',
    checked: 'false',
    selected: 'false'
  },
  {
    text: 'sage',
    label: '',
    bounds: '[42,564][82,588]',
    checked: 'false',
    selected: 'false'
  },
  {
    text: '',
    label: 'Background ink',
    bounds: '[114,548][198,588]',
    checked: 'false',
    selected: 'false'
  },
  {
    text: 'ink',
    label: '',
    bounds: '[142,564][170,588]',
    checked: 'false',
    selected: 'false'
  },
  {
    text: '',
    label: 'Choose image from this device',
    bounds: '[20,624][300,588]',
    checked: 'false',
    selected: 'false'
  },
  {
    text: 'Choose image from this device',
    label: '',
    bounds: '[34,638][286,588]',
    checked: 'false',
    selected: 'false'
  }
]
[
  {
    text: 'Chat appearance',
    label: '',
    bounds: '[20,101][244,128]',
    checked: 'false',
    selected: 'false'
  },
  {
    text: '',
    label: 'Cancel background changes',
    bounds: '[252,91][300,139]',
    checked: 'false',
    selected: 'false'
  },
  {
    text: 'Cancel',
    label: '',
    bounds: '[252,105][300,124]',
    checked: 'false',
    selected: 'false'
  },
  {
    text: '',
    label: 'Chat theme system',
    bounds: '[20,139][94,30]',
    checked: 'false',
    selected: 'false'
  },
  {
    text: 'System',
    label: '',
    bounds: '[34,139][80,14]',
    checked: 'false',
    selected: 'false'
  },
  {
    text: '',
    label: 'Chat theme light',
    bounds: '[104,139][164,30]',
    checked: 'false',
    selected: 'false'
  },
  {
    text: 'Light',
    label: '',
    bounds: '[118,139][150,14]',
    checked: 'false',
    selected: 'false'
  },
  {
    text: '',
    label: 'Chat theme dark',
    bounds: '[174,139][235,30]',
    checked: 'true',
    selected: 'false'
  },
  {
    text: 'Dark',
    label: '',
    bounds: '[190,139][219,14]',
    checked: 'false',
    selected: 'false'
  },
  {
    text: '',
    label: 'Background preview',
    bounds: '[20,139][300,228]',
    checked: 'false',
    selected: 'false'
  },
  {
    text: 'Preview only. Your conversations are unchanged.',
    label: '',
    bounds: '[50,139][233,125]',
    checked: 'false',
    selected: 'false'
  },
  {
    text: 'Readable text on every background.',
    label: '',
    bounds: '[87,163][270,198]',
    checked: 'false',
    selected: 'false'
  },
  {
    text: '',
    label: 'Background mist',
    bounds: '[20,242][104,304]',
    checked: 'false',
    selected: 'false'
  },
  {
    text: 'mist',
    label: '',
    bounds: '[43,258][80,287]',
    checked: 'false',
    selected: 'false'
  },
  {
    text: '',
    label: 'Background ivory',
    bounds: '[114,242][198,304]',
    checked: 'false',
    selected: 'false'
  },
  {
    text: 'ivory',
    label: '',
    bounds: '[135,258][176,287]',
    checked: 'false',
    selected: 'false'
  },
  {
    text: '',
    label: 'Background ocean',
    bounds: '[208,242][292,304]',
    checked: 'true',
    selected: 'false'
  },
  {
    text: 'ocean',
    label: '',
    bounds: '[226,258][274,287]',
    checked: 'false',
    selected: 'false'
  },
  {
    text: '',
    label: 'Background sage',
    bounds: '[20,314][104,376]',
    checked: 'false',
    selected: 'false'
  },
  {
    text: 'sage',
    label: '',
    bounds: '[42,330][82,359]',
    checked: 'false',
    selected: 'false'
  },
  {
    text: '',
    label: 'Background ink',
    bounds: '[114,314][198,376]',
    checked: 'false',
    selected: 'false'
  },
  {
    text: 'ink',
    label: '',
    bounds: '[142,330][170,359]',
    checked: 'false',
    selected: 'false'
  },
  {
    text: '',
    label: 'Choose image from this device',
    bounds: '[20,390][300,438]',
    checked: 'false',
    selected: 'false'
  },
  {
    text: 'Choose image from this device',
    label: '',
    bounds: '[34,404][286,423]',
    checked: 'false',
    selected: 'false'
  },
  {
    text: '',
    label: 'Reset global background and theme',
    bounds: '[20,452][300,500]',
    checked: 'false',
    selected: 'false'
  },
  {
    text: 'Reset global background and theme',
    label: '',
    bounds: '[34,466][286,485]',
    checked: 'false',
    selected: 'false'
  },
  {
    text: '',
    label: 'Confirm background',
    bounds: '[20,514][300,564]',
    checked: 'false',
    selected: 'false'
  },
  {
    text: 'Confirm background',
    label: '',
    bounds: '[95,529][224,548]',
    checked: 'false',
    selected: 'false'
  }
]
[
  {
    text: '',
    label: 'Drag handle',
    bounds: '[144,150][176,154]',
    checked: 'false',
    selected: 'false'
  },
  {
    text: 'Photos',
    label: '',
    bounds: '[74,198][119,218]',
    checked: 'false',
    selected: 'false'
  },
  {
    text: 'Collections',
    label: '',
    bounds: '[188,198][260,218]',
    checked: 'false',
    selected: 'false'
  },
  {
    text: '',
    label: 'More',
    bounds: '[292,196][316,220]',
    checked: 'false',
    selected: 'false'
  },
  {
    text: 'YNX Social will only have access to the photos you select',
    label: '',
    bounds: '[80,272][288,308]',
    checked: 'false',
    selected: 'false'
  },
  {
    text: 'Dismiss',
    label: '',
    bounds: '[234,322][284,342]',
    checked: 'false',
    selected: 'false'
  },
  {
    text: '',
    label: 'Photo taken on Oct 3, 2026 3:15 PM',
    bounds: '[0,389][106,495]',
    checked: 'false',
    selected: 'false'
  },
  {
    text: '',
    label: 'Photo taken on Oct 3, 2026 12:34 PM',
    bounds: '[107,389][213,495]',
    checked: 'false',
    selected: 'false'
  }
]
[
  {
    text: 'Chat appearance',
    label: '',
    bounds: '[20,101][244,128]',
    checked: 'false',
    selected: 'false'
  },
  {
    text: '',
    label: 'Cancel background changes',
    bounds: '[252,91][300,139]',
    checked: 'false',
    selected: 'false'
  },
  {
    text: 'Cancel',
    label: '',
    bounds: '[252,105][300,124]',
    checked: 'false',
    selected: 'false'
  },
  {
    text: '',
    label: 'Chat theme system',
    bounds: '[20,139][94,30]',
    checked: 'false',
    selected: 'false'
  },
  {
    text: 'System',
    label: '',
    bounds: '[34,139][80,14]',
    checked: 'false',
    selected: 'false'
  },
  {
    text: '',
    label: 'Chat theme light',
    bounds: '[104,139][164,30]',
    checked: 'false',
    selected: 'false'
  },
  {
    text: 'Light',
    label: '',
    bounds: '[118,139][150,14]',
    checked: 'false',
    selected: 'false'
  },
  {
    text: '',
    label: 'Chat theme dark',
    bounds: '[174,139][235,30]',
    checked: 'true',
    selected: 'false'
  },
  {
    text: 'Dark',
    label: '',
    bounds: '[190,139][219,14]',
    checked: 'false',
    selected: 'false'
  },
  {
    text: '',
    label: 'Background preview',
    bounds: '[20,139][300,228]',
    checked: 'false',
    selected: 'false'
  },
  {
    text: 'Preview only. Your conversations are unchanged.',
    label: '',
    bounds: '[50,139][233,125]',
    checked: 'false',
    selected: 'false'
  },
  {
    text: 'Readable text on every background.',
    label: '',
    bounds: '[87,163][270,198]',
    checked: 'false',
    selected: 'false'
  },
  {
    text: '',
    label: 'Background mist',
    bounds: '[20,242][104,304]',
    checked: 'false',
    selected: 'false'
  },
  {
    text: 'mist',
    label: '',
    bounds: '[43,258][80,287]',
    checked: 'false',
    selected: 'false'
  },
  {
    text: '',
    label: 'Background ivory',
    bounds: '[114,242][198,304]',
    checked: 'false',
    selected: 'false'
  },
  {
    text: 'ivory',
    label: '',
    bounds: '[135,258][176,287]',
    checked: 'false',
    selected: 'false'
  },
  {
    text: '',
    label: 'Background ocean',
    bounds: '[208,242][292,304]',
    checked: 'false',
    selected: 'false'
  },
  {
    text: 'ocean',
    label: '',
    bounds: '[226,258][274,287]',
    checked: 'false',
    selected: 'false'
  },
  {
    text: '',
    label: 'Background sage',
    bounds: '[20,314][104,376]',
    checked: 'false',
    selected: 'false'
  },
  {
    text: 'sage',
    label: '',
    bounds: '[42,330][82,359]',
    checked: 'false',
    selected: 'false'
  },
  {
    text: '',
    label: 'Background ink',
    bounds: '[114,314][198,376]',
    checked: 'false',
    selected: 'false'
  },
  {
    text: 'ink',
    label: '',
    bounds: '[142,330][170,359]',
    checked: 'false',
    selected: 'false'
  },
  {
    text: '',
    label: 'Choose image from this device',
    bounds: '[20,390][300,438]',
    checked: 'false',
    selected: 'false'
  },
  {
    text: 'Choose image from this device',
    label: '',
    bounds: '[34,404][286,423]',
    checked: 'false',
    selected: 'false'
  },
  {
    text: '',
    label: 'Reset global background and theme',
    bounds: '[20,452][300,500]',
    checked: 'false',
    selected: 'false'
  },
  {
    text: 'Reset global background and theme',
    label: '',
    bounds: '[34,466][286,485]',
    checked: 'false',
    selected: 'false'
  },
  {
    text: '',
    label: 'Confirm background',
    bounds: '[20,514][300,564]',
    checked: 'false',
    selected: 'false'
  },
  {
    text: 'Confirm background',
    label: '',
    bounds: '[95,529][224,548]',
    checked: 'false',
    selected: 'false'
  }
]
[
  {
    text: '',
    label: 'Original YNX logo',
    bounds: '[18,43][64,67]',
    checked: 'false',
    selected: 'false'
  },
  {
    text: 'YNX Social',
    label: '',
    bounds: '[73,42][227,67]',
    checked: 'false',
    selected: 'false'
  },
  {
    text: '',
    label: 'Sign in',
    bounds: '[237,31][302,79]',
    checked: 'false',
    selected: 'false'
  },
  {
    text: 'Sign in',
    label: '',
    bounds: '[249,45][290,64]',
    checked: 'false',
    selected: 'false'
  },
  {
    text: 'Chats',
    label: '',
    bounds: '[0,86][320,150]',
    checked: 'false',
    selected: 'false'
  },
  {
    text: 'Your conversations',
    label: '',
    bounds: '[82,292][238,317]',
    checked: 'false',
    selected: 'false'
  },
  {
    text: 'Sign in to restore your conversations on this device.',
    label: '',
    bounds: '[24,329][296,373]',
    checked: 'false',
    selected: 'false'
  },
  {
    text: '',
    label: 'Continue with YNX',
    bounds: '[80,396][241,444]',
    checked: 'false',
    selected: 'false'
  },
  {
    text: 'Continue with YNX',
    label: '',
    bounds: '[102,410][219,429]',
    checked: 'false',
    selected: 'false'
  },
  {
    text: '',
    label: 'Chats',
    bounds: '[0,543][80,608]',
    checked: 'false',
    selected: 'true'
  },
  {
    text: 'Chats',
    label: '',
    bounds: '[25,581][54,596]',
    checked: 'false',
    selected: 'false'
  },
  {
    text: '',
    label: 'Contacts',
    bounds: '[80,543][160,608]',
    checked: 'false',
    selected: 'false'
  },
  {
    text: 'Contacts',
    label: '',
    bounds: '[97,581][142,596]',
    checked: 'false',
    selected: 'false'
  },
  {
    text: '',
    label: 'Moments',
    bounds: '[160,543][240,608]',
    checked: 'false',
    selected: 'false'
  },
  {
    text: 'Moments',
    label: '',
    bounds: '[176,581][224,596]',
    checked: 'false',
    selected: 'false'
  },
  {
    text: '',
    label: 'Settings',
    bounds: '[240,543][320,608]',
    checked: 'false',
    selected: 'false'
  },
  {
    text: 'Settings',
    label: '',
    bounds: '[259,581][301,596]',
    checked: 'false',
    selected: 'false'
  }
]
[
  {
    text: '',
    label: 'Original YNX logo',
    bounds: '[18,43][64,67]',
    checked: 'false',
    selected: 'false'
  },
  {
    text: 'YNX Social',
    label: '',
    bounds: '[73,42][227,67]',
    checked: 'false',
    selected: 'false'
  },
  {
    text: '',
    label: 'Sign in',
    bounds: '[237,31][302,79]',
    checked: 'false',
    selected: 'false'
  },
  {
    text: 'Sign in',
    label: '',
    bounds: '[249,45][290,64]',
    checked: 'false',
    selected: 'false'
  },
  {
    text: 'Chats',
    label: '',
    bounds: '[0,86][320,150]',
    checked: 'false',
    selected: 'false'
  },
  {
    text: 'Your conversations',
    label: '',
    bounds: '[82,292][238,317]',
    checked: 'false',
    selected: 'false'
  },
  {
    text: 'Sign in to restore your conversations on this device.',
    label: '',
    bounds: '[24,329][296,373]',
    checked: 'false',
    selected: 'false'
  },
  {
    text: '',
    label: 'Continue with YNX',
    bounds: '[80,396][241,444]',
    checked: 'false',
    selected: 'false'
  },
  {
    text: 'Continue with YNX',
    label: '',
    bounds: '[102,410][219,429]',
    checked: 'false',
    selected: 'false'
  },
  {
    text: '',
    label: 'Chats',
    bounds: '[0,543][80,608]',
    checked: 'false',
    selected: 'true'
  },
  {
    text: 'Chats',
    label: '',
    bounds: '[25,581][54,596]',
    checked: 'false',
    selected: 'false'
  },
  {
    text: '',
    label: 'Contacts',
    bounds: '[80,543][160,608]',
    checked: 'false',
    selected: 'false'
  },
  {
    text: 'Contacts',
    label: '',
    bounds: '[97,581][142,596]',
    checked: 'false',
    selected: 'false'
  },
  {
    text: '',
    label: 'Moments',
    bounds: '[160,543][240,608]',
    checked: 'false',
    selected: 'false'
  },
  {
    text: 'Moments',
    label: '',
    bounds: '[176,581][224,596]',
    checked: 'false',
    selected: 'false'
  },
  {
    text: '',
    label: 'Settings',
    bounds: '[240,543][320,608]',
    checked: 'false',
    selected: 'false'
  },
  {
    text: 'Settings',
    label: '',
    bounds: '[259,581][301,596]',
    checked: 'false',
    selected: 'false'
  }
]
[
  {
    text: '',
    label: 'Original YNX logo',
    bounds: '[18,43][64,67]',
    checked: 'false',
    selected: 'false'
  },
  {
    text: 'YNX Social',
    label: '',
    bounds: '[73,42][227,67]',
    checked: 'false',
    selected: 'false'
  },
  {
    text: '',
    label: 'Sign in',
    bounds: '[237,31][302,79]',
    checked: 'false',
    selected: 'false'
  },
  {
    text: 'Sign in',
    label: '',
    bounds: '[249,45][290,64]',
    checked: 'false',
    selected: 'false'
  },
  {
    text: 'Settings',
    label: '',
    bounds: '[0,86][320,150]',
    checked: 'false',
    selected: 'false'
  },
  {
    text: 'Text size',
    label: '',
    bounds: '[20,170][300,192]',
    checked: 'false',
    selected: 'false'
  },
  {
    text: 'Your system text size remains enabled.',
    label: '',
    bounds: '[20,200][300,220]',
    checked: 'false',
    selected: 'false'
  },
  {
    text: '',
    label: 'Text size 90%',
    bounds: '[20,228][78,276]',
    checked: 'false',
    selected: 'false'
  },
  {
    text: '90%',
    label: '',
    bounds: '[36,242][62,261]',
    checked: 'false',
    selected: 'false'
  },
  {
    text: '',
    label: 'Text size 100%',
    bounds: '[86,228][146,276]',
    checked: 'true',
    selected: 'false'
  },
  {
    text: '100%',
    label: '',
    bounds: '[99,242][133,261]',
    checked: 'false',
    selected: 'false'
  },
  {
    text: '',
    label: 'Text size 115%',
    bounds: '[154,228][212,276]',
    checked: 'false',
    selected: 'false'
  },
  {
    text: '115%',
    label: '',
    bounds: '[166,242][200,261]',
    checked: 'false',
    selected: 'false'
  },
  {
    text: '',
    label: 'Text size 130%',
    bounds: '[220,228][278,276]',
    checked: 'false',
    selected: 'false'
  },
  {
    text: '130%',
    label: '',
    bounds: '[232,242][266,261]',
    checked: 'false',
    selected: 'false'
  },
  {
    text: '',
    label: 'Chat appearance and background',
    bounds: '[0,296][320,381]',
    checked: 'false',
    selected: 'false'
  },
  {
    text: 'Chat appearance and background',
    label: '',
    bounds: '[20,316][300,337]',
    checked: 'false',
    selected: 'false'
  },
  {
    text: 'Global default on this device  ›',
    label: '',
    bounds: '[20,343][300,360]',
    checked: 'false',
    selected: 'false'
  },
  {
    text: '',
    label: 'Language',
    bounds: '[238,381][300,429]',
    checked: 'false',
    selected: 'false'
  },
  {
    text: 'English',
    label: '',
    bounds: '[249,396][289,413]',
    checked: 'false',
    selected: 'false'
  },
  {
    text: 'Social never creates, imports, or receives your recovery key.',
    label: '',
    bounds: '[0,449][320,493]',
    checked: 'false',
    selected: 'false'
  },
  {
    text: '',
    label: 'Chats',
    bounds: '[0,543][80,608]',
    checked: 'false',
    selected: 'false'
  },
  {
    text: 'Chats',
    label: '',
    bounds: '[25,581][54,596]',
    checked: 'false',
    selected: 'false'
  },
  {
    text: '',
    label: 'Contacts',
    bounds: '[80,543][160,608]',
    checked: 'false',
    selected: 'false'
  },
  {
    text: 'Contacts',
    label: '',
    bounds: '[97,581][142,596]',
    checked: 'false',
    selected: 'false'
  },
  {
    text: '',
    label: 'Moments',
    bounds: '[160,543][240,608]',
    checked: 'false',
    selected: 'false'
  },
  {
    text: 'Moments',
    label: '',
    bounds: '[176,581][224,596]',
    checked: 'false',
    selected: 'false'
  },
  {
    text: '',
    label: 'Settings',
    bounds: '[240,543][320,608]',
    checked: 'false',
    selected: 'true'
  },
  {
    text: 'Settings',
    label: '',
    bounds: '[259,581][301,596]',
    checked: 'false',
    selected: 'true'
  }
]
[
  {
    text: 'Chat appearance',
    label: '',
    bounds: '[20,101][244,128]',
    checked: 'false',
    selected: 'false'
  },
  {
    text: '',
    label: 'Cancel background changes',
    bounds: '[252,91][300,139]',
    checked: 'false',
    selected: 'false'
  },
  {
    text: 'Cancel',
    label: '',
    bounds: '[252,105][300,124]',
    checked: 'false',
    selected: 'false'
  },
  {
    text: '',
    label: 'Chat theme system',
    bounds: '[20,139][94,30]',
    checked: 'false',
    selected: 'false'
  },
  {
    text: 'System',
    label: '',
    bounds: '[34,139][80,14]',
    checked: 'false',
    selected: 'false'
  },
  {
    text: '',
    label: 'Chat theme light',
    bounds: '[104,139][164,30]',
    checked: 'false',
    selected: 'false'
  },
  {
    text: 'Light',
    label: '',
    bounds: '[118,139][150,14]',
    checked: 'false',
    selected: 'false'
  },
  {
    text: '',
    label: 'Chat theme dark',
    bounds: '[174,139][235,30]',
    checked: 'true',
    selected: 'false'
  },
  {
    text: 'Dark',
    label: '',
    bounds: '[190,139][219,14]',
    checked: 'false',
    selected: 'false'
  },
  {
    text: '',
    label: 'Background preview',
    bounds: '[20,139][300,228]',
    checked: 'false',
    selected: 'false'
  },
  {
    text: 'Preview only. Your conversations are unchanged.',
    label: '',
    bounds: '[50,139][233,125]',
    checked: 'false',
    selected: 'false'
  },
  {
    text: 'Readable text on every background.',
    label: '',
    bounds: '[87,163][270,198]',
    checked: 'false',
    selected: 'false'
  },
  {
    text: '',
    label: 'Background mist',
    bounds: '[20,242][104,304]',
    checked: 'false',
    selected: 'false'
  },
  {
    text: 'mist',
    label: '',
    bounds: '[43,258][80,287]',
    checked: 'false',
    selected: 'false'
  },
  {
    text: '',
    label: 'Background ivory',
    bounds: '[114,242][198,304]',
    checked: 'false',
    selected: 'false'
  },
  {
    text: 'ivory',
    label: '',
    bounds: '[135,258][176,287]',
    checked: 'false',
    selected: 'false'
  },
  {
    text: '',
    label: 'Background ocean',
    bounds: '[208,242][292,304]',
    checked: 'false',
    selected: 'false'
  },
  {
    text: 'ocean',
    label: '',
    bounds: '[226,258][274,287]',
    checked: 'false',
    selected: 'false'
  },
  {
    text: '',
    label: 'Background sage',
    bounds: '[20,314][104,376]',
    checked: 'false',
    selected: 'false'
  },
  {
    text: 'sage',
    label: '',
    bounds: '[42,330][82,359]',
    checked: 'false',
    selected: 'false'
  },
  {
    text: '',
    label: 'Background ink',
    bounds: '[114,314][198,376]',
    checked: 'false',
    selected: 'false'
  },
  {
    text: 'ink',
    label: '',
    bounds: '[142,330][170,359]',
    checked: 'false',
    selected: 'false'
  },
  {
    text: '',
    label: 'Choose image from this device',
    bounds: '[20,390][300,438]',
    checked: 'false',
    selected: 'false'
  },
  {
    text: 'Choose image from this device',
    label: '',
    bounds: '[34,404][286,423]',
    checked: 'false',
    selected: 'false'
  },
  {
    text: '',
    label: 'Reset global background and theme',
    bounds: '[20,452][300,500]',
    checked: 'false',
    selected: 'false'
  },
  {
    text: 'Reset global background and theme',
    label: '',
    bounds: '[34,466][286,485]',
    checked: 'false',
    selected: 'false'
  },
  {
    text: '',
    label: 'Confirm background',
    bounds: '[20,514][300,564]',
    checked: 'false',
    selected: 'false'
  },
  {
    text: 'Confirm background',
    label: '',
    bounds: '[95,529][224,548]',
    checked: 'false',
    selected: 'false'
  }
]
[
  {
    text: 'Chat appearance',
    label: '',
    bounds: '[20,101][244,128]',
    checked: 'false',
    selected: 'false'
  },
  {
    text: '',
    label: 'Cancel background changes',
    bounds: '[252,91][300,139]',
    checked: 'false',
    selected: 'false'
  },
  {
    text: 'Cancel',
    label: '',
    bounds: '[252,105][300,124]',
    checked: 'false',
    selected: 'false'
  },
  {
    text: '',
    label: 'Chat theme system',
    bounds: '[20,139][98,30]',
    checked: 'true',
    selected: 'false'
  },
  {
    text: 'System',
    label: '',
    bounds: '[36,139][82,14]',
    checked: 'false',
    selected: 'false'
  },
  {
    text: '',
    label: 'Chat theme light',
    bounds: '[108,139][168,30]',
    checked: 'false',
    selected: 'false'
  },
  {
    text: 'Light',
    label: '',
    bounds: '[122,139][154,14]',
    checked: 'false',
    selected: 'false'
  },
  {
    text: '',
    label: 'Chat theme dark',
    bounds: '[178,139][235,30]',
    checked: 'false',
    selected: 'false'
  },
  {
    text: 'Dark',
    label: '',
    bounds: '[192,139][221,14]',
    checked: 'false',
    selected: 'false'
  },
  {
    text: '',
    label: 'Background preview',
    bounds: '[20,139][300,228]',
    checked: 'false',
    selected: 'false'
  },
  {
    text: 'Preview only. Your conversations are unchanged.',
    label: '',
    bounds: '[50,139][233,125]',
    checked: 'false',
    selected: 'false'
  },
  {
    text: 'Readable text on every background.',
    label: '',
    bounds: '[87,163][270,198]',
    checked: 'false',
    selected: 'false'
  },
  {
    text: '',
    label: 'Background mist',
    bounds: '[20,242][104,304]',
    checked: 'true',
    selected: 'false'
  },
  {
    text: 'mist',
    label: '',
    bounds: '[43,258][80,287]',
    checked: 'false',
    selected: 'false'
  },
  {
    text: '',
    label: 'Background ivory',
    bounds: '[114,242][198,304]',
    checked: 'false',
    selected: 'false'
  },
  {
    text: 'ivory',
    label: '',
    bounds: '[135,258][176,287]',
    checked: 'false',
    selected: 'false'
  },
  {
    text: '',
    label: 'Background ocean',
    bounds: '[208,242][292,304]',
    checked: 'false',
    selected: 'false'
  },
  {
    text: 'ocean',
    label: '',
    bounds: '[226,258][274,287]',
    checked: 'false',
    selected: 'false'
  },
  {
    text: '',
    label: 'Background sage',
    bounds: '[20,314][104,376]',
    checked: 'false',
    selected: 'false'
  },
  {
    text: 'sage',
    label: '',
    bounds: '[42,330][82,359]',
    checked: 'false',
    selected: 'false'
  },
  {
    text: '',
    label: 'Background ink',
    bounds: '[114,314][198,376]',
    checked: 'false',
    selected: 'false'
  },
  {
    text: 'ink',
    label: '',
    bounds: '[142,330][170,359]',
    checked: 'false',
    selected: 'false'
  },
  {
    text: '',
    label: 'Choose image from this device',
    bounds: '[20,390][300,438]',
    checked: 'false',
    selected: 'false'
  },
  {
    text: 'Choose image from this device',
    label: '',
    bounds: '[34,404][286,423]',
    checked: 'false',
    selected: 'false'
  },
  {
    text: '',
    label: 'Reset global background and theme',
    bounds: '[20,452][300,500]',
    checked: 'false',
    selected: 'false'
  },
  {
    text: 'Reset global background and theme',
    label: '',
    bounds: '[34,466][286,485]',
    checked: 'false',
    selected: 'false'
  },
  {
    text: '',
    label: 'Confirm background',
    bounds: '[20,514][300,564]',
    checked: 'false',
    selected: 'false'
  },
  {
    text: 'Confirm background',
    label: '',
    bounds: '[95,529][224,548]',
    checked: 'false',
    selected: 'false'
  }
]
[
  {
    text: '',
    label: 'Original YNX logo',
    bounds: '[18,43][64,67]',
    checked: 'false',
    selected: 'false'
  },
  {
    text: 'YNX Social',
    label: '',
    bounds: '[73,42][227,67]',
    checked: 'false',
    selected: 'false'
  },
  {
    text: '',
    label: 'Sign in',
    bounds: '[237,31][302,79]',
    checked: 'false',
    selected: 'false'
  },
  {
    text: 'Sign in',
    label: '',
    bounds: '[249,45][290,64]',
    checked: 'false',
    selected: 'false'
  },
  {
    text: 'Chats',
    label: '',
    bounds: '[0,86][320,150]',
    checked: 'false',
    selected: 'false'
  },
  {
    text: 'Your conversations',
    label: '',
    bounds: '[82,292][238,317]',
    checked: 'false',
    selected: 'false'
  },
  {
    text: 'Sign in to restore your conversations on this device.',
    label: '',
    bounds: '[24,329][296,373]',
    checked: 'false',
    selected: 'false'
  },
  {
    text: '',
    label: 'Continue with YNX',
    bounds: '[80,396][241,444]',
    checked: 'false',
    selected: 'false'
  },
  {
    text: 'Continue with YNX',
    label: '',
    bounds: '[102,410][219,429]',
    checked: 'false',
    selected: 'false'
  },
  {
    text: '',
    label: 'Chats',
    bounds: '[0,543][80,608]',
    checked: 'false',
    selected: 'true'
  },
  {
    text: 'Chats',
    label: '',
    bounds: '[25,581][54,596]',
    checked: 'false',
    selected: 'false'
  },
  {
    text: '',
    label: 'Contacts',
    bounds: '[80,543][160,608]',
    checked: 'false',
    selected: 'false'
  },
  {
    text: 'Contacts',
    label: '',
    bounds: '[97,581][142,596]',
    checked: 'false',
    selected: 'false'
  },
  {
    text: '',
    label: 'Moments',
    bounds: '[160,543][240,608]',
    checked: 'false',
    selected: 'false'
  },
  {
    text: 'Moments',
    label: '',
    bounds: '[176,581][224,596]',
    checked: 'false',
    selected: 'false'
  },
  {
    text: '',
    label: 'Settings',
    bounds: '[240,543][320,608]',
    checked: 'false',
    selected: 'false'
  },
  {
    text: 'Settings',
    label: '',
    bounds: '[259,581][301,596]',
    checked: 'false',
    selected: 'false'
  }
]
[
  {
    text: '',
    label: 'Original YNX logo',
    bounds: '[18,43][64,67]',
    checked: 'false',
    selected: 'false'
  },
  {
    text: 'YNX Social',
    label: '',
    bounds: '[73,42][227,67]',
    checked: 'false',
    selected: 'false'
  },
  {
    text: '',
    label: 'Sign in',
    bounds: '[237,31][302,79]',
    checked: 'false',
    selected: 'false'
  },
  {
    text: 'Sign in',
    label: '',
    bounds: '[249,45][290,64]',
    checked: 'false',
    selected: 'false'
  },
  {
    text: 'Settings',
    label: '',
    bounds: '[0,86][320,150]',
    checked: 'false',
    selected: 'false'
  },
  {
    text: 'Text size',
    label: '',
    bounds: '[20,170][300,192]',
    checked: 'false',
    selected: 'false'
  },
  {
    text: 'Your system text size remains enabled.',
    label: '',
    bounds: '[20,200][300,220]',
    checked: 'false',
    selected: 'false'
  },
  {
    text: '',
    label: 'Text size 90%',
    bounds: '[20,228][78,276]',
    checked: 'false',
    selected: 'false'
  },
  {
    text: '90%',
    label: '',
    bounds: '[36,242][62,261]',
    checked: 'false',
    selected: 'false'
  },
  {
    text: '',
    label: 'Text size 100%',
    bounds: '[86,228][146,276]',
    checked: 'true',
    selected: 'false'
  },
  {
    text: '100%',
    label: '',
    bounds: '[99,242][133,261]',
    checked: 'false',
    selected: 'false'
  },
  {
    text: '',
    label: 'Text size 115%',
    bounds: '[154,228][212,276]',
    checked: 'false',
    selected: 'false'
  },
  {
    text: '115%',
    label: '',
    bounds: '[166,242][200,261]',
    checked: 'false',
    selected: 'false'
  },
  {
    text: '',
    label: 'Text size 130%',
    bounds: '[220,228][278,276]',
    checked: 'false',
    selected: 'false'
  },
  {
    text: '130%',
    label: '',
    bounds: '[232,242][266,261]',
    checked: 'false',
    selected: 'false'
  },
  {
    text: '',
    label: 'Chat appearance and background',
    bounds: '[0,296][320,381]',
    checked: 'false',
    selected: 'false'
  },
  {
    text: 'Chat appearance and background',
    label: '',
    bounds: '[20,316][300,337]',
    checked: 'false',
    selected: 'false'
  },
  {
    text: 'Global default on this device  ›',
    label: '',
    bounds: '[20,343][300,360]',
    checked: 'false',
    selected: 'false'
  },
  {
    text: '',
    label: 'Language',
    bounds: '[238,381][300,429]',
    checked: 'false',
    selected: 'false'
  },
  {
    text: 'English',
    label: '',
    bounds: '[249,396][289,413]',
    checked: 'false',
    selected: 'false'
  },
  {
    text: 'Social never creates, imports, or receives your recovery key.',
    label: '',
    bounds: '[0,449][320,493]',
    checked: 'false',
    selected: 'false'
  },
  {
    text: '',
    label: 'Chats',
    bounds: '[0,543][80,608]',
    checked: 'false',
    selected: 'false'
  },
  {
    text: 'Chats',
    label: '',
    bounds: '[25,581][54,596]',
    checked: 'false',
    selected: 'false'
  },
  {
    text: '',
    label: 'Contacts',
    bounds: '[80,543][160,608]',
    checked: 'false',
    selected: 'false'
  },
  {
    text: 'Contacts',
    label: '',
    bounds: '[97,581][142,596]',
    checked: 'false',
    selected: 'false'
  },
  {
    text: '',
    label: 'Moments',
    bounds: '[160,543][240,608]',
    checked: 'false',
    selected: 'false'
  },
  {
    text: 'Moments',
    label: '',
    bounds: '[176,581][224,596]',
    checked: 'false',
    selected: 'false'
  },
  {
    text: '',
    label: 'Settings',
    bounds: '[240,543][320,608]',
    checked: 'false',
    selected: 'true'
  },
  {
    text: 'Settings',
    label: '',
    bounds: '[259,581][301,596]',
    checked: 'false',
    selected: 'true'
  }
]
