
> @ynx-chain/card@1.0.0 test:backend
> node --import tsx --test server/*.test.ts

✔ business client reaches actual local HTTP/SQLite routes with fresh scoped proofs and fails closed on unsigned approval (86.002334ms)
✔ Finance HMAC needs owner consent, durable nonce and exact Card source record (8.604792ms)
✔ Core adapter verifies exact wei, canonical block and confirmation readback without sending transactions (65.604958ms)
✔ Core transport does not follow authority redirects (2.681333ms)
✔ wrong chain is rejected before transaction inspection (0.95675ms)
✔ missing and failed receipts cannot be credited (3.346708ms)
✔ wrong sender, recipient and exact amount are rejected (1.60825ms)
✔ insufficient confirmations and changed canonical block reject (0.724583ms)
✔ reorg during verification cannot be accepted (0.27125ms)
✔ transaction outside the accepted intent time is rejected (0.585ms)
✔ Core endpoint rejects credentials, query, fragment and non-HTTPS configuration (0.217625ms)
✔ public prefixed version binds source without leaking private state or invoking Wallet (26.161333ms)
✔ duplicate Origin is rejected before shared authentication (2.890167ms)
✔ duplicate X-YNX-Product-Session-Proof-V2 is rejected before shared authentication (1.172791ms)
✔ duplicate X-YNX-Card-Platform is rejected before shared authentication (1.055ms)
✔ duplicate Idempotency-Key is rejected before shared authentication (1.76325ms)
✔ unknown platform cannot select an authorizer (5.879791ms)
✔ fixed Test host, account-bound reads and no sensitive card fields (32.888375ms)
✔ disabled-by-default config, forbidden origin and all provider writes fail before transport (10.552958ms)
✔ official Test deposit body is capped, claimed once, owner-bound and never credited (16.558209ms)
✔ unknown timeout, restart and provider 403 never trigger a second attempt or inferred credit (5.615291ms)
✔ no credentials, missing QA authority and absent resource fail before provider POST (5.170875ms)
✔ signed webhook is owner-isolated, durable, idempotent and never credits YNXT (103.479958ms)
✔ provider metadata and message-id journal survive a cold database reopen (9.580833ms)
✔ each Card route binds one minimum scope without legacy escalation (5.939875ms)
✔ internal mutation operations also enforce exact permission before cache use (0.65625ms)
✔ owner-bound local draft, exact consent, idempotency and no inferred provider card (6.413958ms)
✔ missing hosted KYC adapter degrades without upstream request or fake approval and cancel is local only (3.268583ms)
✔ hosted URL is transient, unknown transport is at-most-once, signed-result seam is bound and durable (4.911834ms)
✔ hostile KYC URL, mismatched event and transport uncertainty remain fail-closed (3.807958ms)
✔ out-of-order signed KYC events cannot regress REVIEW or override a newer source timestamp (3.259125ms)
✔ HTTP v2 application draft is Product Session scoped and never claims upstream acceptance (74.495917ms)
✔ provider create reserves UNKNOWN before a single synthetic provider call and survives replay (6.936375ms)
✔ ambiguous synthetic provider result is durable UNKNOWN and cannot be reissued (2.74675ms)
✔ different operation IDs concurrently cannot issue a second card and expired approval cannot issue any (3.342583ms)
✔ stale Wallet approval fails before a provider call (2.007125ms)
✔ transaction detail with changed financial amount cannot be marked reconciled (2.320167ms)
✔ HTTP history forwards exact cursor across pages and rejects unknown or duplicate query (75.330791ms)
✔ TEST program schema rejects wrong environment, currency precision, channel and changed fee text (0.490708ms)
✔ funding read keeps provider TEST balance distinct from card spendability (2.682084ms)
✔ authenticated program listing exposes exact TEST fee text without provider or operator secrets (7.070958ms)
✔ two isolated fake providers coexist; per-card routing cannot silently switch or erase legacy (7.389458ms)
✔ external IDs and event IDs are globally claimed, replay-safe, owner-isolated and cold-start durable (12.969ms)
✔ no cross-unit balance inference, no unreceipted events, bounded pagination and read-only doctor (3.469583ms)
✔ two fake provider connectors route only their bound cards, preserve legacy reads and redact sensitive output (3.157208ms)
✔ one provider with two programs never borrows the other program connector (2.66ms)
✔ account reference is separate from card issuance and readback is exact program-bound (3.169917ms)
✔ v2 provider reads use the exact private account scope and source-bound, non-spendable envelope (55.715958ms)
✔ Card pins Wallet v2 provider request to exact accepted synthetic vector (7.733459ms)
✔ Card accepts only exact signed provider approval and request-bound callback (36.181458ms)
✔ Card v2 approval cannot be replayed across provider, fee or owner (2.789125ms)
✔ production Card service loads TypeScript without ambient NODE_OPTIONS (0.801833ms)
✔ candidate runtime starts the same explicit TypeScript loader (0.224083ms)
✔ persistent drafts are isolated, idempotent and encrypted on disk (23.4285ms)
✔ missing approval verifier persists DEGRADED without a card (5.68875ms)
✔ an explicit rejection is durable and never creates a card (4.29075ms)
✔ expired or mismatched approval cannot activate a card (3.134375ms)
✔ active application submission retries do not request a second approval (4.837583ms)
✔ cached approval still requires current identity, ownership, scope and identical input (3.720292ms)
✔ pending submissions do not replay the external approval call (3.139667ms)
✔ verified fixture funding, partial settlement, restart and duplicate credit conserve wei (9.490459ms)
✔ mismatched Core evidence never reaches the ledger (3.24325ms)
✔ frozen and insufficient-balance authorizations decline and survive restart (5.498875ms)
✔ real HTTP boundary exposes preview identity but denies private requests without verifier (53.307792ms)
✔ coarse legacy scopes cannot read, mutate or recover cached application results (2.434833ms)
✔ application-only permission cannot control, fund or simulate, including before resource lookup (3.048042ms)
✔ controls, funding and simulation scopes grant only their own operations (7.504166ms)
✔ application approval receives the exact persisted five details, not unsigned controls (2.667375ms)
✔ native YNX subjects can apply but have no inferred EVM funding authorization (3.341375ms)
✔ internal outbox retries preserve stable event ids across restart (7.469708ms)
✔ HTTP selects exact proof scopes before authentication and denies mismatched grants (18.891208ms)
✔ simulation fee is conserved, idempotent and reconciled after restart (6.691875ms)
✔ reconciliation finds inconsistent snapshots instead of claiming ledger success (5.240333ms)
✔ a transaction cannot fund a second intent and the failed claim is atomic (4.570333ms)
✔ exact unchanged Wallet fixture and server artifact hashes remain bound (0.70975ms)
✔ Card consumes the shared live-introspection interface at one fixed URL and maps only its returned principal (23.723166ms)
✔ replay rejection propagates and no cached principal bypasses the authority (11.145083ms)
✔ wrong platform, missing web Origin, foreign Origin and missing native platform fail before introspection (0.768583ms)
✔ route-required scope cannot be replaced by a caller claim or a differently scoped proof (0.743625ms)
✔ missing or malformed proof is an authentication error, not a claimed authority outage (0.421625ms)
✔ changed authority account cannot authenticate a Card user (1.1245ms)
✔ changed authority deviceId cannot authenticate a Card user (2.160666ms)
✔ changed authority platform cannot authenticate a Card user (2.125333ms)
✔ changed authority callback cannot authenticate a Card user (1.957167ms)
✔ changed authority chainId cannot authenticate a Card user (0.827166ms)
✔ changed authority scopes cannot authenticate a Card user (0.912709ms)
✔ expired proof and expiry during response fail without local success (2.071042ms)
✔ authority network failure is private degradation without retry or Standard Wallet mutation (6.034125ms)
✔ shared Session authentication plus actual local HTTP/SQLite creates only a durable DRAFT, never a card (50.468083ms)
✔ new database has explicit schema version and private filesystem mode (3.939ms)
✔ legacy version zero upgrades without rewriting encrypted owners or global claims (5.008375ms)
✔ future database versions fail closed and retain their version (0.904875ms)
✔ malformed legacy schema rolls back migration without marking version one (1.221ms)
✔ live WAL backup restores encrypted owner state and cross-owner transaction deduplication (37.19225ms)
✔ failed business mutation rolls back both the owner state and global transaction claim (2.218541ms)
✔ Card consumes the exact verification-only artifact and public signed fixture (0.743292ms)
✔ the accepted signed fixture maps to an approval and public-key-bound sender (27.862458ms)
✔ changed signature, unsigned sender, high-S signature and unsigned rejection grant no approval (1.02225ms)
✔ current challenge, complete persisted details and live authenticated owner must match (3.489791ms)
✔ historical signature parsing cannot bypass current proof expiry (21.327208ms)
✔ a configured authentication adapter cannot override Card business approval (0.180584ms)
✔ verified fixture activates once, persists sender binding and does not credit any funding (13.778292ms)
✔ accepted Web fixture is synthetic and exact-source bound (0.365917ms)
✔ Card HTTP read-only Web GET without Origin still requires and consumes the fixed signed-session contract (47.444875ms)
✔ foreign Origin is rejected even on a read-only Web GET (5.932083ms)
✔ Web write missing Origin is rejected before introspection or application creation (3.262833ms)
✔ platform header alone never grants Web identity or permits cross-platform proofs (4.897583ms)
ℹ tests 107
ℹ suites 0
ℹ pass 107
ℹ fail 0
ℹ cancelled 0
ℹ skipped 0
ℹ todo 0
ℹ duration_ms 683.466667
