
> @ynx-chain/card@1.0.0 test
> tsx --test src/**/*.test.ts && node --test test/card-hosted-app.test.cjs test/card-native-callback.test.cjs test/card-web-private-ui-race.test.cjs test/provider-experience-race.test.cjs && node --import tsx --test test/card-guest-controls-journey.test.cjs test/card-core-application.test.cjs test/card-typography-accessibility.test.cjs && npm run native-patch:test

✔ Card API accepts only safe provider references (1.125709ms)
✔ Card API rejects PAN, CVV, PIN and identity material at any depth (0.263667ms)
✔ Card API refuses unlabelled or non-sandbox cards (0.108458ms)
✔ Card API accepts only exact YNX Testnet funding intents (0.141667ms)
✔ constructing a Card client does not contact a wallet or service (1.375708ms)
✔ Card state uses fixed same-origin API, exact V2 proof and read scope (33.004333ms)
✔ network retry creates a new proof but retains the explicit business idempotency key (2.036417ms)
✔ missing identity, invalid resource and missing mutation key fail before proof minting (0.376334ms)
✔ account change during proof creation cannot send an old-owner request (0.295083ms)
✔ session rotation during a response cannot publish old private account state (0.466584ms)
✔ explicit invalidation aborts a pending API call without changing the Standard Wallet (0.537ms)
✔ stalled SDK proof creation has a bounded timeout and never contacts Card (6.285625ms)
✔ unbound source, foreign session and non-Testnet envelopes are rejected (1.942458ms)
✔ HTML fallback, sensitive fields and unvalidated ACTIVE state never become Card data (1.243ms)
✔ Card API error codes remain separate and remote human text is never surfaced (0.444541ms)
✔ pending funding response cannot be presented as a credited balance (0.878125ms)
✔ accepted Wallet expiry and rejection codes survive private proof failures (0.645292ms)
✔ read-only statement and reconciliation use existing routes and new read proofs (1.57575ms)
react-test-renderer is deprecated. See https://react.dev/warnings/react-test-renderer
react-test-renderer is deprecated. See https://react.dev/warnings/react-test-renderer
✔ Guest cannot fetch personal records using only Standard Wallet connectivity (220.211792ms)
react-test-renderer is deprecated. See https://react.dev/warnings/react-test-renderer
✔ approved private identity loads existing records and refreshes without mutation (192.946ms)
react-test-renderer is deprecated. See https://react.dev/warnings/react-test-renderer
✔ empty API state never becomes an automatically issued card or balance (75.412125ms)
react-test-renderer is deprecated. See https://react.dev/warnings/react-test-renderer
✔ private read failure preserves guest and uses safe localized copy, not remote text (70.96425ms)
react-test-renderer is deprecated. See https://react.dev/warnings/react-test-renderer
✔ identity switch hides old records synchronously and late responses cannot restore them (77.77775ms)
✔ private degraded message follows explicit locale changes without replaying remote English text (85.020334ms)
✔ business transport uses explicit default web selection without inventing Origin (38.901ms)
✔ business transport uses explicit web selection without inventing Origin (0.9355ms)
✔ business transport uses explicit ios selection without inventing Origin (0.766791ms)
✔ business transport uses explicit android selection without inventing Origin (0.368625ms)
✔ unknown platform fails before any proof or network request (0.740333ms)
react-test-renderer is deprecated. See https://react.dev/warnings/react-test-renderer
✔ each locale declares the scoped shell copy explicitly, with only valid brands and same-spelling words shared (20.789333ms)
react-test-renderer is deprecated. See https://react.dev/warnings/react-test-renderer
✔ en: actual Language page exposes localized title, Done action and all twelve named radio choices (81.4465ms)
react-test-renderer is deprecated. See https://react.dev/warnings/react-test-renderer
✔ zh-CN: actual Language page exposes localized title, Done action and all twelve named radio choices (19.734333ms)
react-test-renderer is deprecated. See https://react.dev/warnings/react-test-renderer
✔ zh-TW: actual Language page exposes localized title, Done action and all twelve named radio choices (19.031792ms)
react-test-renderer is deprecated. See https://react.dev/warnings/react-test-renderer
✔ ja: actual Language page exposes localized title, Done action and all twelve named radio choices (21.756208ms)
react-test-renderer is deprecated. See https://react.dev/warnings/react-test-renderer
✔ ko: actual Language page exposes localized title, Done action and all twelve named radio choices (15.748583ms)
react-test-renderer is deprecated. See https://react.dev/warnings/react-test-renderer
✔ es: actual Language page exposes localized title, Done action and all twelve named radio choices (24.636417ms)
react-test-renderer is deprecated. See https://react.dev/warnings/react-test-renderer
✔ fr: actual Language page exposes localized title, Done action and all twelve named radio choices (26.593ms)
react-test-renderer is deprecated. See https://react.dev/warnings/react-test-renderer
✔ de: actual Language page exposes localized title, Done action and all twelve named radio choices (16.961041ms)
react-test-renderer is deprecated. See https://react.dev/warnings/react-test-renderer
✔ pt: actual Language page exposes localized title, Done action and all twelve named radio choices (23.261875ms)
react-test-renderer is deprecated. See https://react.dev/warnings/react-test-renderer
✔ ru: actual Language page exposes localized title, Done action and all twelve named radio choices (70.317375ms)
react-test-renderer is deprecated. See https://react.dev/warnings/react-test-renderer
✔ ar: actual Language page exposes localized title, Done action and all twelve named radio choices (28.656375ms)
react-test-renderer is deprecated. See https://react.dev/warnings/react-test-renderer
✔ id: actual Language page exposes localized title, Done action and all twelve named radio choices (15.257167ms)
✔ actual language selection updates the page title, Done name and checked radio together (37.305792ms)
✔ unknown create persists original key/body before POST and no cold auto-retry (2.509917ms)
✔ explicit exact retry reads back, reuses original key/body, produces one backend object (0.859375ms)
✔ edited/new intent cannot silently replace unknown create; old journal remains (0.591125ms)
✔ renewed private session uses fresh context but cannot infer receipt from matching state (0.307667ms)
✔ other owner cannot read or retry the old request (0.159042ms)
✔ durable preparation readback failure sends no create request (0.143792ms)
✔ synthetic funding never emits completed Data Fabric funding evidence (3.249542ms)
✔ simulated authorization, capture, reversal and partial refunds remain usable (1.82725ms)
✔ outbox rejects manually constructed funded events atomically (0.690041ms)
✔ outbox deduplicates and retries the same non-funding event identity (0.618292ms)
✔ twelve explicit resources exactly cover every fixed key and template without inherited English (5.267625ms)
✔ the original 147-item audit is accounted for, including replaced interpolation fragments (0.3575ms)
✔ actual JSX fixed text and action labels are registered, including future additions (68.979791ms)
✔ missing copy and incorrect template variables fail visibly instead of using English (20.109666ms)
✔ funding, native identity, simulation and download keep separate truthful meanings (0.245583ms)
react-test-renderer is deprecated. See https://react.dev/warnings/react-test-renderer
react-test-renderer is deprecated. See https://react.dev/warnings/react-test-renderer
✔ android: every guest connection entry calls only native YNX authorization (320.675125ms)
react-test-renderer is deprecated. See https://react.dev/warnings/react-test-renderer
✔ ios: every guest connection entry calls only native YNX authorization (159.292459ms)
react-test-renderer is deprecated. See https://react.dev/warnings/react-test-renderer
✔ web keeps its separate standard-wallet chooser and explicit MetaMask action (65.202542ms)
react-test-renderer is deprecated. See https://react.dev/warnings/react-test-renderer
✔ en: all six native sections render localized fixed text and local demo notices (134.985875ms)
react-test-renderer is deprecated. See https://react.dev/warnings/react-test-renderer
✔ zh-CN: all six native sections render localized fixed text and local demo notices (120.468ms)
react-test-renderer is deprecated. See https://react.dev/warnings/react-test-renderer
✔ zh-TW: all six native sections render localized fixed text and local demo notices (110.808209ms)
react-test-renderer is deprecated. See https://react.dev/warnings/react-test-renderer
✔ ja: all six native sections render localized fixed text and local demo notices (103.174542ms)
react-test-renderer is deprecated. See https://react.dev/warnings/react-test-renderer
✔ ko: all six native sections render localized fixed text and local demo notices (109.417292ms)
react-test-renderer is deprecated. See https://react.dev/warnings/react-test-renderer
✔ es: all six native sections render localized fixed text and local demo notices (88.704709ms)
react-test-renderer is deprecated. See https://react.dev/warnings/react-test-renderer
✔ fr: all six native sections render localized fixed text and local demo notices (117.4875ms)
react-test-renderer is deprecated. See https://react.dev/warnings/react-test-renderer
✔ de: all six native sections render localized fixed text and local demo notices (72.235792ms)
react-test-renderer is deprecated. See https://react.dev/warnings/react-test-renderer
✔ pt: all six native sections render localized fixed text and local demo notices (41.2125ms)
react-test-renderer is deprecated. See https://react.dev/warnings/react-test-renderer
✔ ru: all six native sections render localized fixed text and local demo notices (35.477333ms)
react-test-renderer is deprecated. See https://react.dev/warnings/react-test-renderer
✔ ar: all six native sections render localized fixed text and local demo notices (36.965ms)
react-test-renderer is deprecated. See https://react.dev/warnings/react-test-renderer
✔ id: all six native sections render localized fixed text and local demo notices (43.380709ms)
react-test-renderer is deprecated. See https://react.dev/warnings/react-test-renderer
react-test-renderer is deprecated. See https://react.dev/warnings/react-test-renderer
✔ Arabic compact header retains column layout without limiting text scaling (53.788875ms)
react-test-renderer is deprecated. See https://react.dev/warnings/react-test-renderer
✔ compact Arabic shares one scroll viewport for chrome, six tabs, safety boundary and real content (27.869291ms)
react-test-renderer is deprecated. See https://react.dev/warnings/react-test-renderer
✔ compact navigation measures current content then returns to the section start, including Help and repeated tabs (37.491875ms)
react-test-renderer is deprecated. See https://react.dev/warnings/react-test-renderer
✔ locale change with no onLayout still navigates using a fresh synchronous host measurement (35.4445ms)
react-test-renderer is deprecated. See https://react.dev/warnings/react-test-renderer
✔ late measurement callbacks cannot override newer locale, navigation or onLayout requests (33.700791ms)
react-test-renderer is deprecated. See https://react.dev/warnings/react-test-renderer
✔ silent: missing or failed measure callbacks never block a fresh tab request (39.835125ms)
react-test-renderer is deprecated. See https://react.dev/warnings/react-test-renderer
✔ throwMeasure: missing or failed measure callbacks never block a fresh tab request (29.692583ms)
react-test-renderer is deprecated. See https://react.dev/warnings/react-test-renderer
✔ fail: missing or failed measure callbacks never block a fresh tab request (30.473625ms)
react-test-renderer is deprecated. See https://react.dev/warnings/react-test-renderer
✔ invalid measured positions and late callbacks after unmount never scroll (34.893083ms)
react-test-renderer is deprecated. See https://react.dev/warnings/react-test-renderer
✔ desktop keeps chrome outside its content viewport and navigation starts at content zero (28.698417ms)
✔ crossing the compact breakpoint preserves the current owner's unsaved registration form (34.472291ms)
✔ exact SDK mirror pin, no Card signing implementation (1.379167ms)
✔ missing negotiated transport fails before challenge (0.789ms)
✔ reserve precedes backend/persistence and canonical public QA proof verifies (4.7585ms)
✔ unsigned exact USER_REJECTED cannot authorize submit (5.295ms)
✔ wrong carrier version fails closed (0.974458ms)
✔ reload recovery has no Wallet call or automatic submit (32.700666ms)
✔ changed backend details fence explicit submit (11.80175ms)
✔ private session/device and per-user isolation (2.600709ms)
✔ expired saved proof is not replayed (10.408333ms)
✔ storage failure sends no approval RPC (0.460875ms)
✔ late changed-context result leaves old pending fenced (0.389166ms)
✔ callback is bound to exact original pending application (11.5585ms)
✔ V1 YNXT application consumes an exact approval separately from Provider V2 (12.950625ms)
✔ new private session requires explicit fresh review and retains the old context without reusing approval (8.169666ms)
✔ wrong selected Hosted account cannot prepare a challenge or dispatch approval (0.559167ms)
✔ connected/hinted adapter without negotiated capability cannot request Card review (2.608458ms)
✔ review reservation is synchronous and uses exact SDK RPC, never browser navigation (0.640625ms)
✔ old lease cannot dispatch after disconnect or account mutation (0.489792ms)
✔ private Card RPC failure does not revoke Standard Connection (0.45775ms)
react-test-renderer is deprecated. See https://react.dev/warnings/react-test-renderer
react-test-renderer is deprecated. See https://react.dev/warnings/react-test-renderer
✔ en: actual Card Guest chooser and errors use localized Hosted Wallet copy (332.9925ms)
react-test-renderer is deprecated. See https://react.dev/warnings/react-test-renderer
✔ zh-CN: actual Card Guest chooser and errors use localized Hosted Wallet copy (65.407375ms)
react-test-renderer is deprecated. See https://react.dev/warnings/react-test-renderer
✔ zh-TW: actual Card Guest chooser and errors use localized Hosted Wallet copy (106.831791ms)
react-test-renderer is deprecated. See https://react.dev/warnings/react-test-renderer
✔ ja: actual Card Guest chooser and errors use localized Hosted Wallet copy (65.434667ms)
react-test-renderer is deprecated. See https://react.dev/warnings/react-test-renderer
✔ ko: actual Card Guest chooser and errors use localized Hosted Wallet copy (57.066ms)
react-test-renderer is deprecated. See https://react.dev/warnings/react-test-renderer
✔ es: actual Card Guest chooser and errors use localized Hosted Wallet copy (58.240542ms)
react-test-renderer is deprecated. See https://react.dev/warnings/react-test-renderer
✔ fr: actual Card Guest chooser and errors use localized Hosted Wallet copy (47.46975ms)
react-test-renderer is deprecated. See https://react.dev/warnings/react-test-renderer
✔ de: actual Card Guest chooser and errors use localized Hosted Wallet copy (91.297084ms)
react-test-renderer is deprecated. See https://react.dev/warnings/react-test-renderer
✔ pt: actual Card Guest chooser and errors use localized Hosted Wallet copy (89.682625ms)
react-test-renderer is deprecated. See https://react.dev/warnings/react-test-renderer
✔ ru: actual Card Guest chooser and errors use localized Hosted Wallet copy (59.776ms)
react-test-renderer is deprecated. See https://react.dev/warnings/react-test-renderer
✔ ar: actual Card Guest chooser and errors use localized Hosted Wallet copy (43.672708ms)
✔ id: actual Card Guest chooser and errors use localized Hosted Wallet copy (53.819ms)
✔ all twelve Card locales render distinct Hosted Wallet choice and async errors without English fallback (0.957291ms)
✔ actual Card Guest UI uses current-locale Hosted copy and keeps private session separate (1.247417ms)
✔ selected Hosted private transport requires approval and forwards only the existing private method (1.395458ms)
✔ selected Hosted request discards old-account completion and preserves unsupported method errors (0.346041ms)
✔ Card vendors the byte-identical accepted Wallet-owned adapter, not a Card signer (0.368958ms)
✔ official popup opens synchronously in the click stack; only approval and exact chain admit an account (0.163ms)
✔ rejection after adapter empty-account event stays rejection and cannot connect (0.160709ms)
✔ blocked and closed popups fail without account; a fresh explicit Retry opens once (0.213875ms)
✔ disconnect cancels pending approval immediately and discards late success (6.711791ms)
✔ old cancelled popup and watchdog cannot clear or invalidate a new pending popup (0.82025ms)
✔ account, chain and provider changes invalidate the approved subject (0.301583ms)
✔ switch-account opens a new Wallet-owned popup synchronously and never reuses approval (0.177583ms)
✔ refresh creates no hosted account from local state, and exact YNX cache never selects MetaMask (1.173333ms)
✔ all twelve Card locales are complete and nonblank (2.201916ms)
✔ Arabic RTL and locale formatting are deterministic (14.79175ms)
✔ safety and authority language remains explicit (0.271625ms)
✔ Card native identity maps every Product Session storage key through the installed Expo SecureStore 57 boundary (0.531834ms)
✔ Card native controller is single-flight, serializes SDK mutations, and cancels stale callbacks (0.822917ms)
✔ Card nested deployment envelope preserves a fixed dist-web Output Directory without source rebuild (0.877917ms)
✔ Card Wallet callback rewrites once to the root SPA while retaining the callback URL and query for protocol parsing (5.351541ms)
✔ private service errors render from current locale and never repeat remote messages (0.519333ms)
✔ one owner/chain/hash credit survives new keys, case changes, and a second card (1.954125ms)
✔ idempotency binds every field and operation, including previously declined requests (0.744041ms)
✔ control and state retries return the original immutable response without overwriting later state (1.1435ms)
✔ an owner-bound processor cannot create or read another owner's cards (0.580875ms)
✔ all input amount boundaries reject without a non-finite or unsafe ledger event (1.603958ms)
✔ total balance capacity counts available, pending, and posted funds before credit (0.482334ms)
✔ controls validate at creation and update and own their deeply frozen arrays (0.618084ms)
✔ unsupported request values and reserved system keys fail before any ledger mutation (0.264ms)
✔ expired partial holds release before a capture, exactly once, at the expiry boundary (0.398459ms)
✔ closed is terminal, pending holds prevent close, and refunds remain possible (3.077458ms)
✔ canonical monotonic time prevents backdated limit and expiry bypass (0.256875ms)
✔ two cards cannot capture or refund each other's events (0.130958ms)
✔ interleaved partial settlements conserve funds and reject an over-refund (7.939625ms)
✔ Testnet processor models partial capture, reversal, refund, and immutable balances (4.782ms)
✔ Testnet processor makes authorization idempotent and enforces controls (1.722917ms)
✔ Testnet processor declines insufficient balance and releases expired authorizations during recovery (0.193833ms)
✔ Card composes the accepted v2 adapter, client and coordinator at the fixed Auth origin without auto-recovery (2.934333ms)
✔ Card opens only a complete payload-bound native authorization request with account read scope (57.03525ms)
✔ Card coalesces simultaneous native Begin actions into one canonical request (1.56625ms)
✔ Card serializes duplicate callback handling through the accepted v2 coordinator (2.635541ms)
✔ Card factory exposes absent, reject, timeout, network-loss and Retry as private states (10011.378417ms)
✔ Finance sharing is requested only after the explicit extra permission action (4.122708ms)
✔ Card rejects a dropped pending write without replacing the prior record and then isolates native storage (0.678792ms)
✔ Card rejects a dropped remove, retains the pending record, and isolates native storage (0.121334ms)
✔ Card confirms a revoke marker by exact readback and serializes concurrent secure mutations (0.099083ms)
✔ Card shares native storage serialization across controllers and rejects stale lease mutations after the new pending record commits (0.207541ms)
✔ Card never classifies an arbitrary storage error code as an owner cancellation (0.068542ms)
✔ TEST actions and cancellation review have distinct complete strings in all twelve locales (3.969458ms)
✔ provider precision is explicit and retains large amounts and refund signs (1.111ms)
✔ user-facing limit converts exactly once to minor units without rounding (0.831333ms)
✔ missing block state cannot be displayed as an unfrozen card (0.146083ms)
✔ account change while the response body arrives never publishes old account records (26.517792ms)
✔ provider application client uses only fixed same-origin v2, fresh proof and exact read/write scopes (1.550875ms)
✔ missing session and invalid resource fail before proof or network; no automatic mutation retry (0.287667ms)
✔ wrong source/owner, HTML fallback, sensitive card fields and hostile hosted URL fail closed (3.25925ms)
✔ provider lifecycle and Finance consent use exact v2 routes and separate fresh scopes (2.540375ms)
✔ invalid expiry and binding are unauthorized before SDK proof or API (0.534875ms)
✔ proof and response-body wait are bounded without extending permission or replaying writes (22.724291ms)
✔ in-place session mutation after proof begins cannot relabel the original request (0.489042ms)
✔ local invalidation settles a stalled read without remote revoke or deleting records (0.37125ms)
✔ refresh preserves exact submit and callback operation IDs independently for each application (0.47925ms)
✔ another owner or corrupt continuation cannot restore an operation (0.273791ms)
✔ application callback is preserved for the application verifier, not the login verifier (0.402041ms)
✔ mixed and repeated callback discriminators are rejected (0.211208ms)
✔ accepted historical dual source and compiled candidate pair retain exact backend response identity (90.306042ms)
✔ unknown backend, frontend, tree, version, environment or compatibility binding fails closed (19.117916ms)
✔ Card builder binds source commit/tree into both Metro environment and runtime identity (0.260458ms)
✔ observed public 7f9 frontend/e95 API pair is accepted only by its pinned historical consumer, never by a mismatched new JS identity (7.871833ms)
✔ every static application label and recovery explanation is covered in twelve locales (1.767292ms)
✔ known transaction labels localize without promoting unknown transactions (0.151208ms)
✔ provider states are TEST-labelled and unknown states never become verified or active (0.087041ms)
✔ selected Hosted approval and Retry reuse that transport without injected fallback (65.148083ms)
✔ selected Hosted unsupported method cannot silently select injected YNX or revoke a grant (20.481125ms)
✔ local context cancellation drops late Hosted approval without SDK revocation (20.963958ms)
✔ Finance scope mode restores its own namespace without a new request (11.568792ms)
✔ legacy local-only intent stays paused with SDK records retained; trusted corrupt mode is rejected (19.876917ms)
✔ exact YNX Provider transports the pending request as data and same SDK handles approval (12.973167ms)
✔ signed rejection reaches SDK and never becomes a connection (11.274833ms)
✔ no exact YNX Provider and MetaMask-only browser keep Card visible (42.013625ms)
✔ malformed return, user rejection and account switch never reach SDK completion (44.557125ms)
✔ watchdog follows extension review deadline and discards approval after timeout (9.614583ms)
✔ Retry creates a fresh SDK nonce instead of replaying detected pending data (16.19225ms)
✔ disconnect drops a late Provider return without granting a Session (16.842917ms)
✔ scope switch waits for in-flight Gateway return and revocation before new namespace (12.921625ms)
✔ account-change pause survives a cold reload without revoking or erasing the SDK namespace (10.767459ms)
✔ pause survives failed or silent local writes through a verified tab tombstone (27.622666ms)
✔ unwritable pause explicitly fails and blocks same-runtime proof without deleting grant (16.683792ms)
✔ unsupported sharing cannot revoke the approved base session or silently expand its scope (14.49825ms)
✔ local pause still allows an explicit SDK revocation and only returns its confirmed result (7.378792ms)
✔ failed explicit SDK revocation is not reported as revoked and cannot automatically restore (6.944542ms)
✔ wallet-bound registration transitions only with an explicit sandbox receipt (0.741666ms)
✔ registration is idempotent, recoverable and isolated per wallet (0.330834ms)
✔ registration has 12 explicit complete resources, 32 text keys, 7 statuses and 2 templates (3.474792ms)
✔ Registration JSX cannot add unregistered fixed text, placeholders or accessibility labels (20.946875ms)
✔ registration errors and statuses retain specific meanings and unknown errors stay private (1.703792ms)
react-test-renderer is deprecated. See https://react.dev/warnings/react-test-renderer
react-test-renderer is deprecated. See https://react.dev/warnings/react-test-renderer
✔ en: real registration accepts sequential fields, prepares only after validation and safely degrades (331.4645ms)
react-test-renderer is deprecated. See https://react.dev/warnings/react-test-renderer
✔ zh-CN: real registration accepts sequential fields, prepares only after validation and safely degrades (47.4805ms)
react-test-renderer is deprecated. See https://react.dev/warnings/react-test-renderer
✔ zh-TW: real registration accepts sequential fields, prepares only after validation and safely degrades (37.956625ms)
react-test-renderer is deprecated. See https://react.dev/warnings/react-test-renderer
✔ ja: real registration accepts sequential fields, prepares only after validation and safely degrades (42.398666ms)
react-test-renderer is deprecated. See https://react.dev/warnings/react-test-renderer
✔ ko: real registration accepts sequential fields, prepares only after validation and safely degrades (36.119958ms)
react-test-renderer is deprecated. See https://react.dev/warnings/react-test-renderer
✔ es: real registration accepts sequential fields, prepares only after validation and safely degrades (35.222875ms)
react-test-renderer is deprecated. See https://react.dev/warnings/react-test-renderer
✔ fr: real registration accepts sequential fields, prepares only after validation and safely degrades (35.0445ms)
react-test-renderer is deprecated. See https://react.dev/warnings/react-test-renderer
✔ de: real registration accepts sequential fields, prepares only after validation and safely degrades (32.185958ms)
react-test-renderer is deprecated. See https://react.dev/warnings/react-test-renderer
✔ pt: real registration accepts sequential fields, prepares only after validation and safely degrades (31.327041ms)
react-test-renderer is deprecated. See https://react.dev/warnings/react-test-renderer
✔ ru: real registration accepts sequential fields, prepares only after validation and safely degrades (30.033667ms)
react-test-renderer is deprecated. See https://react.dev/warnings/react-test-renderer
✔ ar: real registration accepts sequential fields, prepares only after validation and safely degrades (32.222292ms)
react-test-renderer is deprecated. See https://react.dev/warnings/react-test-renderer
✔ id: real registration accepts sequential fields, prepares only after validation and safely degrades (30.98675ms)
react-test-renderer is deprecated. See https://react.dev/warnings/react-test-renderer
✔ android: real registration never reads or writes storage or offers web application actions (27.657625ms)
react-test-renderer is deprecated. See https://react.dev/warnings/react-test-renderer
✔ ios: real registration never reads or writes storage or offers web application actions (24.568583ms)
react-test-renderer is deprecated. See https://react.dev/warnings/react-test-renderer
✔ registration read rejection shows safe localized failure and blocks actions (28.320917ms)
react-test-renderer is deprecated. See https://react.dev/warnings/react-test-renderer
✔ writeError: persistence failure retains the last confirmed draft without success or advancement (29.324542ms)
react-test-renderer is deprecated. See https://react.dev/warnings/react-test-renderer
✔ silentWriteFailure: persistence failure retains the last confirmed draft without success or advancement (28.507375ms)
react-test-renderer is deprecated. See https://react.dev/warnings/react-test-renderer
✔ failed draft creation does not display a draft or success (23.985417ms)
react-test-renderer is deprecated. See https://react.dev/warnings/react-test-renderer
✔ late save completion cannot replace a newly selected wallet's form, record or notice (27.99225ms)
react-test-renderer is deprecated. See https://react.dev/warnings/react-test-renderer
✔ late load completion after wallet switch cannot expose the prior wallet's application (26.271625ms)
react-test-renderer is deprecated. See https://react.dev/warnings/react-test-renderer
✔ late save completion after unmount stops before persistence readback (24.832959ms)
react-test-renderer is deprecated. See https://react.dev/warnings/react-test-renderer
✔ registration UI preserves the protocol's minimum 1 YNXT and UTF-16 length validation (25.7675ms)
react-test-renderer is deprecated. See https://react.dev/warnings/react-test-renderer
✔ registration removes old-owner fields in the first committed tree on wallet switch (32.627125ms)
react-test-renderer is deprecated. See https://react.dev/warnings/react-test-renderer
✔ registration removes old-owner fields in the first committed tree on disconnect (36.073333ms)
✔ changing locale preserves the current owner's unsaved registration form (31.322917ms)
✔ Card static build emits a deterministic source-bound Testnet runtime identity (0.7005ms)
✔ Card consumes the shared standard-wallet reducer and closes its chooser only after account plus 0x1917 (0.657792ms)
✔ Card consumes the shared EIP-6963 discovery and keeps MetaMask identity exact (3.502875ms)
✔ Card consumes shared discovery without a browser RPC fetch prerequisite (2.73575ms)
✔ Card renders distinct provider identities and a complete connection lifecycle without blank tabs (0.376334ms)
✔ simulation replay detection keeps one canonical record for same idempotency key (2.707708ms)
✔ recoverLastFailed marks failed simulation entries as recoverable (0.15325ms)
✔ Card consumes the exact self-contained Wallet Owner artifact (0.479542ms)
✔ late EIP-6963 announcement and injected providers preserve distinct identities without account requests (4.207125ms)
✔ shared discovery rejects ambiguous MetaMask and a dual-brand provider (0.475834ms)
✔ both selected providers restore without prompts and deliver SDK account/chain/disconnect events (1.939125ms)
✔ permission revoke needs empty-account readback and is not a local-only success (0.414083ms)
✔ a rejected connection retains the exact provider error and creates no account (3.966958ms)
✔ Card static deployment envelope satisfies the existing Vercel build command without rebuilding source (0.746083ms)
✔ Card binds the only accepted YNX Testnet identities (0.448458ms)
✔ Card uses exact canonical Wallet registry identity (51.116ms)
✔ canonical Wallet callback verifies every Card binding (21.546584ms)
✔ Card root callback parser binds an approval or rejection to the same persisted request (2.91125ms)
✔ Card submits an exact intent-bound YNXT wallet transaction and verifies confirmations (0.514083ms)
✔ Card rejects failed, redirected, or under-confirmed Testnet top-ups (1.56975ms)
✔ Card consumes the Standard Wallet SDK and retains CONNECTED state when private service degrades (0.822875ms)
✔ Card discovers only MetaMask through EIP-6963 or an exact injected MetaMask provider (4.686042ms)
✔ Card MetaMask requests accounts then switches or adds only YNX Testnet (0.432209ms)
✔ Card MetaMask restores only verified accounts and reacts to account, chain, and disconnect events (0.345166ms)
✔ Card restores and watches the explicitly selected YNX provider without MetaMask substitution (0.218916ms)
✔ Card disconnects with truthful revoke verification and switches accounts only from an explicit action (0.406709ms)
✔ Card MetaMask mobile and desktop links are official and isolated from YNX Wallet authorization (0.271625ms)
✔ legacy Card private routes remain blocked and are not v2 evidence (13.129375ms)
✔ Card preserves provider identity and fails closed on unknown Wallet errors (0.243667ms)
✔ Card prewarms shared provider discovery without selecting an account or network (0.507583ms)
✔ Card makes an ambiguous read-only Wallet restore chooser-driven without requesting accounts (3.914083ms)
✔ Card Web root is English and disables browser translation until a user selects another locale (0.5455ms)
✔ Card release source never directly opens a bare YNX Wallet authorization route (0.90175ms)
✔ Web custom-scheme launcher is disabled (0.333208ms)
✔ Card Web source has no custom-scheme launcher and keeps visible fallback paths (0.961375ms)
✔ Card discovers only an explicit YNX EIP-6963 or injected provider (1.875917ms)
✔ Web YNX button selects exact injected YNX before synchronous Hosted fallback, never custom scheme (0.67875ms)
ℹ tests 273
ℹ suites 0
ℹ pass 273
ℹ fail 0
ℹ cancelled 0
ℹ skipped 0
ℹ todo 0
ℹ duration_ms 10978.325709
react-test-renderer is deprecated. See https://react.dev/warnings/react-test-renderer
react-test-renderer is deprecated. See https://react.dev/warnings/react-test-renderer
✔ actual Card Web YNX action opens Hosted synchronously and publishes only approved account (148.609167ms)
react-test-renderer is deprecated. See https://react.dev/warnings/react-test-renderer
✔ actual Card Web rejection and explicit disconnect never become approval (91.366125ms)
react-test-renderer is deprecated. See https://react.dev/warnings/react-test-renderer
✔ actual Card Web account switch requests a new popup in the same action and drops old subject (58.308417ms)
react-test-renderer is deprecated. See https://react.dev/warnings/react-test-renderer
✔ failed MetaMask choice after Hosted closes old subject instead of retaining a fake Card account (49.9155ms)
react-test-renderer is deprecated. See https://react.dev/warnings/react-test-renderer
✔ late Hosted approval after explicit MetaMask choice cannot resurrect the old YNX subject (48.876167ms)
react-test-renderer is deprecated. See https://react.dev/warnings/react-test-renderer
✔ standard identity switch stops old private proof use without claiming remote revocation (39.132125ms)
react-test-renderer is deprecated. See https://react.dev/warnings/react-test-renderer
✔ Hosted popup loss and Standard disconnect preserve approved Card grant; explicit revoke removes it (38.734125ms)
✔ App replaces provider client on approved private account change and cancels old reads (40.953ms)
react-test-renderer is deprecated. See https://react.dev/warnings/react-test-renderer
react-test-renderer is deprecated. See https://react.dev/warnings/react-test-renderer
✔ cold Card application callback restores existing identity without sending it to login verification or opening Wallet (177.115ms)
react-test-renderer is deprecated. See https://react.dev/warnings/react-test-renderer
✔ closing Card during business callback identity restore prevents late login publication (101.071542ms)
react-test-renderer is deprecated. See https://react.dev/warnings/react-test-renderer
✔ cold initial URL enters existing-only verification without automatically beginning (58.703708ms)
react-test-renderer is deprecated. See https://react.dev/warnings/react-test-renderer
✔ Close then new Begin: older cold factory cannot replace new pending state (52.052125ms)
react-test-renderer is deprecated. See https://react.dev/warnings/react-test-renderer
✔ overlapping cold factories: old error cannot overwrite newer callback outcome (53.740292ms)
react-test-renderer is deprecated. See https://react.dev/warnings/react-test-renderer
✔ published controller retains actual serial ordering for overlapping callbacks (43.559875ms)
react-test-renderer is deprecated. See https://react.dev/warnings/react-test-renderer
✔ saved locale/session rerender does not clean up the callback listener (44.25275ms)
react-test-renderer is deprecated. See https://react.dev/warnings/react-test-renderer
✔ actual unmount removes the listener and blocks late factory delivery (34.164291ms)
react-test-renderer is deprecated. See https://react.dev/warnings/react-test-renderer
✔ old handler success after Close does not clear new busy (43.687125ms)
✔ old handler error after Close does not clear new busy (40.355334ms)
react-test-renderer is deprecated. See https://react.dev/warnings/react-test-renderer
react-test-renderer is deprecated. See https://react.dev/warnings/react-test-renderer
✔ old private approval failure cannot overwrite a later Web disconnect (166.271417ms)
✔ old base-scope failure cannot overwrite later Finance-scope approval (92.036ms)
react-test-renderer is deprecated. See https://react.dev/warnings/react-test-renderer
react-test-renderer is deprecated. See https://react.dev/warnings/react-test-renderer
✔ A late status and funding cannot replace B under the B heading (140.081417ms)
react-test-renderer is deprecated. See https://react.dev/warnings/react-test-renderer
✔ A to B to A rejects the first A generation and keeps the second A readback (72.110334ms)
react-test-renderer is deprecated. See https://react.dev/warnings/react-test-renderer
✔ manual A status readback cannot replace B after selection (64.016125ms)
react-test-renderer is deprecated. See https://react.dev/warnings/react-test-renderer
✔ manual A funding readback cannot replace B after selection (38.462583ms)
react-test-renderer is deprecated. See https://react.dev/warnings/react-test-renderer
✔ late A history cannot replace B or clear B loading state (41.261125ms)
react-test-renderer is deprecated. See https://react.dev/warnings/react-test-renderer
✔ old A error cannot appear under B or stop a pending B request (39.13025ms)
react-test-renderer is deprecated. See https://react.dev/warnings/react-test-renderer
✔ an A load-more page cannot append into B or change B pagination cursor (44.179292ms)
react-test-renderer is deprecated. See https://react.dev/warnings/react-test-renderer
✔ a late A freeze response cannot announce or read back A under B (40.345959ms)
react-test-renderer is deprecated. See https://react.dev/warnings/react-test-renderer
✔ unmount prevents pending status and funding from writing state (30.737667ms)
react-test-renderer is deprecated. See https://react.dev/warnings/react-test-renderer
✔ owner switch hides prior applications and consent until exact new-owner records arrive (33.91225ms)
react-test-renderer is deprecated. See https://react.dev/warnings/react-test-renderer
✔ same-owner session rotation clears old private view and logout performs no new reads (25.2735ms)
react-test-renderer is deprecated. See https://react.dev/warnings/react-test-renderer
✔ Web application review never opens a custom scheme or prepares a new approval mutation (31.993916ms)
react-test-renderer is deprecated. See https://react.dev/warnings/react-test-renderer
✔ TEST cancellation requires a separate review and exact local-only receipt (30.50825ms)
react-test-renderer is deprecated. See https://react.dev/warnings/react-test-renderer
✔ unconfirmed cancellation is an error and repeated confirmation reuses its idempotency key (30.103458ms)
react-test-renderer is deprecated. See https://react.dev/warnings/react-test-renderer
✔ changing owner drops pending cancellation review without submitting it (26.085083ms)
react-test-renderer is deprecated. See https://react.dev/warnings/react-test-renderer
✔ approved applications never offer local cancellation as upstream revocation (22.407834ms)
react-test-renderer is deprecated. See https://react.dev/warnings/react-test-renderer
✔ dialog can scroll at large text size, exposes disabled semantics and restores Web focus (30.766ms)
react-test-renderer is deprecated. See https://react.dev/warnings/react-test-renderer
✔ Arabic cancellation review is RTL and changing locale retranslates an existing failure (26.844875ms)
✔ provider disclosure stays byte-for-byte original while wrappers and record states localize (25.894709ms)
ℹ tests 39
ℹ suites 0
ℹ pass 39
ℹ fail 0
ℹ cancelled 0
ℹ skipped 0
ℹ todo 0
ℹ duration_ms 931.872166
react-test-renderer is deprecated. See https://react.dev/warnings/react-test-renderer
react-test-renderer is deprecated. See https://react.dev/warnings/react-test-renderer
✔ actual private form has no auto-create, PAN/CVV, fake active account or balance (133.612292ms)
react-test-renderer is deprecated. See https://react.dev/warnings/react-test-renderer
✔ explicit terms/create/challenge/review failure never submits a card (25.248084ms)
react-test-renderer is deprecated. See https://react.dev/warnings/react-test-renderer
✔ Chinese private form changes UI copy without replaying actions (14.218167ms)
✔ actual form keeps unknown create and retries the original body/key rather than edited fields (18.864666ms)
react-test-renderer is deprecated. See https://react.dev/warnings/react-test-renderer
react-test-renderer is deprecated. See https://react.dev/warnings/react-test-renderer
✔ Web navigation exposes one selected section before and after local controls change (158.951625ms)
react-test-renderer is deprecated. See https://react.dev/warnings/react-test-renderer
✔ Native sections retain native selection attributes without Web-only aria props (44.1885ms)
react-test-renderer is deprecated. See https://react.dev/warnings/react-test-renderer
✔ Guest control changes stay in Controls and preserve their actual local state (43.8945ms)
react-test-renderer is deprecated. See https://react.dev/warnings/react-test-renderer
✔ local controls audit remains visible through explicit Activity navigation (37.773875ms)
✔ explicit Virtual Card demos still lead to Activity without creating Wallet or private identity (30.545667ms)
react-test-renderer is deprecated. See https://react.dev/warnings/react-test-renderer
react-test-renderer is deprecated. See https://react.dev/warnings/react-test-renderer
✔ named Web radiogroup describes three explicit checked states and a single tab stop (50.585333ms)
react-test-renderer is deprecated. See https://react.dev/warnings/react-test-renderer
✔ direction/Home/End keys move selection and focus without changing native semantics (12.805042ms)
✔ native radio group retains native checked state without DOM keyboard props (8.803958ms)
ℹ tests 12
ℹ suites 0
ℹ pass 12
ℹ fail 0
ℹ cancelled 0
ℹ skipped 0
ℹ todo 0
ℹ duration_ms 606.749458

> @ynx-chain/card@1.0.0 native-patch:test
> node --test scripts/secure-store-native-patch.test.mjs

✔ pristine reviewed package applies, re-applies identically and verifies without mutation (13.365959ms)
✔ unreviewed Kotlin is refused before installing a helper or overwriting source (3.986917ms)
✔ helper tampering is refused before patching pristine module (4.066ms)
✔ partial helper-only installation can resume; incomplete module-only build cannot pass (7.65275ms)
✔ version cannot silently substitute an unpatched native dependency (3.20625ms)
✔ integrity cannot silently substitute an unpatched native dependency (4.368625ms)
✔ registry cannot silently substitute an unpatched native dependency (4.553916ms)
✔ prebuilt-aar cannot silently substitute an unpatched native dependency (2.797458ms)
✔ installed-version cannot silently substitute an unpatched native dependency (3.593041ms)
✔ source symlink cannot redirect patch writes (3.860958ms)
✔ checked-in and generated Android build gates use the same fail-closed source verification (40.068208ms)
ℹ tests 11
ℹ suites 0
ℹ pass 11
ℹ fail 0
ℹ cancelled 0
ℹ skipped 0
ℹ todo 0
ℹ duration_ms 136.877959
