✔ actual Go two-browser research and confirmed schedules stay isolated through lost-return and restart (30845.314625ms)
ℹ {"classification":"EXISTING_ISOLATED_QA_BROWSER","browserExecutable":"/Users/huangjiahao/Library/Caches/ms-playwright/chromium-1208/chrome-mac-arm64/Google Chrome for Testing.app/Contents/MacOS/Google Chrome for Testing","browserVersion":"145.0.7632.6","publicVerified":false,"installedWallet":false}
ℹ {"classification":"LOCAL_SAME_WORKSPACE_TWO_TAB_REAL_GO_LATE_RESPONSE","paperPosts":3,"committedOrders":2,"distinctIntents":2,"oldResponsePreservedNewJournal":true,"newResponseClearedOwnJournal":true,"exactCostChargedOnce":true,"blankTabs":0,"publicVerified":false,"walletApproval":false}
ℹ {"classification":"LOCAL_CORRUPT_JOURNAL_TWO_TAB_FORGET_RECOVERY","corruptJournalInjectedForBoundaryTest":true,"validReplacementCreatedByOriginalUI":true,"staleDialogs":0,"staleForgetPreserved":true,"cancelPreserved":true,"paperPosts":2,"additionalCommittedOrders":1,"exactReplay":true,"blankTabs":0,"publicVerified":false,"walletApproval":false}
ℹ {"classification":"LOCAL_SAVED_RESEARCH_TWO_TAB_REAL_GO_LATE_RESPONSE","posts":3,"committedExperiments":2,"oldResponsePreservedNewJournal":true,"cancelPreserved":true,"blankTabs":0,"publicVerified":false,"walletApproval":false}
ℹ cleanup=overlap-context-start
ℹ cleanup=overlap-context-complete
ℹ cleanup=research-contexts-start
ℹ cleanup=research-contexts-complete
ℹ cleanup=browser-start
ℹ cleanup=browser-complete
ℹ cleanup=service-complete
ℹ cleanup=tape-complete
ℹ {"classification":"LOCAL_BROWSER_CONTROLLED_TAPE_NOT_PUBLIC_ACCEPTANCE","retainedRoot":"/var/folders/nd/ks11whcs64b4nsy5xpjvj7540000gn/T/ynx-quant-research-recovery-0sFkZs","binaryBytes":11517090,"binarySha256":"48418fe95eb5bed135908c409a16df32e544d39f0703ec0313866f5e23ab41aa","screenshots":[{"path":"/var/folders/nd/ks11whcs64b4nsy5xpjvj7540000gn/T/ynx-quant-research-recovery-0sFkZs/workspace-unavailable-en.png","bytes":227832,"sha256":"984e89828cd28449cd4999eeaffa672764a069b3b31730108aebec04a5a29ffd"},{"path":"/var/folders/nd/ks11whcs64b4nsy5xpjvj7540000gn/T/ynx-quant-research-recovery-0sFkZs/workspace-recovered-en.png","bytes":199491,"sha256":"e567a3e9dd7015f8c56d097f0a72bef7ffd2583829998a2d02abd74ccb0b61ab"},{"path":"/var/folders/nd/ks11whcs64b4nsy5xpjvj7540000gn/T/ynx-quant-research-recovery-0sFkZs/saved-experiment-reopened-en.png","bytes":242962,"sha256":"51a06d96cb2ac5430ac9f24227cf19745ba245eedd3672c0d71d0d3dc6899722"},{"path":"/var/folders/nd/ks11whcs64b4nsy5xpjvj7540000gn/T/ynx-quant-research-recovery-0sFkZs/paper-costs-recovered-en.png","bytes":181279,"sha256":"5957a29b0a2b73139ec66e7f3973ca021098e448021a73015fc45106bf1a88bd"},{"path":"/var/folders/nd/ks11whcs64b4nsy5xpjvj7540000gn/T/ynx-quant-research-recovery-0sFkZs/paper-costs-recovered-ar.png","bytes":151834,"sha256":"0bc5d17e86f40378eec38c550d7cd93b720131cc1c149be617e166a7324708d9"},{"path":"/var/folders/nd/ks11whcs64b4nsy5xpjvj7540000gn/T/ynx-quant-research-recovery-0sFkZs/paper-receipt-320-en.png","bytes":168187,"sha256":"ec185c579645db8d9ac98a7fad62f9addbce0464a89598b5e355ac0288c57ea2"},{"path":"/var/folders/nd/ks11whcs64b4nsy5xpjvj7540000gn/T/ynx-quant-research-recovery-0sFkZs/paper-receipt-390-ar.png","bytes":330565,"sha256":"5d2f2f04863a32df1dedc5a114dc6c55c3c251f1b0131a14f28b14b1fd6d35b8"},{"path":"/var/folders/nd/ks11whcs64b4nsy5xpjvj7540000gn/T/ynx-quant-research-recovery-0sFkZs/paper-receipt-1440-zh-CN.png","bytes":467914,"sha256":"c27606ffc58dca4d9aea4f7f5295b228192a8ab6bff0bb19474beffbef1844dc"},{"path":"/var/folders/nd/ks11whcs64b4nsy5xpjvj7540000gn/T/ynx-quant-research-recovery-0sFkZs/same-workspace-late-old-response-en.png","bytes":226025,"sha256":"289fb621766d0faa14b4f8d983bc45a87c7a5273972c32c711c0c4082d0d97f9"},{"path":"/var/folders/nd/ks11whcs64b4nsy5xpjvj7540000gn/T/ynx-quant-research-recovery-0sFkZs/same-workspace-new-request-pending-en.png","bytes":263470,"sha256":"519fa9712a187b729147b278e5581212edb0d3f1959ba6211ddc5a9b7c7a6e71"},{"path":"/var/folders/nd/ks11whcs64b4nsy5xpjvj7540000gn/T/ynx-quant-research-recovery-0sFkZs/same-workspace-two-orders-reloaded-en.png","bytes":274822,"sha256":"534909d61247dac3e231e1b835dc2f2f20dd927d2ad7e8a3a3742d9064850a2e"},{"path":"/var/folders/nd/ks11whcs64b4nsy5xpjvj7540000gn/T/ynx-quant-research-recovery-0sFkZs/stale-forget-preserved-new-request-en.png","bytes":301165,"sha256":"224f91e2ed4d80e3340ca68b0943085bb1fb8e1a770ff32bae23ef4e26475e08"}],"independentBrowserContexts":3,"sameWorkspaceTabs":2,"cleanSIGTERMStops":4,"publicVerified":false,"walletApproval":false}
ℹ tests 1
ℹ suites 0
ℹ pass 1
ℹ fail 0
ℹ cancelled 0
ℹ skipped 0
ℹ todo 0
ℹ duration_ms 31099.800541
