✔ actual Go two-browser research and confirmed schedules stay isolated through lost-return and restart (26745.628084ms)
ℹ {"classification":"EXISTING_ISOLATED_QA_BROWSER","browserExecutable":"/Users/huangjiahao/Library/Caches/ms-playwright/chromium-1208/chrome-mac-arm64/Google Chrome for Testing.app/Contents/MacOS/Google Chrome for Testing","browserVersion":"145.0.7632.6","publicVerified":false,"installedWallet":false}
ℹ {"classification":"LOCAL_SAME_WORKSPACE_TWO_TAB_REAL_GO_LATE_RESPONSE","paperPosts":3,"committedOrders":2,"distinctIntents":2,"oldResponsePreservedNewJournal":true,"newResponseClearedOwnJournal":true,"exactCostChargedOnce":true,"blankTabs":0,"publicVerified":false,"walletApproval":false}
ℹ {"classification":"LOCAL_CORRUPT_JOURNAL_TWO_TAB_FORGET_RECOVERY","corruptJournalInjectedForBoundaryTest":true,"validReplacementCreatedByOriginalUI":true,"staleDialogs":0,"staleForgetPreserved":true,"cancelPreserved":true,"paperPosts":2,"additionalCommittedOrders":1,"exactReplay":true,"blankTabs":0,"publicVerified":false,"walletApproval":false}
ℹ {"classification":"LOCAL_SAVED_RESEARCH_TWO_TAB_REAL_GO_LATE_RESPONSE","posts":3,"committedExperiments":2,"oldResponsePreservedNewJournal":true,"cancelPreserved":true,"blankTabs":0,"publicVerified":false,"walletApproval":false}
ℹ cleanup=overlap-context-start
ℹ cleanup=overlap-context-complete
ℹ cleanup=research-contexts-start
ℹ cleanup=research-contexts-complete
ℹ cleanup=browser-start
ℹ cleanup=browser-complete
ℹ cleanup=service-complete
ℹ cleanup=tape-complete
ℹ {"classification":"LOCAL_BROWSER_CONTROLLED_TAPE_NOT_PUBLIC_ACCEPTANCE","retainedRoot":"/var/folders/nd/ks11whcs64b4nsy5xpjvj7540000gn/T/ynx-quant-research-recovery-gHn9X1","binaryBytes":11517090,"binarySha256":"48418fe95eb5bed135908c409a16df32e544d39f0703ec0313866f5e23ab41aa","screenshots":[{"path":"/var/folders/nd/ks11whcs64b4nsy5xpjvj7540000gn/T/ynx-quant-research-recovery-gHn9X1/workspace-unavailable-en.png","bytes":227832,"sha256":"984e89828cd28449cd4999eeaffa672764a069b3b31730108aebec04a5a29ffd"},{"path":"/var/folders/nd/ks11whcs64b4nsy5xpjvj7540000gn/T/ynx-quant-research-recovery-gHn9X1/workspace-recovered-en.png","bytes":199491,"sha256":"e567a3e9dd7015f8c56d097f0a72bef7ffd2583829998a2d02abd74ccb0b61ab"},{"path":"/var/folders/nd/ks11whcs64b4nsy5xpjvj7540000gn/T/ynx-quant-research-recovery-gHn9X1/saved-experiment-reopened-en.png","bytes":242998,"sha256":"d20a3fd90aa72c0e437b249224611cf9f9e59a79ae070901342d266efbe4c72b"},{"path":"/var/folders/nd/ks11whcs64b4nsy5xpjvj7540000gn/T/ynx-quant-research-recovery-gHn9X1/saved-research-restored-pending-en.png","bytes":131307,"sha256":"1cdae0eccb9fce43793ac1e2cfe6c8fbf816f5c71054b614e9e7bfe92194c038"},{"path":"/var/folders/nd/ks11whcs64b4nsy5xpjvj7540000gn/T/ynx-quant-research-recovery-gHn9X1/paper-costs-recovered-en.png","bytes":181725,"sha256":"bf60d553cc8651a8c0febecd992a65a982081e8ab00004e66f4706855394cc01"},{"path":"/var/folders/nd/ks11whcs64b4nsy5xpjvj7540000gn/T/ynx-quant-research-recovery-gHn9X1/paper-costs-recovered-ar.png","bytes":152802,"sha256":"1f214fb4db034906d8945d963a574e1b271e1fc2a2a12d40ef38fd1beae089f2"},{"path":"/var/folders/nd/ks11whcs64b4nsy5xpjvj7540000gn/T/ynx-quant-research-recovery-gHn9X1/paper-receipt-320-en.png","bytes":168464,"sha256":"fb16dac9233a0c0f3f2d740b68c733fec18d27ad78ab70043901dad991a95d1a"},{"path":"/var/folders/nd/ks11whcs64b4nsy5xpjvj7540000gn/T/ynx-quant-research-recovery-gHn9X1/paper-receipt-390-ar.png","bytes":331235,"sha256":"96d162ca33bca860a4b7e8973177bf54eeba1efc05b0a2c1be10bfbffbdf3991"},{"path":"/var/folders/nd/ks11whcs64b4nsy5xpjvj7540000gn/T/ynx-quant-research-recovery-gHn9X1/paper-receipt-1440-zh-CN.png","bytes":468036,"sha256":"c0af92d75b5e559c260a183d74c379c650fdd7c65ab524ca96c2dfac001586a0"},{"path":"/var/folders/nd/ks11whcs64b4nsy5xpjvj7540000gn/T/ynx-quant-research-recovery-gHn9X1/same-workspace-late-old-response-en.png","bytes":226569,"sha256":"4fe019127c1df9e6fce09cdee7b386e5bba79568da8434abd4fd14dcd76c8527"},{"path":"/var/folders/nd/ks11whcs64b4nsy5xpjvj7540000gn/T/ynx-quant-research-recovery-gHn9X1/same-workspace-new-request-pending-en.png","bytes":263801,"sha256":"c7c2c8495ce0aa4bfc4bec2844c8832638672c29b133ce4b52413c3d3b6ab621"},{"path":"/var/folders/nd/ks11whcs64b4nsy5xpjvj7540000gn/T/ynx-quant-research-recovery-gHn9X1/same-workspace-two-orders-reloaded-en.png","bytes":274625,"sha256":"3900ab54e715db1bba588c0367b16813e4158f82c40bfbcb771cb1c1b9bb2564"},{"path":"/var/folders/nd/ks11whcs64b4nsy5xpjvj7540000gn/T/ynx-quant-research-recovery-gHn9X1/stale-forget-preserved-new-request-en.png","bytes":301422,"sha256":"6c177537834f16f10458f28cd4a6464c1d99bab234f283d3eea1b0667ffa3344"}],"independentBrowserContexts":3,"sameWorkspaceTabs":2,"cleanSIGTERMStops":4,"publicVerified":false,"walletApproval":false}
ℹ tests 1
ℹ suites 0
ℹ pass 1
ℹ fail 0
ℹ cancelled 0
ℹ skipped 0
ℹ todo 0
ℹ duration_ms 26912.903333
