✔ every selected browser must pass, including when another browser passes (0.369667ms)
✔ failure diagnostics preserve independent document/worker/cache observations if integrity snapshot hangs (22.973375ms)
✔ closed pages produce explicit per-component diagnostics, not a null snapshot (12.86375ms)
✔ real page provider announces independently with a frozen foreign provider and script fixture tags (3.043583ms)
✔ real page provider announces independently with a frozen foreign provider and SCRIPT fixture tags (0.676208ms)
✔ PWA readiness polls through detached or navigating iframe documents (0.976875ms)
✔ controlled fixture reader rejects changed wrappers instead of filtering arbitrary HTML (0.504458ms)
✔ runtime bridge uses an HTTPS blank fixture and discovers the real EIP-6963 provider (0.417209ms)
✔ branded runtime also uses real HTTPS EIP-6963 discovery (0.063792ms)
✔ active-tab runtime polls migration and classifies toolbar action as manual (0.063333ms)
✔ branded runtime gate is selectable and does not inherit Playwright's extension blocker (0.36125ms)
✔ branded runtime gate uses disposable profiles, bounded launches, and honest release booleans (0.087125ms)
ℹ tests 12
ℹ suites 0
ℹ pass 12
ℹ fail 0
ℹ cancelled 0
ℹ skipped 0
ℹ todo 0
ℹ duration_ms 86.913625
