
> @ynx-chain/wallet-web@0.1.0-testnet-preview.1 test
> node --test test/*.test.js

✔ activeTab accepts only an exact HTTP(S) top-level DApp context (1.584167ms)
✔ activeTab bridge injection is isolated-world first and main-world second (0.393208ms)
✔ standalone authority requires exact embedded mapping and both hashes (49.804458ms)
✔ preverified archive bytes are copied once and cannot race a later mutation (0.293083ms)
✔ archive corruption, duplicates and unused authorities never silently pass (15.09825ms)
✔ immutable Wallet deployment disables caching for identity and worker authority (6.231583ms)
Built PWA plus unsigned Chromium (Chrome/Edge) and Firefox extension directories.
Built PWA plus unsigned Chromium (Chrome/Edge) and Firefox extension directories.
▶ actual extension artifacts have complete browser module and manifest graphs
  ✔ explicit archive authority mode reproduces every Git-build output byte (430.963542ms)
  ✔ chromium: all shipped JS, HTML and manifest references resolve (30.984542ms)
  ✔ chromium: missing transitive import fails artifact verification (15.593833ms)
  ✔ chromium: missing manifest worker fails artifact verification (1.34475ms)
  ✔ chromium: missing HTML entry, bare imports and escaping imports are rejected (25.948667ms)
  ✔ firefox: all shipped JS, HTML and manifest references resolve (30.18025ms)
  ✔ firefox: missing transitive import fails artifact verification (14.538208ms)
  ✔ firefox: missing manifest worker fails artifact verification (1.439708ms)
  ✔ firefox: missing HTML entry, bare imports and escaping imports are rejected (26.554792ms)
✔ actual extension artifacts have complete browser module and manifest graphs (1460.481083ms)
✔ page bridge accepts only exact HTTP(S) origin, request id, method and params (0.523125ms)
✔ runtime bridge binds the content-script request to the sender origin (0.188417ms)
✔ bridge allowlist includes permissions, lifecycle, signing and bounded read RPC but no arbitrary RPC (0.394958ms)
✔ content and page scripts enforce source, origin, timeout, duplicate-id and companion exclusion guards (4.034917ms)
✔ journal requires capability before first POST and writes exact bytes before dispatch (17.857709ms)
✔ receipt without exact proof, pending, null or unsupported model cannot clear unknown (17.545709ms)
✔ durable evidence is stored and verified again on reload; every tampered resolution remains unresolved (43.555125ms)
✔ all V1 terminal records keep original bytes and require explicit RPC selection before any lookup (64.80325ms)
✔ exact raw retry remains pending after ACK and every later error; no replacement signature (20.004167ms)
✔ cancel, storage failure, concurrent retry and late outcome preserve original unknown history (21.46175ms)
✔ first known before-dispatch cancellation and exact rejection resolve with explicit evidence only (30.30625ms)
✔ a storage error cannot masquerade as a first server rejection after a successful POST (4.949ms)
✔ receipt final model response cannot hide a chain switch after the earlier chain check (6.6955ms)
✔ password waiting and dispatch readback drift cannot send to a changed chain or disabled native model (19.608625ms)
✔ reordered browser storage permits the first exact POST and reload-verifiable nested receipt (28.886708ms)
✔ reordered storage preserves unknown history across restart and exact-byte Retry (16.3385ms)
✔ every readback field in each stored copy remains exact despite order normalization (55.087625ms)
✔ nested resolution readback cannot drop, add, retype or alter proof fields (66.040583ms)
✔ browser document formats match Chromium's observed token and Firefox's explicit UUID contract (1.920208ms)
✔ real isolated content binds internal requests to a full nonce and cannot accept a page-supplied identity (6.281834ms)
✔ pagehide and bfcache pageshow reject old replies/events and rotate the content activation (1.7705ms)
✔ initial pageshow preserves a document-start request and its original reply (1.915292ms)
✔ document probe binds an exact fresh challenge and browser document target, failing closed on every response mismatch (8.731584ms)
✔ the final document check follows account and permission awaits rather than trusting an earlier response (1.159041ms)
✔ literal Core 0468 receipt binds an independently signed exact Ethereum intent (4.156333ms)
✔ capability is exact eight fields and every proof/native field is mandatory (1.239667ms)
✔ canonical uint64 and int64 parse with BigInt, never rounded Number values (0.120209ms)
✔ checkpoint covers mined block and exactly binds all native transfer fields (13.3435ms)
✔ pending, missing and memory-only proofs never mean mined durable (0.31575ms)
✔ RPC exact discovery and status methods preserve bounded Core errors (4.418583ms)
✔ different heights cannot reuse the mined hash and status zero cannot confirm a native transfer (1.731667ms)
✔ hash-shaped arrays and non-string checkpoint identities are not canonical hashes (0.0885ms)
✔ chain and exact fee-model fields are mandatory and changing balance units fail closed (2.108291ms)
✔ actual page/content/runtime/RPC bridge accepts fee discovery and retains Core uncertainty data (8.417584ms)
✔ extension packages expose truthful install metadata without hosted-update claims (0.822625ms)
✔ HTTPS DApp injection is automatic with an explicit activeTab repair fallback (4.767041ms)
✔ extension source never opens a top-level ynxwallet navigation (2.912708ms)
✔ unsigned Chromium package stays honest about identity and minimum runtime (0.243583ms)
✔ Firefox package has a stable declared add-on id but remains unsigned (0.158125ms)
✔ upgrade removes HTTP origins, dynamic scripts and alarms while retaining HTTPS DApp scope (2.234791ms)
✔ first install and second startup are idempotent and never touch account state (0.137083ms)
✔ origin cleanup failure remains fail closed (0.239208ms)
✔ dynamic script cleanup failure remains fail closed (0.092709ms)
✔ migration never sacrifices the required HTTPS provider origin (0.079125ms)
✔ service worker gates discovery, popup and DApp messages before provider work (5.5935ms)
✔ MetaMask first: original global and identity retained; chosen YNX request uses only YNX bridge (1.719583ms)
✔ reannounce retains the same YNX object and metadata, with no automatic account request (0.980083ms)
✔ frozen external provider without providers array does not prevent EIP6963 announcement (0.367166ms)
✔ pre-existing frozen providers array cannot abort independent YNX EIP6963 registration (0.330375ms)
✔ third-party providers getter is never evaluated for YNX discovery (0.347292ms)
✔ YNX-first legacy fallback remains compatible with later provider assignment (0.344833ms)
✔ throwing global getter or occupied nonconfigurable empty slot cannot block announcement or reannouncement (0.577083ms)
✔ an existing mutable provider collection is preserved byte-for-byte and gains no YNX mutation (0.355958ms)
✔ provider permission is exact-origin, exact-account and persistent until revoke (0.93425ms)
✔ permission/account tamper and non-http origins fail closed (1.016875ms)
✔ approval decision binds request, origin, tab, account and deadline (0.49ms)
✔ Firefox context permissions coexist but never inherit unscoped legacy or another context (0.626833ms)
✔ scoped permission storage rejects key, context and version tampering (0.326458ms)
✔ approval actual renderer routes the full internal locator and rejects an external wire UUID (14.075167ms)
✔ signer actual renderer routes the full internal locator and rejects an external wire UUID (8.1795ms)
✔ extension RPC sends the exact bounded eth_chainId request and validates 0x1917 (1.971208ms)
✔ signed transaction broadcast is a separate exact internal RPC gate (0.966458ms)
✔ extension RPC rejects wrong chain, malformed envelope, errors and unavailable transport (0.924167ms)
✔ read-only RPC forwards only the frozen allowlist and exact JSON-RPC envelope (0.595375ms)
✔ RPC error envelopes preserve Core uncertainty code and data, including HTTP failures (0.441333ms)
✔ legacy balance exposes whole-YNXT explicitly and cannot masquerade as standard wei (8.088125ms)
✔ safe reads use canonical first and legacy only after reachability failure; broadcast never auto-replays (1.74775ms)
✔ RPC deadline includes a response body that never completes (2.297666ms)
✔ result and error are mutually exclusive even when error is null or false (0.628667ms)
✔ redirects, missing response identity and foreign final URLs cannot authorize a rejection (0.274125ms)
✔ build consumes exact Core Web companion authority while public Gateway remains closed (16.744958ms)
✔ sensitive request parser binds exact method parameters, account and deadline (0.933042ms)
✔ sensitive request IDs are consumed once in bounded session storage (0.530375ms)
✔ concurrent duplicate sensitive requests cannot race the replay write (1.045834ms)
✔ authorization guard rejects revoke-and-regrant, account replacement, origin change and deadline drift (1.270208ms)
✔ sensitive results never accept fabricated accounts, signatures or transaction hashes (0.182458ms)
✔ document epochs survive origin return, tab reuse and a pending active-tab lookup (0.228125ms)
✔ standard provider consumes replay state without coupling to Core Product Session (7.554792ms)
✔ scoped request IDs preserve all SHA-256 bits and bind domain, context, origin and exact external UUID (2.908334ms)
✔ scoped replay keeps same-scope once, cross-scope independence and the global capacity (13.109583ms)
✔ legacy unscoped UUID replay produces one uniform migration barrier until its original expiry (4.34425ms)
✔ vault recovery replay shares capacity but does not inherit the DApp scope migration barrier (0.699917ms)
✔ actual signer renderer safely prioritizes Unicode/HTML message without changing the original summary (6.362167ms)
✔ maximum-length message and every original hexadecimal byte remain reviewable; empty message is explicit (1.742083ms)
✔ typed data retains complete domain/types/message, big integer strings and escaped field values (4.497167ms)
✔ plain, unknown and noncanonical summaries stay fully visible instead of producing a misleading preview (4.610916ms)
✔ actual prepared native transfer explicitly reviews signing and sending with full amount and fee budget (1.780666ms)
✔ expired delayed GET never enables the redesigned review or sends a decision (1.675584ms)
✔ deadline is checked again before a decision and expiry clears a typed password (3.264292ms)
✔ review toggling leaves the exact locator and password decision semantics unchanged; pagehide clears draft (6.855667ms)
✔ vault signer produces recoverable personal and exact 0x1917 typed-data signatures (39.600334ms)
✔ vault signer binds and signs one canonical legacy transaction for chain 6423 (11.790291ms)
✔ complete message and typed-data review preserves tails, all types and exact bytes (2.376792ms)
✔ preparation preserves supplied gas and exact maximum budget; signing only revalidates capability and nonce (20.596625ms)
✔ strict Core capability rejects unknown, legacy, fractional and full-EVM input before review (23.039625ms)
✔ missing fees, funds, changed nonce and revoked authorization fail without returning signatures (2.230333ms)
✔ transaction preparation requires exact durability before nonce prefill; message signing stays independent (1.008917ms)
✔ final nonce await and last durability query drift cannot reach the cryptographic transaction signer (5.792084ms)
✔ native int64 overflow is refused during preparation even if RPC claims an enormous balance (0.156959ms)
✔ actual vault UI shows original intent and requires explicit legacy RPC selection; status check sends no password (14.14875ms)
✔ actual vault displays and copies YNX while recovery requests retain the exact 0x account (3.660625ms)
✔ actual vault Retry requires review/password and late ACK after cancel or pagehide never changes the UI (5.531375ms)
✔ persisted version 1 vault survives browser storage object-key reordering without rewriting ciphertext (326.30875ms)
✔ encrypted extension vault derives the canonical 0x account and unlocks only with its password (167.166125ms)
✔ vault metadata, ciphertext, identity and weak passwords fail closed (231.645959ms)
✔ same-scope revoke notifies both current documents {} (7.623959ms)
✔ same-scope revoke notifies both current documents {"firefox":true} (1.309ms)
✔ same-scope revoke notifies both current documents {"firefox":true,"withDocumentId":false} (0.943084ms)
✔ fresh worker discovers B without an in-memory request subscription (0.7465ms)
✔ foreign origins, ports, private and other Firefox contexts receive nothing (0.897209ms)
✔ departing B document at query is excluded while A still revokes (0.677375ms)
✔ departing B document at injection is excluded while A still revokes (0.600958ms)
✔ departing B document at probe is excluded while A still revokes (0.576958ms)
▶ browser document replacement and content activation replacement fail closed
  ✔ documentId (0.628708ms)
  ✔ nonce (0.631417ms)
  ✔ context (0.550708ms)
  ✔ missingId (0.656834ms)
  ✔ absentBridge (0.51625ms)
  ✔ closed (0.522625ms)
✔ browser document replacement and content activation replacement fail closed (3.752125ms)
✔ one inaccessible tab does not block the other same-scope tab (0.611084ms)
✔ revoke storage failure emits no state change (0.459958ms)
✔ tab discovery failure retains revocation and requester notifications (0.497291ms)
✔ malformed sibling probe cannot receive a revocation event (4.680292ms)
✔ a document departing between events receives no later disconnect (2.23375ms)
✔ requester departure after persistence does not suppress a current sibling (8.115791ms)
✔ new authority mutation waits until revocation notifications finish (0.884125ms)
✔ hung query releases authority at total budget; late settlement dispatches nothing else (27.8495ms)
✔ hung injection releases authority at total budget; late settlement dispatches nothing else (6.303ms)
✔ hung context releases authority at total budget; late settlement dispatches nothing else (1.268667ms)
✔ hung probe releases authority at total budget; late settlement dispatches nothing else (0.8055ms)
✔ hung event releases authority at total budget; late settlement dispatches nothing else (0.763958ms)
✔ notification timer is clipped to the original request deadline (1.002667ms)
✔ real deadline timer releases authority despite a never-settling browser query (253.82275ms)
✔ worker shows the complete public review before unlocking and signs its exact bytes (131.994084ms)
✔ actual worker rejects another-wallet preference before tab access and never falls back to MetaMask (1.266375ms)
▶ document lease starts before migration, replay, account reads and transaction prefill
  ✔ migration (0.610291ms)
  ✔ replay (1.13775ms)
  ✔ account (0.672292ms)
  ✔ prefill (2.640583ms)
✔ document lease starts before migration, replay, account reads and transaction prefill (5.32325ms)
▶ popup requests retain the document epoch across active-tab lookup and injection
  ✔ query (0.498292ms)
  ✔ injection (0.378792ms)
✔ popup requests retain the document epoch across active-tab lookup and injection (1.0135ms)
▶ navigation after decrypt or signing cannot release a result or dispatch a transaction
  ✔ decrypt (54.15725ms)
  ✔ signed (67.345292ms)
  ✔ journal-readback (76.570208ms)
✔ navigation after decrypt or signing cannot release a result or dispatch a transaction (198.431834ms)
✔ navigation after POST keeps its durable journal facts and rejects the old reply (99.16825ms)
✔ new-document requests work while unrelated tab events and popup focus preserve approval (91.893291ms)
▶ connection navigation cannot persist permission or send account events
  ✔ review (2.231667ms)
  ✔ permission-write (1.147583ms)
✔ connection navigation cannot persist permission or send account events (3.570333ms)
✔ navigation while revoking retains revocation but sends no event to the new document (0.747834ms)
▶ DApp document navigation cancels the old personal_sign approval
  ✔ reload (1.071125ms)
  ✔ away-and-back (0.796375ms)
  ✔ removed-and-reused (2.842917ms)
✔ DApp document navigation cancels the old personal_sign approval (4.88875ms)
▶ DApp document navigation cancels the old eth_sendTransaction approval
  ✔ reload (2.643042ms)
  ✔ away-and-back (1.947375ms)
  ✔ removed-and-reused (9.040708ms)
✔ DApp document navigation cancels the old eth_sendTransaction approval (13.872125ms)
✔ revoke, account replacement and vault removal immediately invalidate pending signatures (6.618375ms)
✔ origin changes and expired approval decisions cannot release a signature (83.511958ms)
✔ revocation during vault decryption prevents the signer from receiving the key (52.180958ms)
✔ transaction RPC prefill precedes review and only the frozen snapshot is broadcast (58.839875ms)
✔ missing fees and revocation during prefill never open an approval; changed nonce never broadcasts (54.852417ms)
✔ connection approval cannot restore permission after revoke or tab navigation (2.77025ms)
✔ navigation during permission persistence rolls back the just-granted permission (0.875167ms)
✔ revocation during the final nonce check prevents transaction broadcasting (53.00725ms)
✔ real signer, RPC and worker preserve uncertain hash and raw across worker restart without a second review or broadcast (141.208916ms)
✔ concurrent sends and failed recovery storage cannot reach a second signer or any broadcast (61.810416ms)
✔ a lost caller response after a successful RPC ACK also cannot trigger a replacement transaction (58.65675ms)
✔ mismatching ACK hash and post-submit storage failure retain original recovery bytes (110.880416ms)
✔ revocation while storing signed recovery bytes cancels before broadcast; corrupt records block review (54.712167ms)
✔ only the first validated definite rejection releases the account; unknown history cannot be cleared by -32003 (164.802208ms)
✔ receipt account, type and fixed-fee mismatches never release the original pending transaction (98.2365ms)
✔ vault explicit retry unlocks only for authorization and dispatches the original bytes without signing or nonce lookup (157.122666ms)
✔ vault retry rejects wrong account/hash/password and cancellation during decryption without another POST (516.546584ms)
✔ late retry ACK after cancellation records fact but never replies with fresh authorization (106.200542ms)
✔ post-receipt actual chain/model changes and failed status never resolve original intent (167.352916ms)
✔ actual worker preserves bounded Core durability errors after journaling unknown (203.915625ms)
✔ same-URL vault reload or tab removal invalidates password work even when pagehide Cancel is lost (204.070416ms)
✔ missing durability blocks before review or decrypt; loss during approval does not unlock (2.053791ms)
✔ same-origin Firefox containers and default context require separate connection approval (2.414834ms)
✔ Firefox container permission persists across worker restart while legacy permission has no inferred container (1.886209ms)
✔ revoke from another Firefox container cannot remove permission or cancel an approved-container signer (51.947583ms)
✔ Firefox private or missing browser context rejects requests before account reads, replay, review or RPC (1.5345ms)
✔ DApp payload cannot override Firefox browser-owned context (0.99775ms)
✔ popup uses actual Firefox container and signer review discloses the bound context (1.375125ms)
✔ Firefox context changes during account reads, decrypt or final journal readback cannot release identity or broadcast (102.913041ms)
✔ context change after POST retains original raw and ACK while refusing the stale reply (54.499958ms)
✔ chosen external request ID is independent across unapproved contexts and remains once within each (1.167ms)
✔ two containers can use the same external ID without colliding pending storage, UI locator or cleanup (1.234708ms)
✔ document/context cancellation during SHA await cannot consume replay, create a review or sign (0.728833ms)
✔ legacy DApp replay barrier is uniform and cannot admit internal IDs on the external bridge (0.6005ms)
✔ actual content bridge returns the original external ID while worker review and replay use the full internal ID (52.134ms)
▶ actual old content requests queued after navigation cannot acquire the new document epoch on Chrome or Firefox 140
  ✔ Chrome document target (1.416125ms)
  ✔ Firefox without documentId (1.077667ms)
✔ actual old content requests queued after navigation cannot acquire the new document epoch on Chrome or Firefox 140 (2.619417ms)
✔ legacy injected bridges and browser-reported inactive documents fail before replay or review (0.366ms)
✔ actual worker accepts browser-specific IDs and rejects missing or invented Chrome UUIDs before review (0.886041ms)
✔ real content activation changes during review reject before decrypt even without a navigation event (2.367709ms)
✔ the final content probe after durable raw readback blocks POST but preserves the signed outbox (52.590917ms)
✔ navigation after POST keeps exact raw and ACK while the actual departing content suppresses its old reply (53.626375ms)
✔ all twelve requested locales cover every English runtime key (3.338125ms)
✔ Wallet route binds the frozen manifest and cleanup restores the site identity (0.444334ms)
✔ non-Wallet routes never mutate the site manifest (0.06475ms)
✔ Website handoff manifest is exactly the built Wallet manifest with frozen icon identities (7.121583ms)
✔ release packaging accepts only a full lowercase source commit (0.357583ms)
✔ release packaging rejects missing, placeholder, abbreviated, and malformed identities (0.214084ms)
✔ locale and theme restore exactly after a second launch (2.028625ms)
✔ valid legacy display preferences migrate once into the canonical record (0.109083ms)
✔ invalid JSON, unknown fields and expired records reset without restoring state (0.286708ms)
✔ cross-window preference replay and lower revisions fail closed (0.120875ms)
✔ frozen chain metadata is exact and complete (1.841208ms)
✔ MetaMask-only and unknown providers cannot become a Wallet session or a fallback (1.791667ms)
✔ an old saved MetaMask session is discarded without probing or changing other storage (0.954625ms)
✔ provider identity changing during approval cannot return a YNX session (3.613042ms)
✔ a stale connect cannot switch chains and a stale restore cannot erase a newer session (0.76975ms)
✔ injected discovery selects only YNX in a mixed-provider page (0.07675ms)
✔ provider identity does not trust an arbitrary rdns substring (0.058208ms)
✔ discovery presentation offers only YNX and its download (0.114791ms)
✔ EIP-6963 discovers exact YNX and MetaMask announcements including late injection (167.35725ms)
✔ repeated EIP-6963 requests deduplicate providers and retain YNX versus MetaMask identity (167.047708ms)
✔ ethereum.providers fallback observes delayed injection without inventing installation state (162.482291ms)
✔ no-provider locked and site-access-denied classifications require explicit diagnostics (489.880083ms)
✔ mobile cannot route Wallet login into MetaMask (0.351084ms)
✔ mobile browser detection covers phone and iPad desktop UA without affecting desktop (0.276458ms)
✔ canonical YNX mobile authorization stays closed until Core freezes the exact HTTPS callback (0.11125ms)
✔ default download opens platform selection and Android uses the current immutable release (0.26725ms)
✔ extension discovery propagates runtime failure and rejects malformed responses (0.179916ms)
✔ optional CORS-safe RPC probe accepts only exact YNX Testnet and is not connection authority (1.286208ms)
✔ RPC verification rejects malformed, mismatched and error envelopes (0.131791ms)
✔ RPC recovery requires a new live 0x1917 response after an offline failure (0.1135ms)
✔ connect success is bound to approval then provider chain confirmation (0.280666ms)
✔ first YNX provider connect adds frozen YNX chain only after exact unknown-chain failure (0.202541ms)
✔ non-4902 switch rejection never adds a chain or fabricates connection (0.088375ms)
✔ legacy nested unknown-chain error is accepted narrowly and still requires 0x1917 readback (0.137459ms)
✔ add-chain uses frozen metadata and proves the switched chain (0.057625ms)
✔ extension provider add-chain switches and proves exact 0x1917 through runtime messages (0.087083ms)
✔ extension provider switch rejects a wrong-chain result (0.053917ms)
✔ extension disconnect invalidates restore and reconnect requires fresh runtime approval (0.143875ms)
✔ extension sign and transaction require live account preflight before runtime mutation (0.169583ms)
✔ extension account replacement and user rejection never fabricate sensitive success (0.107291ms)
✔ network mutation is provider-authoritative and fails closed on wrong chain response (0.051833ms)
✔ signing validates chain and returned signature (0.055834ms)
✔ transaction requires live RPC, exact network, canonical input and real hash (0.081166ms)
✔ signing and transaction reject a replaced account before sensitive provider calls (0.0785ms)
✔ second launch restores only an exact live Testnet account (0.085042ms)
✔ tampered local session JSON is removed without a provider request (0.044334ms)
✔ second launch removes non-canonical and unavailable remembered sessions (0.069084ms)
✔ second launch invalidates account replacement and provider failure (0.068334ms)
✔ action gates require a provider and an exact connected Testnet account (0.056ms)
✔ network mutation never depends on a direct browser RPC probe (0.042167ms)
✔ only authoritative provider identity failures invalidate the connected UI session (0.035459ms)
✔ provider lifecycle callbacks normalize accounts and unsubscribe exactly (0.140042ms)
✔ forgetSession removes only the wallet session key (0.024125ms)
✔ official artifact requires exact direct ZIP headers, bytes and SHA-256 (16.002958ms)
✔ HTTP 200 SPA fallback and non-official origins fail closed (0.282542ms)
✔ public deployment requires an exact full source commit and frozen route (0.379958ms)
✔ old, abbreviated, missing, duplicate and wrong-route records fail closed (0.165667ms)
✔ old imported policy reloads to the newly activated build instead of waiting for an impossible old version (11.5485ms)
✔ a repeated mismatched build marker fails closed after one reload (0.896792ms)
✔ a current page remains ready with a distinct build cache present and preserves browser state (1012.351083ms)
✔ update network failure preserves readiness only after exact controlled-cache verification (0.833583ms)
✔ update network failure cannot accept partial cache (0.533667ms)
✔ update network failure cannot accept mixed active build (0.843917ms)
✔ update network failure cannot accept first install without a controller (0.305542ms)
✔ update network failure cannot accept controller changes during verification (0.470542ms)
✔ browser fixture loads the exact historical v8 worker and complete source assets, not a cache seed (260.078875ms)
✔ browser server exposes exact candidate assets and deliberate failed/held update responses (938.542625ms)
✔ build IDs are deterministic, cover worker/policy/assets, and final hashes verify without a digest cycle (9.234084ms)
✔ failed new installation preserves an activated old build and its offline shell (18.357083ms)
✔ activation independently rejects a cache damaged after installation without deleting old builds (4.825666ms)
✔ successful activation protects other installing/old build caches and reloads only in-scope clients once (3.807542ms)
✔ an empty or malformed integrity map cannot activate a build (0.744708ms)
✔ navigation version drift serves only the old verified shell while requesting an update (2.334625ms)
✔ corrupt offline bytes fail closed without borrowing a different build (7.170584ms)
✔ an identical complete build is reused without network fetch or cache deletion (6.015667ms)
✔ offline readiness acknowledgement verifies every cached byte using the active worker manifest (4.181542ms)
✔ exact historical v8 fetch cleanup cannot delete a new build during installation (31.409792ms)
✔ exact historical v11 fetch cleanup cannot delete a new build during installation (57.5345ms)
✔ native branded CDP harness isolates profiles and never disables extensions (0.453167ms)
✔ native branded CDP harness wakes MV3, proves two PIDs, and cleans its process group (0.1065ms)
✔ every selected browser must pass, including when another browser passes (0.36775ms)
✔ failure diagnostics preserve independent document/worker/cache observations if integrity snapshot hangs (22.581125ms)
✔ closed pages produce explicit per-component diagnostics, not a null snapshot (12.648333ms)
✔ real page provider announces independently with a frozen foreign provider and script fixture tags (3.172792ms)
✔ real page provider announces independently with a frozen foreign provider and SCRIPT fixture tags (0.986542ms)
✔ PWA readiness polls through detached or navigating iframe documents (1.049208ms)
✔ controlled fixture reader rejects changed wrappers instead of filtering arbitrary HTML (1.060917ms)
✔ runtime bridge uses an HTTPS blank fixture and discovers the real EIP-6963 provider (0.479459ms)
✔ branded runtime also uses real HTTPS EIP-6963 discovery (0.071ms)
✔ active-tab runtime polls migration and classifies toolbar action as manual (0.0655ms)
✔ branded Firefox harness accepts only the isolated verified app and profile (0.365875ms)
✔ branded Firefox harness opens the popup on launch two and keeps release claims false (0.107166ms)
✔ Firefox boundary gate proves temporary absence through the branded runtime add-on actor (0.751375ms)
✔ branded runtime gate is selectable and does not inherit Playwright's extension blocker (0.777917ms)
✔ branded runtime gate uses disposable profiles, bounded launches, and honest release booleans (0.203583ms)
✔ PWA routes only same-origin GET navigation and assets into cache strategies (0.5125ms)
✔ only obsolete YNX caches are purged and requests resolve to canonical asset keys (0.481584ms)
✔ version drift recovery and upgrade navigation are single-attempt and URL preserving (0.142167ms)
✔ PWA recovery markers are removed without changing route state (0.099ms)
✔ nested official scope resolves canonical keys and rejects same-origin paths outside Wallet (0.789958ms)
✔ built worker derives cache keys from its registration scope (5.41625ms)
✔ PWA bootstrap compares the generated build identity and permits one bounded reload (0.876ms)
✔ public bootstrap HTML remains byte-compatible with the deployed v8 worker (0.681667ms)
✔ PWA caches only successful same-origin response classes (0.090291ms)
✔ cached bytes require the exact build digest (10.92925ms)
✔ build consumes the exact Router Standard EVM interop authority (36.126041ms)
✔ interop authority keeps installed-browser promotion strict (30.220208ms)
✔ approved account and provider chain close chooser and clear pending intent (0.875ms)
✔ Wallet state rejects MetaMask selection and historical MetaMask restore (1.868875ms)
✔ connected details open independently and close back to the trigger (0.373041ms)
✔ refresh restore, account change and disconnect remain provider-authoritative (0.274167ms)
✔ CORS and private service degradation preserve Standard Wallet success (0.242542ms)
✔ disconnect and empty account events clear all connected authority (0.106833ms)
✔ wrong chain never grants sign or send authority (0.070166ms)
✔ decimal YNXT conversion preserves every wei beyond Number precision (0.464417ms)
✔ decimal input rejects ambiguity, exponents, excessive decimals and uint256 overflow (0.403291ms)
✔ raw value/data preserve advanced capability but reject malformed quantities (1.555708ms)
✔ a prepared review cannot survive a changed provider, account, network or request epoch (0.085542ms)
✔ Wallet offers its YNX download and has no other-provider login route (3.4925ms)
✔ 390px RTL blue-white and large-text preview contracts remain buildable (1.200333ms)
✔ legacy dark preference retains locale and custody records while the actual renderer stays light (12.771334ms)
✔ all auxiliary extension pages use white canvases and preserve keyboard and forced-colors access (1.191708ms)
✔ PWA manifest declares exact standalone identity and real-logo icon sizes (1.531917ms)
✔ provider approval stays in-place and success restores exact chooser focus lifecycle (1.105208ms)
✔ active locale catalogs never suggest another-wallet login (1.260917ms)
✔ actual renderer lifecycle discards callbacks queued by a replaced provider (1.405208ms)
✔ YNX display and recipient input preserve the SDK and signer 20-byte identity (29.631542ms)
✔ Ethereum compatibility input validates mixed-case checksum before normalization (0.747458ms)
✔ public Web lifecycle remains fail closed while the 6441 Gateway registry is old (0.862834ms)
✔ begin delegates only to Core beginDetected and opens its canonical route (0.177916ms)
✔ return binds the exact HTTPS callback and never exposes account/sign/send authority (0.111375ms)
✔ reject, disconnect and restart preserve Core lifecycle outcomes without local resurrection (0.1645ms)
ℹ tests 353
ℹ suites 0
ℹ pass 353
ℹ fail 0
ℹ cancelled 0
ℹ skipped 0
ℹ todo 0
ℹ duration_ms 3784.410959
