
> @ynx-chain/wallet-web@0.1.0-testnet-preview.1 test
> node --test test/*.test.js

✔ activeTab accepts only an exact HTTP(S) top-level DApp context (0.784291ms)
✔ activeTab bridge injection is isolated-world first and main-world second (0.113875ms)
✔ standalone authority requires exact embedded mapping and both hashes (57.463042ms)
✔ preverified archive bytes are copied once and cannot race a later mutation (0.600625ms)
✔ archive corruption, duplicates and unused authorities never silently pass (11.593709ms)
✔ immutable Wallet deployment disables caching for identity and worker authority (7.959584ms)
✖ actual extension artifacts have complete browser module and manifest graphs (173.185ms)
✔ page bridge accepts only exact HTTP(S) origin, request id, method and params (0.520083ms)
✔ runtime bridge binds the content-script request to the sender origin (1.742542ms)
✔ bridge allowlist includes permissions, lifecycle, signing and bounded read RPC but no arbitrary RPC (0.462958ms)
✔ content and page scripts enforce source, origin, timeout, duplicate-id and companion exclusion guards (5.678917ms)
✔ journal requires capability before first POST and writes exact bytes before dispatch (9.703583ms)
✔ receipt without exact proof, pending, null or unsupported model cannot clear unknown (10.398375ms)
✔ durable evidence is stored and verified again on reload; every tampered resolution remains unresolved (39.562625ms)
✔ all V1 terminal records keep original bytes and require explicit RPC selection before any lookup (44.364625ms)
✔ exact raw retry remains pending after ACK and every later error; no replacement signature (13.326708ms)
✔ cancel, storage failure, concurrent retry and late outcome preserve original unknown history (13.482875ms)
✔ first known before-dispatch cancellation and exact rejection resolve with explicit evidence only (16.2775ms)
✔ a storage error cannot masquerade as a first server rejection after a successful POST (5.94ms)
✔ receipt final model response cannot hide a chain switch after the earlier chain check (12.808875ms)
✔ password waiting and dispatch readback drift cannot send to a changed chain or disabled native model (13.460459ms)
✔ reordered browser storage permits the first exact POST and reload-verifiable nested receipt (18.605625ms)
✔ reordered storage preserves unknown history across restart and exact-byte Retry (12.725958ms)
✔ every readback field in each stored copy remains exact despite order normalization (46.241666ms)
✔ nested resolution readback cannot drop, add, retype or alter proof fields (59.13125ms)
✔ browser document formats match Chromium's observed token and Firefox's explicit UUID contract (2.030625ms)
✔ real isolated content binds internal requests to a full nonce and cannot accept a page-supplied identity (5.424208ms)
✔ pagehide and bfcache pageshow reject old replies/events and rotate the content activation (2.11ms)
✔ initial pageshow preserves a document-start request and its original reply (2.047708ms)
✔ document probe binds an exact fresh challenge and browser document target, failing closed on every response mismatch (8.348334ms)
✔ the final document check follows account and permission awaits rather than trusting an earlier response (0.944834ms)
✔ literal Core 0468 receipt binds an independently signed exact Ethereum intent (4.298958ms)
✔ capability is exact eight fields and every proof/native field is mandatory (1.497666ms)
✔ canonical uint64 and int64 parse with BigInt, never rounded Number values (0.143958ms)
✔ checkpoint covers mined block and exactly binds all native transfer fields (11.711334ms)
✔ pending, missing and memory-only proofs never mean mined durable (0.313708ms)
✔ RPC exact discovery and status methods preserve bounded Core errors (0.739333ms)
✔ different heights cannot reuse the mined hash and status zero cannot confirm a native transfer (2.056042ms)
✔ hash-shaped arrays and non-string checkpoint identities are not canonical hashes (0.247208ms)
✔ chain and exact fee-model fields are mandatory and changing balance units fail closed (0.910667ms)
✔ actual page/content/runtime/RPC bridge accepts fee discovery and retains Core uncertainty data (8.877542ms)
✔ extension packages expose truthful install metadata without hosted-update claims (1.060667ms)
✔ HTTPS DApp injection is automatic with an explicit activeTab repair fallback (4.3275ms)
✔ extension source never opens a top-level ynxwallet navigation (3.001792ms)
✔ unsigned Chromium package stays honest about identity and minimum runtime (0.250333ms)
✔ Firefox package has a stable declared add-on id but remains unsigned (0.148833ms)
✔ upgrade removes HTTP origins, dynamic scripts and alarms while retaining HTTPS DApp scope (3.642042ms)
✔ first install and second startup are idempotent and never touch account state (0.408709ms)
✔ origin cleanup failure remains fail closed (0.445875ms)
✔ dynamic script cleanup failure remains fail closed (0.126666ms)
✔ migration never sacrifices the required HTTPS provider origin (0.102875ms)
✔ service worker gates discovery, popup and DApp messages before provider work (5.965833ms)
✔ MetaMask first: original global and identity retained; chosen YNX request uses only YNX bridge (1.960208ms)
✔ reannounce retains the same YNX object and metadata, with no automatic account request (1.551584ms)
✔ frozen external provider without providers array does not prevent EIP6963 announcement (0.370375ms)
✔ pre-existing frozen providers array cannot abort independent YNX EIP6963 registration (0.325708ms)
✔ third-party providers getter is never evaluated for YNX discovery (0.335083ms)
✔ YNX-first legacy fallback remains compatible with later provider assignment (0.361ms)
✔ throwing global getter or occupied nonconfigurable empty slot cannot block announcement or reannouncement (0.593792ms)
✔ an existing mutable provider collection is preserved byte-for-byte and gains no YNX mutation (0.374792ms)
✔ provider permission is exact-origin, exact-account and persistent until revoke (0.965ms)
✔ permission/account tamper and non-http origins fail closed (0.7335ms)
✔ approval decision binds request, origin, tab, account and deadline (0.467708ms)
✔ Firefox context permissions coexist but never inherit unscoped legacy or another context (0.618417ms)
✔ scoped permission storage rejects key, context and version tampering (0.326875ms)
node:internal/modules/package_json_reader:301
  throw new ERR_MODULE_NOT_FOUND(packageName, fileURLToPath(base), null);
        ^

Error [ERR_MODULE_NOT_FOUND]: Cannot find package '@noble/curves' imported from /Users/huangjiahao/Desktop/YNX Audit Worktrees/20260920-wallet-browser-acceptance/packages/wallet-auth/src/crypto.js
    at Object.getPackageJSONURL (node:internal/modules/package_json_reader:301:9)
    at packageResolve (node:internal/modules/esm/resolve:784:25)
    at moduleResolve (node:internal/modules/esm/resolve:873:18)
    at defaultResolve (node:internal/modules/esm/resolve:1006:11)
    at #cachedDefaultResolve (node:internal/modules/esm/loader:708:20)
    at #resolveAndMaybeBlockOnLoaderThread (node:internal/modules/esm/loader:728:38)
    at ModuleLoader.resolveSync (node:internal/modules/esm/loader:766:56)
    at #resolve (node:internal/modules/esm/loader:690:17)
    at ModuleLoader.getOrCreateModuleJob (node:internal/modules/esm/loader:610:35)
    at ModuleJob.syncLink (node:internal/modules/esm/module_job:277:33) {
  code: 'ERR_MODULE_NOT_FOUND'
}

Node.js v26.7.0
✖ test/extension-review-request-id.test.js (55.038916ms)
✔ extension RPC sends the exact bounded eth_chainId request and validates 0x1917 (0.944542ms)
✔ signed transaction broadcast is a separate exact internal RPC gate (0.417625ms)
✔ extension RPC rejects wrong chain, malformed envelope, errors and unavailable transport (0.389209ms)
✔ read-only RPC forwards only the frozen allowlist and exact JSON-RPC envelope (0.240375ms)
✔ RPC error envelopes preserve Core uncertainty code and data, including HTTP failures (0.199875ms)
✔ legacy balance exposes whole-YNXT explicitly and cannot masquerade as standard wei (1.335667ms)
✔ safe reads use canonical first and legacy only after reachability failure; broadcast never auto-replays (0.255083ms)
✔ RPC deadline includes a response body that never completes (0.354625ms)
✔ result and error are mutually exclusive even when error is null or false (0.226875ms)
✔ redirects, missing response identity and foreign final URLs cannot authorize a rejection (0.232084ms)
✔ build consumes exact Core Web companion authority while public Gateway remains closed (16.728125ms)
✔ sensitive request parser binds exact method parameters, account and deadline (0.687875ms)
✔ sensitive request IDs are consumed once in bounded session storage (0.569416ms)
✔ concurrent duplicate sensitive requests cannot race the replay write (0.13575ms)
✔ authorization guard rejects revoke-and-regrant, account replacement, origin change and deadline drift (0.550917ms)
✔ sensitive results never accept fabricated accounts, signatures or transaction hashes (0.154375ms)
✔ document epochs survive origin return, tab reuse and a pending active-tab lookup (0.527959ms)
✔ standard provider consumes replay state without coupling to Core Product Session (5.243834ms)
✔ scoped request IDs preserve all SHA-256 bits and bind domain, context, origin and exact external UUID (3.398667ms)
✔ scoped replay keeps same-scope once, cross-scope independence and the global capacity (15.522458ms)
✔ legacy unscoped UUID replay produces one uniform migration barrier until its original expiry (2.397917ms)
✔ vault recovery replay shares capacity but does not inherit the DApp scope migration barrier (0.612291ms)
node:internal/modules/package_json_reader:301
  throw new ERR_MODULE_NOT_FOUND(packageName, fileURLToPath(base), null);
        ^

Error [ERR_MODULE_NOT_FOUND]: Cannot find package '@noble/curves' imported from /Users/huangjiahao/Desktop/YNX Audit Worktrees/20260920-wallet-browser-acceptance/packages/wallet-auth/src/crypto.js
    at Object.getPackageJSONURL (node:internal/modules/package_json_reader:301:9)
    at packageResolve (node:internal/modules/esm/resolve:784:25)
    at moduleResolve (node:internal/modules/esm/resolve:873:18)
    at defaultResolve (node:internal/modules/esm/resolve:1006:11)
    at #cachedDefaultResolve (node:internal/modules/esm/loader:708:20)
    at #resolveAndMaybeBlockOnLoaderThread (node:internal/modules/esm/loader:728:38)
    at ModuleLoader.resolveSync (node:internal/modules/esm/loader:766:56)
    at #resolve (node:internal/modules/esm/loader:690:17)
    at ModuleLoader.getOrCreateModuleJob (node:internal/modules/esm/loader:610:35)
    at ModuleJob.syncLink (node:internal/modules/esm/module_job:277:33) {
  code: 'ERR_MODULE_NOT_FOUND'
}

Node.js v26.7.0
✖ test/extension-signer-renderer.test.js (153.463459ms)
✔ vault signer produces recoverable personal and exact 0x1917 typed-data signatures (32.815333ms)
✔ vault signer binds and signs one canonical legacy transaction for chain 6423 (8.10675ms)
✔ complete message and typed-data review preserves tails, all types and exact bytes (4.494834ms)
✔ preparation preserves supplied gas and exact maximum budget; signing only revalidates capability and nonce (4.331292ms)
✔ strict Core capability rejects unknown, legacy, fractional and full-EVM input before review (2.764833ms)
✔ missing fees, funds, changed nonce and revoked authorization fail without returning signatures (2.58425ms)
✔ transaction preparation requires exact durability before nonce prefill; message signing stays independent (1.076583ms)
✔ final nonce await and last durability query drift cannot reach the cryptographic transaction signer (9.443584ms)
✔ native int64 overflow is refused during preparation even if RPC claims an enormous balance (0.186083ms)
node:internal/modules/package_json_reader:301
  throw new ERR_MODULE_NOT_FOUND(packageName, fileURLToPath(base), null);
        ^

Error [ERR_MODULE_NOT_FOUND]: Cannot find package '@noble/curves' imported from /Users/huangjiahao/Desktop/YNX Audit Worktrees/20260920-wallet-browser-acceptance/packages/wallet-auth/src/crypto.js
    at Object.getPackageJSONURL (node:internal/modules/package_json_reader:301:9)
    at packageResolve (node:internal/modules/esm/resolve:784:25)
    at moduleResolve (node:internal/modules/esm/resolve:873:18)
    at defaultResolve (node:internal/modules/esm/resolve:1006:11)
    at #cachedDefaultResolve (node:internal/modules/esm/loader:708:20)
    at #resolveAndMaybeBlockOnLoaderThread (node:internal/modules/esm/loader:728:38)
    at ModuleLoader.resolveSync (node:internal/modules/esm/loader:766:56)
    at #resolve (node:internal/modules/esm/loader:690:17)
    at ModuleLoader.getOrCreateModuleJob (node:internal/modules/esm/loader:610:35)
    at ModuleJob.syncLink (node:internal/modules/esm/module_job:277:33) {
  code: 'ERR_MODULE_NOT_FOUND'
}

Node.js v26.7.0
✖ test/extension-vault-recovery-ui.test.js (53.930583ms)
✔ persisted version 1 vault survives browser storage object-key reordering without rewriting ciphertext (307.331ms)
✔ encrypted extension vault derives the canonical 0x account and unlocks only with its password (172.097625ms)
✔ vault metadata, ciphertext, identity and weak passwords fail closed (225.698334ms)
✔ same-scope revoke notifies both current documents {} (5.745ms)
✔ same-scope revoke notifies both current documents {"firefox":true} (2.811ms)
✔ same-scope revoke notifies both current documents {"firefox":true,"withDocumentId":false} (1.143083ms)
✔ fresh worker discovers B without an in-memory request subscription (0.811458ms)
✔ foreign origins, ports, private and other Firefox contexts receive nothing (2.929541ms)
✔ departing B document at query is excluded while A still revokes (2.051ms)
✔ departing B document at injection is excluded while A still revokes (1.597084ms)
✔ departing B document at probe is excluded while A still revokes (1.710375ms)
▶ browser document replacement and content activation replacement fail closed
  ✔ documentId (2.399583ms)
  ✔ nonce (1.822208ms)
  ✔ context (1.763667ms)
  ✔ missingId (1.976459ms)
  ✔ absentBridge (0.934292ms)
  ✔ closed (1.12375ms)
✔ browser document replacement and content activation replacement fail closed (10.810666ms)
✔ one inaccessible tab does not block the other same-scope tab (0.835792ms)
✔ revoke storage failure emits no state change (0.563333ms)
✔ tab discovery failure retains revocation and requester notifications (0.59175ms)
✔ malformed sibling probe cannot receive a revocation event (0.589583ms)
✔ a document departing between events receives no later disconnect (3.074666ms)
✔ requester departure after persistence does not suppress a current sibling (1.162584ms)
✔ new authority mutation waits until revocation notifications finish (2.653083ms)
✔ hung query releases authority at total budget; late settlement dispatches nothing else (15.7015ms)
✔ hung injection releases authority at total budget; late settlement dispatches nothing else (0.962125ms)
✔ hung context releases authority at total budget; late settlement dispatches nothing else (1.392083ms)
✔ hung probe releases authority at total budget; late settlement dispatches nothing else (3.278166ms)
✔ hung event releases authority at total budget; late settlement dispatches nothing else (3.708334ms)
✔ notification timer is clipped to the original request deadline (3.233333ms)
✔ real deadline timer releases authority despite a never-settling browser query (254.271ms)
✔ worker shows the complete public review before unlocking and signs its exact bytes (135.787291ms)
✔ actual worker rejects another-wallet preference before tab access and never falls back to MetaMask (1.221041ms)
▶ document lease starts before migration, replay, account reads and transaction prefill
  ✔ migration (0.616291ms)
  ✔ replay (1.333ms)
  ✔ account (0.663667ms)
  ✔ prefill (2.622917ms)
✔ document lease starts before migration, replay, account reads and transaction prefill (5.493542ms)
▶ popup requests retain the document epoch across active-tab lookup and injection
  ✔ query (0.438875ms)
  ✔ injection (0.371292ms)
✔ popup requests retain the document epoch across active-tab lookup and injection (0.937916ms)
▶ navigation after decrypt or signing cannot release a result or dispatch a transaction
  ✔ decrypt (59.383875ms)
  ✔ signed (60.8695ms)
  ✔ journal-readback (67.674667ms)
✔ navigation after decrypt or signing cannot release a result or dispatch a transaction (188.244125ms)
✔ navigation after POST keeps its durable journal facts and rejects the old reply (80.171958ms)
✔ new-document requests work while unrelated tab events and popup focus preserve approval (83.955416ms)
▶ connection navigation cannot persist permission or send account events
  ✔ review (4.705083ms)
  ✔ permission-write (3.024709ms)
✔ connection navigation cannot persist permission or send account events (8.092959ms)
✔ navigation while revoking retains revocation but sends no event to the new document (1.877041ms)
▶ DApp document navigation cancels the old personal_sign approval
  ✔ reload (3.161542ms)
  ✔ away-and-back (1.048292ms)
  ✔ removed-and-reused (2.517666ms)
✔ DApp document navigation cancels the old personal_sign approval (7.103917ms)
▶ DApp document navigation cancels the old eth_sendTransaction approval
  ✔ reload (4.343125ms)
  ✔ away-and-back (2.023708ms)
  ✔ removed-and-reused (1.746208ms)
✔ DApp document navigation cancels the old eth_sendTransaction approval (8.534ms)
✔ revoke, account replacement and vault removal immediately invalidate pending signatures (12.669458ms)
✔ origin changes and expired approval decisions cannot release a signature (87.260541ms)
✔ revocation during vault decryption prevents the signer from receiving the key (59.133958ms)
✔ transaction RPC prefill precedes review and only the frozen snapshot is broadcast (60.831875ms)
✔ missing fees and revocation during prefill never open an approval; changed nonce never broadcasts (58.58125ms)
✔ connection approval cannot restore permission after revoke or tab navigation (2.470875ms)
✔ navigation during permission persistence rolls back the just-granted permission (1.252958ms)
✔ revocation during the final nonce check prevents transaction broadcasting (58.234708ms)
✔ real signer, RPC and worker preserve uncertain hash and raw across worker restart without a second review or broadcast (188.102125ms)
✔ concurrent sends and failed recovery storage cannot reach a second signer or any broadcast (72.266791ms)
✔ a lost caller response after a successful RPC ACK also cannot trigger a replacement transaction (64.391125ms)
✔ mismatching ACK hash and post-submit storage failure retain original recovery bytes (115.003459ms)
✔ revocation while storing signed recovery bytes cancels before broadcast; corrupt records block review (65.622667ms)
✔ only the first validated definite rejection releases the account; unknown history cannot be cleared by -32003 (183.594166ms)
✔ receipt account, type and fixed-fee mismatches never release the original pending transaction (103.330959ms)
✔ vault explicit retry unlocks only for authorization and dispatches the original bytes without signing or nonce lookup (164.056917ms)
✔ vault retry rejects wrong account/hash/password and cancellation during decryption without another POST (536.841541ms)
✔ late retry ACK after cancellation records fact but never replies with fresh authorization (111.028417ms)
✔ post-receipt actual chain/model changes and failed status never resolve original intent (173.082708ms)
✔ actual worker preserves bounded Core durability errors after journaling unknown (212.070333ms)
✔ same-URL vault reload or tab removal invalidates password work even when pagehide Cancel is lost (212.059333ms)
✔ missing durability blocks before review or decrypt; loss during approval does not unlock (2.333959ms)
✔ same-origin Firefox containers and default context require separate connection approval (2.3315ms)
✔ Firefox container permission persists across worker restart while legacy permission has no inferred container (1.977791ms)
✔ revoke from another Firefox container cannot remove permission or cancel an approved-container signer (54.354791ms)
✔ Firefox private or missing browser context rejects requests before account reads, replay, review or RPC (1.609708ms)
✔ DApp payload cannot override Firefox browser-owned context (1.0345ms)
✔ popup uses actual Firefox container and signer review discloses the bound context (1.694792ms)
✔ Firefox context changes during account reads, decrypt or final journal readback cannot release identity or broadcast (107.792542ms)
✔ context change after POST retains original raw and ACK while refusing the stale reply (60.435125ms)
✔ chosen external request ID is independent across unapproved contexts and remains once within each (1.433958ms)
✔ two containers can use the same external ID without colliding pending storage, UI locator or cleanup (1.478792ms)
✔ document/context cancellation during SHA await cannot consume replay, create a review or sign (0.756791ms)
✔ legacy DApp replay barrier is uniform and cannot admit internal IDs on the external bridge (0.513917ms)
✔ actual content bridge returns the original external ID while worker review and replay use the full internal ID (53.630834ms)
▶ actual old content requests queued after navigation cannot acquire the new document epoch on Chrome or Firefox 140
  ✔ Chrome document target (1.458458ms)
  ✔ Firefox without documentId (1.122417ms)
✔ actual old content requests queued after navigation cannot acquire the new document epoch on Chrome or Firefox 140 (2.7125ms)
✔ legacy injected bridges and browser-reported inactive documents fail before replay or review (0.364458ms)
✔ actual worker accepts browser-specific IDs and rejects missing or invented Chrome UUIDs before review (0.962667ms)
✔ real content activation changes during review reject before decrypt even without a navigation event (1.224125ms)
✔ the final content probe after durable raw readback blocks POST but preserves the signed outbox (54.805292ms)
✔ navigation after POST keeps exact raw and ACK while the actual departing content suppresses its old reply (54.923792ms)
✔ all twelve requested locales cover every English runtime key (5.212791ms)
✔ Wallet route binds the frozen manifest and cleanup restores the site identity (0.714791ms)
✔ non-Wallet routes never mutate the site manifest (0.172625ms)
✔ Website handoff manifest is exactly the built Wallet manifest with frozen icon identities (11.548417ms)
✔ release packaging accepts only a full lowercase source commit (0.3485ms)
✔ release packaging rejects missing, placeholder, abbreviated, and malformed identities (0.217917ms)
✔ locale and theme restore exactly after a second launch (3.864375ms)
✔ valid legacy display preferences migrate once into the canonical record (0.128333ms)
✔ invalid JSON, unknown fields and expired records reset without restoring state (0.290083ms)
✔ cross-window preference replay and lower revisions fail closed (0.114875ms)
✔ frozen chain metadata is exact and complete (1.740792ms)
✔ MetaMask-only and unknown providers cannot become a Wallet session or a fallback (2.45575ms)
✔ an old saved MetaMask session is discarded without probing or changing other storage (0.21325ms)
✔ provider identity changing during approval cannot return a YNX session (3.659333ms)
✔ a stale connect cannot switch chains and a stale restore cannot erase a newer session (0.468583ms)
✔ injected discovery selects only YNX in a mixed-provider page (0.124916ms)
✔ provider identity does not trust an arbitrary rdns substring (0.119167ms)
✔ discovery presentation offers only YNX and its download (0.222875ms)
✔ EIP-6963 discovers exact YNX and MetaMask announcements including late injection (174.64175ms)
✔ repeated EIP-6963 requests deduplicate providers and retain YNX versus MetaMask identity (163.846458ms)
✔ ethereum.providers fallback observes delayed injection without inventing installation state (164.713ms)
✔ no-provider locked and site-access-denied classifications require explicit diagnostics (490.457041ms)
✔ mobile cannot route Wallet login into MetaMask (0.628417ms)
✔ mobile browser detection covers phone and iPad desktop UA without affecting desktop (0.363958ms)
✔ canonical YNX mobile authorization stays closed until Core freezes the exact HTTPS callback (0.141917ms)
✔ default download opens platform selection and Android uses the current immutable release (0.305791ms)
✔ extension discovery propagates runtime failure and rejects malformed responses (0.44375ms)
✔ optional CORS-safe RPC probe accepts only exact YNX Testnet and is not connection authority (1.887458ms)
✔ RPC verification rejects malformed, mismatched and error envelopes (0.390292ms)
✔ RPC recovery requires a new live 0x1917 response after an offline failure (0.400792ms)
✔ connect success is bound to approval then provider chain confirmation (0.586667ms)
✔ first YNX provider connect adds frozen YNX chain only after exact unknown-chain failure (0.468542ms)
✔ non-4902 switch rejection never adds a chain or fabricates connection (0.241208ms)
✔ legacy nested unknown-chain error is accepted narrowly and still requires 0x1917 readback (0.330459ms)
✔ add-chain uses frozen metadata and proves the switched chain (0.145ms)
✔ extension provider add-chain switches and proves exact 0x1917 through runtime messages (0.202584ms)
✔ extension provider switch rejects a wrong-chain result (0.144125ms)
✔ extension disconnect invalidates restore and reconnect requires fresh runtime approval (0.406792ms)
✔ extension sign and transaction require live account preflight before runtime mutation (0.492334ms)
✔ extension account replacement and user rejection never fabricate sensitive success (0.426125ms)
✔ network mutation is provider-authoritative and fails closed on wrong chain response (0.243541ms)
✔ signing validates chain and returned signature (0.096458ms)
✔ transaction requires live RPC, exact network, canonical input and real hash (0.581709ms)
✔ signing and transaction reject a replaced account before sensitive provider calls (0.234042ms)
✔ second launch restores only an exact live Testnet account (0.160833ms)
✔ tampered local session JSON is removed without a provider request (0.120292ms)
✔ second launch removes non-canonical and unavailable remembered sessions (0.269792ms)
✔ second launch invalidates account replacement and provider failure (0.214417ms)
✔ action gates require a provider and an exact connected Testnet account (0.192125ms)
✔ network mutation never depends on a direct browser RPC probe (0.235083ms)
✔ only authoritative provider identity failures invalidate the connected UI session (0.104083ms)
✔ provider lifecycle callbacks normalize accounts and unsubscribe exactly (0.310458ms)
✔ forgetSession removes only the wallet session key (0.033084ms)
✔ official artifact requires exact direct ZIP headers, bytes and SHA-256 (11.411292ms)
✔ HTTP 200 SPA fallback and non-official origins fail closed (0.270583ms)
✔ public deployment requires an exact full source commit and frozen route (0.399667ms)
✔ old, abbreviated, missing, duplicate and wrong-route records fail closed (0.179042ms)
✔ old imported policy reloads to the newly activated build instead of waiting for an impossible old version (14.030208ms)
✔ a repeated mismatched build marker fails closed after one reload (2.17375ms)
✔ a current page remains ready with a distinct build cache present and preserves browser state (1019.670958ms)
✔ update network failure preserves readiness only after exact controlled-cache verification (1.745791ms)
✔ update network failure cannot accept partial cache (1.375625ms)
✔ update network failure cannot accept mixed active build (1.619334ms)
✔ update network failure cannot accept first install without a controller (0.639083ms)
✔ update network failure cannot accept controller changes during verification (0.842416ms)
✔ browser fixture loads the exact historical v8 worker and complete source assets, not a cache seed (302.2995ms)
✔ browser server exposes exact candidate assets and deliberate failed/held update responses (408.494209ms)
✔ build IDs are deterministic, cover worker/policy/assets, and final hashes verify without a digest cycle (7.712833ms)
✔ failed new installation preserves an activated old build and its offline shell (23.466375ms)
✔ activation independently rejects a cache damaged after installation without deleting old builds (10.165959ms)
✔ successful activation protects other installing/old build caches and reloads only in-scope clients once (7.024375ms)
✔ an empty or malformed integrity map cannot activate a build (0.890291ms)
✔ navigation version drift serves only the old verified shell while requesting an update (5.818833ms)
✔ corrupt offline bytes fail closed without borrowing a different build (12.510291ms)
✔ an identical complete build is reused without network fetch or cache deletion (6.671083ms)
✔ offline readiness acknowledgement verifies every cached byte using the active worker manifest (2.961083ms)
✔ exact historical v8 fetch cleanup cannot delete a new build during installation (64.91725ms)
✔ exact historical v11 fetch cleanup cannot delete a new build during installation (54.0375ms)
✔ native branded CDP harness isolates profiles and never disables extensions (0.399458ms)
✔ native branded CDP harness wakes MV3, proves two PIDs, and cleans its process group (0.099208ms)
✔ every selected browser must pass, including when another browser passes (0.344375ms)
✔ failure diagnostics preserve independent document/worker/cache observations if integrity snapshot hangs (20.846875ms)
✔ closed pages produce explicit per-component diagnostics, not a null snapshot (14.6965ms)
✔ real page provider announces independently with a frozen preexisting foreign providers array (6.562125ms)
✔ runtime bridge uses an HTTPS blank fixture and discovers the real EIP-6963 provider (0.441459ms)
✔ branded runtime also uses real HTTPS EIP-6963 discovery (0.086875ms)
✔ active-tab runtime polls migration and classifies toolbar action as manual (0.071166ms)
✔ branded Firefox harness accepts only the isolated verified app and profile (0.785666ms)
✔ branded Firefox harness opens the popup on launch two and keeps release claims false (0.219708ms)
✔ Firefox boundary gate proves temporary absence through the branded runtime add-on actor (0.780667ms)
✔ branded runtime gate is selectable and does not inherit Playwright's extension blocker (0.349917ms)
✔ branded runtime gate uses disposable profiles, bounded launches, and honest release booleans (0.084625ms)
✔ PWA routes only same-origin GET navigation and assets into cache strategies (0.98875ms)
✔ only obsolete YNX caches are purged and requests resolve to canonical asset keys (1.199084ms)
✔ version drift recovery and upgrade navigation are single-attempt and URL preserving (0.361917ms)
✔ PWA recovery markers are removed without changing route state (0.295167ms)
✔ nested official scope resolves canonical keys and rejects same-origin paths outside Wallet (0.92075ms)
✔ built worker derives cache keys from its registration scope (5.215417ms)
✔ PWA bootstrap compares the generated build identity and permits one bounded reload (1.218667ms)
✔ public bootstrap HTML remains byte-compatible with the deployed v8 worker (0.76375ms)
✔ PWA caches only successful same-origin response classes (0.14275ms)
✔ cached bytes require the exact build digest (20.843542ms)
✔ build consumes the exact Router Standard EVM interop authority (33.12725ms)
✔ interop authority keeps installed-browser promotion strict (27.595375ms)
✔ approved account and provider chain close chooser and clear pending intent (1.890459ms)
✔ Wallet state rejects MetaMask selection and historical MetaMask restore (2.062042ms)
✔ connected details open independently and close back to the trigger (0.211709ms)
✔ refresh restore, account change and disconnect remain provider-authoritative (0.346875ms)
✔ CORS and private service degradation preserve Standard Wallet success (0.414167ms)
✔ disconnect and empty account events clear all connected authority (0.308ms)
✔ wrong chain never grants sign or send authority (0.083ms)
node:internal/modules/package_json_reader:301
  throw new ERR_MODULE_NOT_FOUND(packageName, fileURLToPath(base), null);
        ^

Error [ERR_MODULE_NOT_FOUND]: Cannot find package '@noble/curves' imported from /Users/huangjiahao/Desktop/YNX Audit Worktrees/20260920-wallet-browser-acceptance/packages/wallet-auth/src/crypto.js
    at Object.getPackageJSONURL (node:internal/modules/package_json_reader:301:9)
    at packageResolve (node:internal/modules/esm/resolve:784:25)
    at moduleResolve (node:internal/modules/esm/resolve:873:18)
    at defaultResolve (node:internal/modules/esm/resolve:1006:11)
    at #cachedDefaultResolve (node:internal/modules/esm/loader:708:20)
    at #resolveAndMaybeBlockOnLoaderThread (node:internal/modules/esm/loader:728:38)
    at ModuleLoader.resolveSync (node:internal/modules/esm/loader:766:56)
    at #resolve (node:internal/modules/esm/loader:690:17)
    at ModuleLoader.getOrCreateModuleJob (node:internal/modules/esm/loader:610:35)
    at ModuleJob.syncLink (node:internal/modules/esm/module_job:277:33) {
  code: 'ERR_MODULE_NOT_FOUND'
}

Node.js v26.7.0
✖ test/transaction-input.test.js (52.744458ms)
✔ Wallet offers its YNX download and has no other-provider login route (4.264917ms)
✔ 390px RTL blue-white and large-text preview contracts remain buildable (1.622417ms)
✔ legacy dark preference retains locale and custody records while the actual renderer stays light (16.126291ms)
✔ all auxiliary extension pages use white canvases and preserve keyboard and forced-colors access (1.687917ms)
✔ PWA manifest declares exact standalone identity and real-logo icon sizes (1.743667ms)
✔ provider approval stays in-place and success restores exact chooser focus lifecycle (1.115834ms)
✔ active locale catalogs never suggest another-wallet login (1.048167ms)
✔ actual renderer lifecycle discards callbacks queued by a replaced provider (1.52575ms)
node:internal/modules/package_json_reader:301
  throw new ERR_MODULE_NOT_FOUND(packageName, fileURLToPath(base), null);
        ^

Error [ERR_MODULE_NOT_FOUND]: Cannot find package '@noble/curves' imported from /Users/huangjiahao/Desktop/YNX Audit Worktrees/20260920-wallet-browser-acceptance/packages/wallet-auth/src/crypto.js
    at Object.getPackageJSONURL (node:internal/modules/package_json_reader:301:9)
    at packageResolve (node:internal/modules/esm/resolve:784:25)
    at moduleResolve (node:internal/modules/esm/resolve:873:18)
    at defaultResolve (node:internal/modules/esm/resolve:1006:11)
    at #cachedDefaultResolve (node:internal/modules/esm/loader:708:20)
    at #resolveAndMaybeBlockOnLoaderThread (node:internal/modules/esm/loader:728:38)
    at ModuleLoader.resolveSync (node:internal/modules/esm/loader:766:56)
    at #resolve (node:internal/modules/esm/loader:690:17)
    at ModuleLoader.getOrCreateModuleJob (node:internal/modules/esm/loader:610:35)
    at ModuleJob.syncLink (node:internal/modules/esm/module_job:277:33) {
  code: 'ERR_MODULE_NOT_FOUND'
}

Node.js v26.7.0
✖ test/wallet-address.test.js (115.219125ms)
✔ public Web lifecycle remains fail closed while the 6441 Gateway registry is old (0.976084ms)
✔ begin delegates only to Core beginDetected and opens its canonical route (0.439708ms)
✔ return binds the exact HTTPS callback and never exposes account/sign/send authority (0.329917ms)
✔ reject, disconnect and restart preserve Core lifecycle outcomes without local resurrection (0.19775ms)
ℹ tests 327
ℹ suites 0
ℹ pass 321
ℹ fail 6
ℹ cancelled 0
ℹ skipped 0
ℹ todo 0
ℹ duration_ms 3915.2875

✖ failing tests:

test at test/extension-artifact-module-graph.test.js:9:1
✖ actual extension artifacts have complete browser module and manifest graphs (173.185ms)
  Error: Build failed with 7 errors:
  ../../packages/wallet-auth/src/canonical.js:1:23: ERROR: Could not resolve "@noble/hashes/sha2.js"
  ../../packages/wallet-auth/src/canonical.js:2:40: ERROR: Could not resolve "@noble/hashes/utils.js"
  ../../packages/wallet-auth/src/crypto.js:1:26: ERROR: Could not resolve "@noble/curves/secp256k1.js"
  ../../packages/wallet-auth/src/crypto.js:2:23: ERROR: Could not resolve "@noble/hashes/sha2.js"
  ../../packages/wallet-auth/src/crypto.js:3:27: ERROR: Could not resolve "@noble/hashes/sha3.js"
  ...
      at failureErrorWithLog (/Users/huangjiahao/Desktop/YNX Audit Worktrees/20260920-wallet-browser-acceptance/apps/wallet-web/node_modules/esbuild/lib/main.js:1467:15)
      at /Users/huangjiahao/Desktop/YNX Audit Worktrees/20260920-wallet-browser-acceptance/apps/wallet-web/node_modules/esbuild/lib/main.js:926:25
      at /Users/huangjiahao/Desktop/YNX Audit Worktrees/20260920-wallet-browser-acceptance/apps/wallet-web/node_modules/esbuild/lib/main.js:878:52
      at buildResponseToResult (/Users/huangjiahao/Desktop/YNX Audit Worktrees/20260920-wallet-browser-acceptance/apps/wallet-web/node_modules/esbuild/lib/main.js:924:7)
      at /Users/huangjiahao/Desktop/YNX Audit Worktrees/20260920-wallet-browser-acceptance/apps/wallet-web/node_modules/esbuild/lib/main.js:951:16
      at responseCallbacks.<computed> (/Users/huangjiahao/Desktop/YNX Audit Worktrees/20260920-wallet-browser-acceptance/apps/wallet-web/node_modules/esbuild/lib/main.js:603:9)
      at handleIncomingPacket (/Users/huangjiahao/Desktop/YNX Audit Worktrees/20260920-wallet-browser-acceptance/apps/wallet-web/node_modules/esbuild/lib/main.js:658:12)
      at Socket.readFromStdout (/Users/huangjiahao/Desktop/YNX Audit Worktrees/20260920-wallet-browser-acceptance/apps/wallet-web/node_modules/esbuild/lib/main.js:581:7)
      at Socket.emit (node:events:514:20)
      at addChunk (node:internal/streams/readable:568:12) {
    errors: [ { detail: undefined, id: '', location: [Object], notes: [Array], pluginName: '', text: 'Could not resolve "@noble/hashes/sha2.js"' }, { detail: undefined, id: '', location: [Object], notes: [Array], pluginName: '', text: 'Could not resolve "@noble/hashes/utils.js"' }, { detail: undefined, id: '', location: [Object], notes: [Array], pluginName: '', text: 'Could not resolve "@noble/curves/secp256k1.js"' }, { detail: undefined, id: '', location: [Object], notes: [Array], pluginName: '', text: 'Could not resolve "@noble/hashes/sha2.js"' }, { detail: undefined, id: '', location: [Object], notes: [Array], pluginName: '', text: 'Could not resolve "@noble/hashes/sha3.js"' }, { detail: undefined, id: '', location: [Object], notes: [Array], pluginName: '', text: 'Could not resolve "@noble/hashes/utils.js"' }, { detail: undefined, id: '', location: [Object], notes: [Array], pluginName: '', text: 'Could not resolve "@noble/curves/nist.js"' } ],
    warnings: []
  }

test at test/extension-review-request-id.test.js:1:1
✖ test/extension-review-request-id.test.js (55.038916ms)
  'test failed'

test at test/extension-signer-renderer.test.js:1:1
✖ test/extension-signer-renderer.test.js (153.463459ms)
  'test failed'

test at test/extension-vault-recovery-ui.test.js:1:1
✖ test/extension-vault-recovery-ui.test.js (53.930583ms)
  'test failed'

test at test/transaction-input.test.js:1:1
✖ test/transaction-input.test.js (52.744458ms)
  'test failed'

test at test/wallet-address.test.js:1:1
✖ test/wallet-address.test.js (115.219125ms)
  'test failed'
