
> @ynx-chain/wallet-web@0.1.0-testnet-preview.1 test
> node --test test/*.test.js

✔ activeTab accepts only an exact HTTP(S) top-level DApp context (0.789416ms)
✔ activeTab bridge injection is isolated-world first and main-world second (0.107125ms)
✔ standalone authority requires exact embedded mapping and both hashes (42.226083ms)
✔ preverified archive bytes are copied once and cannot race a later mutation (0.684667ms)
✔ archive corruption, duplicates and unused authorities never silently pass (14.283667ms)
✔ immutable Wallet deployment disables caching for identity and worker authority (4.659125ms)
Built PWA plus unsigned Chromium (Chrome/Edge) and Firefox extension directories.
Built PWA plus unsigned Chromium (Chrome/Edge) and Firefox extension directories.
▶ actual extension artifacts have complete browser module and manifest graphs
  ✔ explicit archive authority mode reproduces every Git-build output byte (403.897833ms)
  ✔ chromium: all shipped JS, HTML and manifest references resolve (30.9175ms)
  ✔ chromium: missing transitive import fails artifact verification (15.589625ms)
  ✔ chromium: missing manifest worker fails artifact verification (1.419209ms)
  ✔ chromium: missing HTML entry, bare imports and escaping imports are rejected (27.086ms)
  ✔ firefox: all shipped JS, HTML and manifest references resolve (33.502291ms)
  ✔ firefox: missing transitive import fails artifact verification (15.032083ms)
  ✔ firefox: missing manifest worker fails artifact verification (1.288583ms)
  ✔ firefox: missing HTML entry, bare imports and escaping imports are rejected (26.900083ms)
✔ actual extension artifacts have complete browser module and manifest graphs (1455.51425ms)
✔ page bridge accepts only exact HTTP(S) origin, request id, method and params (0.513209ms)
✔ runtime bridge binds the content-script request to the sender origin (0.489958ms)
✔ bridge allowlist includes permissions, lifecycle, signing and bounded read RPC but no arbitrary RPC (0.82225ms)
✔ content and page scripts enforce source, origin, timeout, duplicate-id and companion exclusion guards (5.445875ms)
✔ journal requires capability before first POST and writes exact bytes before dispatch (8.429ms)
✔ receipt without exact proof, pending, null or unsupported model cannot clear unknown (14.22725ms)
✔ durable evidence is stored and verified again on reload; every tampered resolution remains unresolved (42.365ms)
✔ all V1 terminal records keep original bytes and require explicit RPC selection before any lookup (63.147625ms)
✔ exact raw retry remains pending after ACK and every later error; no replacement signature (21.521333ms)
✔ cancel, storage failure, concurrent retry and late outcome preserve original unknown history (19.233958ms)
✔ first known before-dispatch cancellation and exact rejection resolve with explicit evidence only (29.070125ms)
✔ a storage error cannot masquerade as a first server rejection after a successful POST (5.200916ms)
✔ receipt final model response cannot hide a chain switch after the earlier chain check (8.292166ms)
✔ password waiting and dispatch readback drift cannot send to a changed chain or disabled native model (22.672416ms)
✔ reordered browser storage permits the first exact POST and reload-verifiable nested receipt (19.511417ms)
✔ reordered storage preserves unknown history across restart and exact-byte Retry (19.214625ms)
✔ every readback field in each stored copy remains exact despite order normalization (48.167667ms)
✔ nested resolution readback cannot drop, add, retype or alter proof fields (93.03075ms)
✔ browser document formats match Chromium's observed token and Firefox's explicit UUID contract (1.002084ms)
✔ real isolated content binds internal requests to a full nonce and cannot accept a page-supplied identity (2.896458ms)
✔ pagehide and bfcache pageshow reject old replies/events and rotate the content activation (0.741166ms)
✔ initial pageshow preserves a document-start request and its original reply (0.801416ms)
✔ document probe binds an exact fresh challenge and browser document target, failing closed on every response mismatch (8.450416ms)
✔ the final document check follows account and permission awaits rather than trusting an earlier response (1.170292ms)
✔ literal Core 0468 receipt binds an independently signed exact Ethereum intent (12.279709ms)
✔ capability is exact eight fields and every proof/native field is mandatory (5.634916ms)
✔ canonical uint64 and int64 parse with BigInt, never rounded Number values (0.613416ms)
✔ checkpoint covers mined block and exactly binds all native transfer fields (17.973417ms)
✔ pending, missing and memory-only proofs never mean mined durable (0.358ms)
✔ RPC exact discovery and status methods preserve bounded Core errors (0.785625ms)
✔ different heights cannot reuse the mined hash and status zero cannot confirm a native transfer (1.662791ms)
✔ hash-shaped arrays and non-string checkpoint identities are not canonical hashes (0.104208ms)
✔ chain and exact fee-model fields are mandatory and changing balance units fail closed (0.8225ms)
✔ actual page/content/runtime/RPC bridge accepts fee discovery and retains Core uncertainty data (8.071125ms)
✔ extension packages expose truthful install metadata without hosted-update claims (0.788417ms)
✔ HTTPS DApp injection is automatic with an explicit activeTab repair fallback (4.3ms)
✔ extension source never opens a top-level ynxwallet navigation (2.984875ms)
✔ unsigned Chromium package stays honest about identity and minimum runtime (0.222167ms)
✔ Firefox package has a stable declared add-on id but remains unsigned (0.137083ms)
✔ upgrade removes HTTP origins, dynamic scripts and alarms while retaining HTTPS DApp scope (14.53125ms)
✔ first install and second startup are idempotent and never touch account state (0.152708ms)
✔ origin cleanup failure remains fail closed (0.236166ms)
✔ dynamic script cleanup failure remains fail closed (0.095375ms)
✔ migration never sacrifices the required HTTPS provider origin (0.078542ms)
✔ service worker gates discovery, popup and DApp messages before provider work (9.912042ms)
✔ MetaMask first: original global and identity retained; chosen YNX request uses only YNX bridge (1.686917ms)
✔ reannounce retains the same YNX object and metadata, with no automatic account request (5.037208ms)
✔ frozen external provider without providers array does not prevent EIP6963 announcement (0.444375ms)
✔ pre-existing frozen providers array cannot abort independent YNX EIP6963 registration (0.33075ms)
✔ third-party providers getter is never evaluated for YNX discovery (0.325916ms)
✔ YNX-first legacy fallback remains compatible with later provider assignment (0.342625ms)
✔ throwing global getter or occupied nonconfigurable empty slot cannot block announcement or reannouncement (2.776459ms)
✔ an existing mutable provider collection is preserved byte-for-byte and gains no YNX mutation (2.267208ms)
✔ provider permission is exact-origin, exact-account and persistent until revoke (1.03ms)
✔ permission/account tamper and non-http origins fail closed (0.966209ms)
✔ approval decision binds request, origin, tab, account and deadline (1.342334ms)
✔ Firefox context permissions coexist but never inherit unscoped legacy or another context (1.998417ms)
✔ scoped permission storage rejects key, context and version tampering (1.101834ms)
✔ approval actual renderer routes the full internal locator and rejects an external wire UUID (16.370625ms)
✔ signer actual renderer routes the full internal locator and rejects an external wire UUID (7.085458ms)
✔ extension RPC sends the exact bounded eth_chainId request and validates 0x1917 (1.026542ms)
✔ signed transaction broadcast is a separate exact internal RPC gate (0.479209ms)
✔ extension RPC rejects wrong chain, malformed envelope, errors and unavailable transport (0.396833ms)
✔ read-only RPC forwards only the frozen allowlist and exact JSON-RPC envelope (0.240791ms)
✔ RPC error envelopes preserve Core uncertainty code and data, including HTTP failures (0.173208ms)
✔ legacy balance exposes whole-YNXT explicitly and cannot masquerade as standard wei (1.97825ms)
✔ safe reads use canonical first and legacy only after reachability failure; broadcast never auto-replays (1.437833ms)
✔ RPC deadline includes a response body that never completes (0.426167ms)
✔ result and error are mutually exclusive even when error is null or false (0.217917ms)
✔ redirects, missing response identity and foreign final URLs cannot authorize a rejection (0.2255ms)
✔ build consumes exact Core Web companion authority while public Gateway remains closed (14.73725ms)
✔ sensitive request parser binds exact method parameters, account and deadline (0.357708ms)
✔ sensitive request IDs are consumed once in bounded session storage (0.236833ms)
✔ concurrent duplicate sensitive requests cannot race the replay write (0.10225ms)
✔ authorization guard rejects revoke-and-regrant, account replacement, origin change and deadline drift (0.497625ms)
✔ sensitive results never accept fabricated accounts, signatures or transaction hashes (0.147084ms)
✔ document epochs survive origin return, tab reuse and a pending active-tab lookup (0.20575ms)
✔ standard provider consumes replay state without coupling to Core Product Session (4.366417ms)
✔ scoped request IDs preserve all SHA-256 bits and bind domain, context, origin and exact external UUID (1.775917ms)
✔ scoped replay keeps same-scope once, cross-scope independence and the global capacity (10.014708ms)
✔ legacy unscoped UUID replay produces one uniform migration barrier until its original expiry (2.987667ms)
✔ vault recovery replay shares capacity but does not inherit the DApp scope migration barrier (1.095167ms)
✔ actual signer renderer safely prioritizes Unicode/HTML message without changing the original summary (9.065209ms)
✔ maximum-length message and every original hexadecimal byte remain reviewable; empty message is explicit (4.452333ms)
✔ typed data retains complete domain/types/message, big integer strings and escaped field values (2.217ms)
✔ plain, unknown and noncanonical summaries stay fully visible instead of producing a misleading preview (8.312542ms)
✔ actual prepared native transfer explicitly reviews signing and sending with full amount and fee budget (2.049208ms)
✔ expired delayed GET never enables the redesigned review or sends a decision (2.891042ms)
✔ deadline is checked again before a decision and expiry clears a typed password (5.465292ms)
✔ review toggling leaves the exact locator and password decision semantics unchanged; pagehide clears draft (8.467541ms)
✔ vault signer produces recoverable personal and exact 0x1917 typed-data signatures (37.318083ms)
✔ vault signer binds and signs one canonical legacy transaction for chain 6423 (5.734584ms)
✔ complete message and typed-data review preserves tails, all types and exact bytes (4.818375ms)
✔ preparation preserves supplied gas and exact maximum budget; signing only revalidates capability and nonce (6.314084ms)
✔ strict Core capability rejects unknown, legacy, fractional and full-EVM input before review (5.696083ms)
✔ missing fees, funds, changed nonce and revoked authorization fail without returning signatures (12.160333ms)
✔ transaction preparation requires exact durability before nonce prefill; message signing stays independent (3.733208ms)
✔ final nonce await and last durability query drift cannot reach the cryptographic transaction signer (5.705ms)
✔ native int64 overflow is refused during preparation even if RPC claims an enormous balance (0.164542ms)
✔ actual vault UI shows original intent and requires explicit legacy RPC selection; status check sends no password (4.682083ms)
✔ actual vault displays and copies YNX while recovery requests retain the exact 0x account (7.5835ms)
✔ actual vault Retry requires review/password and late ACK after cancel or pagehide never changes the UI (3.326917ms)
✔ persisted version 1 vault survives browser storage object-key reordering without rewriting ciphertext (322.267917ms)
✔ encrypted extension vault derives the canonical 0x account and unlocks only with its password (188.261625ms)
✔ vault metadata, ciphertext, identity and weak passwords fail closed (206.909375ms)
✔ same-scope revoke notifies both current documents {} (5.609875ms)
✔ same-scope revoke notifies both current documents {"firefox":true} (1.323292ms)
✔ same-scope revoke notifies both current documents {"firefox":true,"withDocumentId":false} (0.945167ms)
✔ fresh worker discovers B without an in-memory request subscription (0.718125ms)
✔ foreign origins, ports, private and other Firefox contexts receive nothing (0.8685ms)
✔ departing B document at query is excluded while A still revokes (0.656125ms)
✔ departing B document at injection is excluded while A still revokes (0.547875ms)
✔ departing B document at probe is excluded while A still revokes (0.580333ms)
▶ browser document replacement and content activation replacement fail closed
  ✔ documentId (0.612458ms)
  ✔ nonce (0.602917ms)
  ✔ context (0.526666ms)
  ✔ missingId (0.578ms)
  ✔ absentBridge (2.102084ms)
  ✔ closed (1.979791ms)
✔ browser document replacement and content activation replacement fail closed (6.761875ms)
✔ one inaccessible tab does not block the other same-scope tab (4.167875ms)
✔ revoke storage failure emits no state change (2.279958ms)
✔ tab discovery failure retains revocation and requester notifications (1.991625ms)
✔ malformed sibling probe cannot receive a revocation event (2.28025ms)
✔ a document departing between events receives no later disconnect (6.862666ms)
✔ requester departure after persistence does not suppress a current sibling (2.229667ms)
✔ new authority mutation waits until revocation notifications finish (2.519709ms)
✔ hung query releases authority at total budget; late settlement dispatches nothing else (5.464ms)
✔ hung injection releases authority at total budget; late settlement dispatches nothing else (7.752083ms)
✔ hung context releases authority at total budget; late settlement dispatches nothing else (1.0155ms)
✔ hung probe releases authority at total budget; late settlement dispatches nothing else (1.232833ms)
✔ hung event releases authority at total budget; late settlement dispatches nothing else (5.253583ms)
✔ notification timer is clipped to the original request deadline (18.243083ms)
✔ real deadline timer releases authority despite a never-settling browser query (253.218417ms)
✔ worker shows the complete public review before unlocking and signs its exact bytes (114.622333ms)
✔ actual worker rejects another-wallet preference before tab access and never falls back to MetaMask (2.094ms)
▶ document lease starts before migration, replay, account reads and transaction prefill
  ✔ migration (0.76175ms)
  ✔ replay (2.284167ms)
  ✔ account (1.09525ms)
  ✔ prefill (2.909333ms)
✔ document lease starts before migration, replay, account reads and transaction prefill (7.501ms)
▶ popup requests retain the document epoch across active-tab lookup and injection
  ✔ query (0.550166ms)
  ✔ injection (0.390334ms)
✔ popup requests retain the document epoch across active-tab lookup and injection (1.086917ms)
▶ navigation after decrypt or signing cannot release a result or dispatch a transaction
  ✔ decrypt (55.905708ms)
  ✔ signed (63.878916ms)
  ✔ journal-readback (81.970958ms)
✔ navigation after decrypt or signing cannot release a result or dispatch a transaction (202.075708ms)
✔ navigation after POST keeps its durable journal facts and rejects the old reply (75.862334ms)
✔ new-document requests work while unrelated tab events and popup focus preserve approval (73.700917ms)
▶ connection navigation cannot persist permission or send account events
  ✔ review (2.046167ms)
  ✔ permission-write (1.162709ms)
✔ connection navigation cannot persist permission or send account events (3.497292ms)
✔ navigation while revoking retains revocation but sends no event to the new document (0.859458ms)
▶ DApp document navigation cancels the old personal_sign approval
  ✔ reload (1.276958ms)
  ✔ away-and-back (3.305291ms)
  ✔ removed-and-reused (2.172334ms)
✔ DApp document navigation cancels the old personal_sign approval (7.138708ms)
▶ DApp document navigation cancels the old eth_sendTransaction approval
  ✔ reload (2.22725ms)
  ✔ away-and-back (1.825167ms)
  ✔ removed-and-reused (3.811416ms)
✔ DApp document navigation cancels the old eth_sendTransaction approval (8.091834ms)
✔ revoke, account replacement and vault removal immediately invalidate pending signatures (19.782167ms)
✔ origin changes and expired approval decisions cannot release a signature (84.211209ms)
✔ revocation during vault decryption prevents the signer from receiving the key (51.875ms)
✔ transaction RPC prefill precedes review and only the frozen snapshot is broadcast (58.558584ms)
✔ missing fees and revocation during prefill never open an approval; changed nonce never broadcasts (55.273709ms)
✔ connection approval cannot restore permission after revoke or tab navigation (4.657334ms)
✔ navigation during permission persistence rolls back the just-granted permission (5.350875ms)
✔ revocation during the final nonce check prevents transaction broadcasting (55.412167ms)
✔ real signer, RPC and worker preserve uncertain hash and raw across worker restart without a second review or broadcast (149.032541ms)
✔ concurrent sends and failed recovery storage cannot reach a second signer or any broadcast (62.868583ms)
✔ a lost caller response after a successful RPC ACK also cannot trigger a replacement transaction (56.058208ms)
✔ mismatching ACK hash and post-submit storage failure retain original recovery bytes (109.914458ms)
✔ revocation while storing signed recovery bytes cancels before broadcast; corrupt records block review (54.940416ms)
✔ only the first validated definite rejection releases the account; unknown history cannot be cleared by -32003 (165.356208ms)
✔ receipt account, type and fixed-fee mismatches never release the original pending transaction (99.519042ms)
✔ vault explicit retry unlocks only for authorization and dispatches the original bytes without signing or nonce lookup (158.153ms)
✔ vault retry rejects wrong account/hash/password and cancellation during decryption without another POST (518.163708ms)
✔ late retry ACK after cancellation records fact but never replies with fresh authorization (108.3225ms)
✔ post-receipt actual chain/model changes and failed status never resolve original intent (167.338167ms)
✔ actual worker preserves bounded Core durability errors after journaling unknown (206.425875ms)
✔ same-URL vault reload or tab removal invalidates password work even when pagehide Cancel is lost (204.307208ms)
✔ missing durability blocks before review or decrypt; loss during approval does not unlock (1.994458ms)
✔ same-origin Firefox containers and default context require separate connection approval (2.367292ms)
✔ Firefox container permission persists across worker restart while legacy permission has no inferred container (1.828375ms)
✔ revoke from another Firefox container cannot remove permission or cancel an approved-container signer (50.571084ms)
✔ Firefox private or missing browser context rejects requests before account reads, replay, review or RPC (1.425708ms)
✔ DApp payload cannot override Firefox browser-owned context (0.976958ms)
✔ popup uses actual Firefox container and signer review discloses the bound context (1.445625ms)
✔ Firefox context changes during account reads, decrypt or final journal readback cannot release identity or broadcast (106.038917ms)
✔ context change after POST retains original raw and ACK while refusing the stale reply (53.1675ms)
✔ chosen external request ID is independent across unapproved contexts and remains once within each (2.200833ms)
✔ two containers can use the same external ID without colliding pending storage, UI locator or cleanup (1.719166ms)
✔ document/context cancellation during SHA await cannot consume replay, create a review or sign (1.064167ms)
✔ legacy DApp replay barrier is uniform and cannot admit internal IDs on the external bridge (0.660625ms)
✔ actual content bridge returns the original external ID while worker review and replay use the full internal ID (55.410541ms)
▶ actual old content requests queued after navigation cannot acquire the new document epoch on Chrome or Firefox 140
  ✔ Chrome document target (1.509083ms)
  ✔ Firefox without documentId (1.090083ms)
✔ actual old content requests queued after navigation cannot acquire the new document epoch on Chrome or Firefox 140 (2.726667ms)
✔ legacy injected bridges and browser-reported inactive documents fail before replay or review (0.340084ms)
✔ actual worker accepts browser-specific IDs and rejects missing or invented Chrome UUIDs before review (0.933041ms)
✔ real content activation changes during review reject before decrypt even without a navigation event (1.39075ms)
✔ the final content probe after durable raw readback blocks POST but preserves the signed outbox (54.353792ms)
✔ navigation after POST keeps exact raw and ACK while the actual departing content suppresses its old reply (55.773708ms)
✔ all twelve requested locales cover every English runtime key (5.588375ms)
✔ Wallet route binds the frozen manifest and cleanup restores the site identity (0.468125ms)
✔ non-Wallet routes never mutate the site manifest (0.06075ms)
✔ Website handoff manifest is exactly the built Wallet manifest with frozen icon identities (6.510625ms)
✔ release packaging accepts only a full lowercase source commit (2.202083ms)
✔ release packaging rejects missing, placeholder, abbreviated, and malformed identities (0.995292ms)
✔ locale and theme restore exactly after a second launch (2.803917ms)
✔ valid legacy display preferences migrate once into the canonical record (0.239ms)
✔ invalid JSON, unknown fields and expired records reset without restoring state (0.55825ms)
✔ cross-window preference replay and lower revisions fail closed (0.23425ms)
✔ frozen chain metadata is exact and complete (1.755667ms)
✔ MetaMask-only and unknown providers cannot become a Wallet session or a fallback (1.626667ms)
✔ an old saved MetaMask session is discarded without probing or changing other storage (0.205959ms)
✔ provider identity changing during approval cannot return a YNX session (3.729125ms)
✔ a stale connect cannot switch chains and a stale restore cannot erase a newer session (0.6255ms)
✔ injected discovery selects only YNX in a mixed-provider page (0.143833ms)
✔ provider identity does not trust an arbitrary rdns substring (0.199042ms)
✔ discovery presentation offers only YNX and its download (0.215917ms)
✔ EIP-6963 discovers exact YNX and MetaMask announcements including late injection (172.738667ms)
✔ repeated EIP-6963 requests deduplicate providers and retain YNX versus MetaMask identity (167.532333ms)
✔ ethereum.providers fallback observes delayed injection without inventing installation state (161.751084ms)
✔ no-provider locked and site-access-denied classifications require explicit diagnostics (493.705333ms)
✔ mobile cannot route Wallet login into MetaMask (0.208375ms)
✔ mobile browser detection covers phone and iPad desktop UA without affecting desktop (0.144208ms)
✔ canonical YNX mobile authorization stays closed until Core freezes the exact HTTPS callback (0.048084ms)
✔ default download opens platform selection and Android uses the current immutable release (0.15375ms)
✔ extension discovery propagates runtime failure and rejects malformed responses (0.156291ms)
✔ optional CORS-safe RPC probe accepts only exact YNX Testnet and is not connection authority (0.948916ms)
✔ RPC verification rejects malformed, mismatched and error envelopes (0.109084ms)
✔ RPC recovery requires a new live 0x1917 response after an offline failure (0.102ms)
✔ connect success is bound to approval then provider chain confirmation (0.246125ms)
✔ first YNX provider connect adds frozen YNX chain only after exact unknown-chain failure (0.149167ms)
✔ non-4902 switch rejection never adds a chain or fabricates connection (0.075875ms)
✔ legacy nested unknown-chain error is accepted narrowly and still requires 0x1917 readback (0.125042ms)
✔ add-chain uses frozen metadata and proves the switched chain (0.052792ms)
✔ extension provider add-chain switches and proves exact 0x1917 through runtime messages (0.085334ms)
✔ extension provider switch rejects a wrong-chain result (0.052583ms)
✔ extension disconnect invalidates restore and reconnect requires fresh runtime approval (0.138542ms)
✔ extension sign and transaction require live account preflight before runtime mutation (0.179542ms)
✔ extension account replacement and user rejection never fabricate sensitive success (0.106583ms)
✔ network mutation is provider-authoritative and fails closed on wrong chain response (0.050333ms)
✔ signing validates chain and returned signature (0.058084ms)
✔ transaction requires live RPC, exact network, canonical input and real hash (0.083292ms)
✔ signing and transaction reject a replaced account before sensitive provider calls (0.080667ms)
✔ second launch restores only an exact live Testnet account (0.081459ms)
✔ tampered local session JSON is removed without a provider request (0.044625ms)
✔ second launch removes non-canonical and unavailable remembered sessions (0.070209ms)
✔ second launch invalidates account replacement and provider failure (0.104125ms)
✔ action gates require a provider and an exact connected Testnet account (0.056708ms)
✔ network mutation never depends on a direct browser RPC probe (0.041667ms)
✔ only authoritative provider identity failures invalidate the connected UI session (0.036125ms)
✔ provider lifecycle callbacks normalize accounts and unsubscribe exactly (0.141875ms)
✔ forgetSession removes only the wallet session key (0.024292ms)
✔ official artifact requires exact direct ZIP headers, bytes and SHA-256 (12.42125ms)
✔ HTTP 200 SPA fallback and non-official origins fail closed (0.252666ms)
✔ public deployment requires an exact full source commit and frozen route (0.833708ms)
✔ old, abbreviated, missing, duplicate and wrong-route records fail closed (0.425542ms)
✔ old imported policy reloads to the newly activated build instead of waiting for an impossible old version (12.790417ms)
✔ a repeated mismatched build marker fails closed after one reload (1.93625ms)
✔ a current page remains ready with a distinct build cache present and preserves browser state (1017.365917ms)
✔ update network failure preserves readiness only after exact controlled-cache verification (0.7965ms)
✔ update network failure cannot accept partial cache (0.535375ms)
✔ update network failure cannot accept mixed active build (0.958542ms)
✔ update network failure cannot accept first install without a controller (0.337583ms)
✔ update network failure cannot accept controller changes during verification (0.534792ms)
✔ browser fixture loads the exact historical v8 worker and complete source assets, not a cache seed (273.904625ms)
✔ browser server exposes exact candidate assets and deliberate failed/held update responses (912.068541ms)
✔ build IDs are deterministic, cover worker/policy/assets, and final hashes verify without a digest cycle (9.002709ms)
✔ failed new installation preserves an activated old build and its offline shell (16.057875ms)
✔ activation independently rejects a cache damaged after installation without deleting old builds (5.706042ms)
✔ successful activation protects other installing/old build caches and reloads only in-scope clients once (4.814417ms)
✔ an empty or malformed integrity map cannot activate a build (0.811084ms)
✔ navigation version drift serves only the old verified shell while requesting an update (3.213541ms)
✔ corrupt offline bytes fail closed without borrowing a different build (4.778208ms)
✔ an identical complete build is reused without network fetch or cache deletion (6.487708ms)
✔ offline readiness acknowledgement verifies every cached byte using the active worker manifest (6.059958ms)
✔ exact historical v8 fetch cleanup cannot delete a new build during installation (29.3625ms)
✔ exact historical v11 fetch cleanup cannot delete a new build during installation (34.565333ms)
✔ native branded CDP harness isolates profiles and never disables extensions (0.403833ms)
✔ native branded CDP harness wakes MV3, proves two PIDs, and cleans its process group (0.101042ms)
✔ every selected browser must pass, including when another browser passes (0.377208ms)
✔ failure diagnostics preserve independent document/worker/cache observations if integrity snapshot hangs (22.121833ms)
✔ closed pages produce explicit per-component diagnostics, not a null snapshot (12.127583ms)
✔ real page provider announces independently with a frozen preexisting foreign providers array (4.359375ms)
✔ PWA readiness polls through detached or navigating iframe documents (1.011042ms)
✔ runtime bridge uses an HTTPS blank fixture and discovers the real EIP-6963 provider (0.441875ms)
✔ branded runtime also uses real HTTPS EIP-6963 discovery (0.065916ms)
✔ active-tab runtime polls migration and classifies toolbar action as manual (0.061375ms)
✔ branded Firefox harness accepts only the isolated verified app and profile (0.361875ms)
✔ branded Firefox harness opens the popup on launch two and keeps release claims false (0.114125ms)
✔ Firefox boundary gate proves temporary absence through the branded runtime add-on actor (0.362625ms)
✔ branded runtime gate is selectable and does not inherit Playwright's extension blocker (0.384958ms)
✔ branded runtime gate uses disposable profiles, bounded launches, and honest release booleans (0.093709ms)
✔ PWA routes only same-origin GET navigation and assets into cache strategies (0.465667ms)
✔ only obsolete YNX caches are purged and requests resolve to canonical asset keys (0.465791ms)
✔ version drift recovery and upgrade navigation are single-attempt and URL preserving (0.136667ms)
✔ PWA recovery markers are removed without changing route state (0.098083ms)
✔ nested official scope resolves canonical keys and rejects same-origin paths outside Wallet (0.085708ms)
✔ built worker derives cache keys from its registration scope (2.988083ms)
✔ PWA bootstrap compares the generated build identity and permits one bounded reload (0.710125ms)
✔ public bootstrap HTML remains byte-compatible with the deployed v8 worker (0.914625ms)
✔ PWA caches only successful same-origin response classes (0.48225ms)
✔ cached bytes require the exact build digest (15.466417ms)
✔ build consumes the exact Router Standard EVM interop authority (29.279792ms)
✔ interop authority keeps installed-browser promotion strict (26.096709ms)
✔ approved account and provider chain close chooser and clear pending intent (0.825583ms)
✔ Wallet state rejects MetaMask selection and historical MetaMask restore (1.910125ms)
✔ connected details open independently and close back to the trigger (0.365ms)
✔ refresh restore, account change and disconnect remain provider-authoritative (0.245875ms)
✔ CORS and private service degradation preserve Standard Wallet success (0.290375ms)
✔ disconnect and empty account events clear all connected authority (0.204916ms)
✔ wrong chain never grants sign or send authority (0.123791ms)
✔ decimal YNXT conversion preserves every wei beyond Number precision (0.491417ms)
✔ decimal input rejects ambiguity, exponents, excessive decimals and uint256 overflow (0.414792ms)
✔ raw value/data preserve advanced capability but reject malformed quantities (11.180334ms)
✔ a prepared review cannot survive a changed provider, account, network or request epoch (0.132084ms)
✔ Wallet offers its YNX download and has no other-provider login route (3.477584ms)
✔ 390px RTL blue-white and large-text preview contracts remain buildable (6.077333ms)
✔ legacy dark preference retains locale and custody records while the actual renderer stays light (25.918459ms)
✔ all auxiliary extension pages use white canvases and preserve keyboard and forced-colors access (1.672375ms)
✔ PWA manifest declares exact standalone identity and real-logo icon sizes (1.023625ms)
✔ provider approval stays in-place and success restores exact chooser focus lifecycle (0.482333ms)
✔ active locale catalogs never suggest another-wallet login (0.414875ms)
✔ actual renderer lifecycle discards callbacks queued by a replaced provider (1.537709ms)
✔ YNX display and recipient input preserve the SDK and signer 20-byte identity (34.80325ms)
✔ Ethereum compatibility input validates mixed-case checksum before normalization (0.745583ms)
✔ public Web lifecycle remains fail closed while the 6441 Gateway registry is old (1.879041ms)
✔ begin delegates only to Core beginDetected and opens its canonical route (0.233083ms)
✔ return binds the exact HTTPS callback and never exposes account/sign/send authority (0.125125ms)
✔ reject, disconnect and restart preserve Core lifecycle outcomes without local resurrection (0.176833ms)
ℹ tests 351
ℹ suites 0
ℹ pass 351
ℹ fail 0
ℹ cancelled 0
ℹ skipped 0
ℹ todo 0
ℹ duration_ms 3810.986458
