
> @ynx-chain/wallet-web@0.1.0-testnet-preview.1 test
> node --test test/*.test.js

✔ activeTab accepts only an exact HTTP(S) top-level DApp context (1.633542ms)
✔ activeTab bridge injection is isolated-world first and main-world second (0.323333ms)
✔ standalone authority requires exact embedded mapping and both hashes (24.492ms)
✔ preverified archive bytes are copied once and cannot race a later mutation (0.683041ms)
✔ archive corruption, duplicates and unused authorities never silently pass (27.531708ms)
✔ immutable Wallet deployment disables caching for identity and worker authority (6.537333ms)
Built PWA plus unsigned Chromium (Chrome/Edge) and Firefox extension directories.
Built PWA plus unsigned Chromium (Chrome/Edge) and Firefox extension directories.
▶ actual extension artifacts have complete browser module and manifest graphs
  ✔ explicit archive authority mode reproduces every Git-build output byte (646.686917ms)
  ✔ chromium: all shipped JS, HTML and manifest references resolve (25.619708ms)
  ✔ chromium: missing transitive import fails artifact verification (25.944791ms)
  ✔ chromium: missing manifest worker fails artifact verification (3.425041ms)
  ✔ chromium: missing HTML entry, bare imports and escaping imports are rejected (35.320416ms)
  ✔ firefox: all shipped JS, HTML and manifest references resolve (51.372542ms)
  ✔ firefox: missing transitive import fails artifact verification (28.140625ms)
  ✔ firefox: missing manifest worker fails artifact verification (3.764958ms)
  ✔ firefox: missing HTML entry, bare imports and escaping imports are rejected (37.840042ms)
✔ actual extension artifacts have complete browser module and manifest graphs (1977.651458ms)
✔ page bridge accepts only exact HTTP(S) origin, request id, method and params (1.046583ms)
✔ runtime bridge binds the content-script request to the sender origin (0.266ms)
✔ bridge allowlist includes permissions, lifecycle, signing and bounded read RPC but no arbitrary RPC (0.434917ms)
✔ content and page scripts enforce source, origin, timeout, duplicate-id and companion exclusion guards (5.660667ms)
✔ journal requires capability before first POST and writes exact bytes before dispatch (11.185041ms)
✔ receipt without exact proof, pending, null or unsupported model cannot clear unknown (43.150375ms)
✔ durable evidence is stored and verified again on reload; every tampered resolution remains unresolved (69.438083ms)
✔ all V1 terminal records keep original bytes and require explicit RPC selection before any lookup (81.032ms)
✔ exact raw retry remains pending after ACK and every later error; no replacement signature (101.475125ms)
✔ cancel, storage failure, concurrent retry and late outcome preserve original unknown history (59.973125ms)
✔ first known before-dispatch cancellation and exact rejection resolve with explicit evidence only (166.11975ms)
✔ a storage error cannot masquerade as a first server rejection after a successful POST (18.133458ms)
✔ receipt final model response cannot hide a chain switch after the earlier chain check (14.220041ms)
✔ password waiting and dispatch readback drift cannot send to a changed chain or disabled native model (40.149416ms)
✔ reordered browser storage permits the first exact POST and reload-verifiable nested receipt (37.901917ms)
✔ reordered storage preserves unknown history across restart and exact-byte Retry (21.206375ms)
✔ every readback field in each stored copy remains exact despite order normalization (104.761042ms)
✔ nested resolution readback cannot drop, add, retype or alter proof fields (219.191375ms)
✔ browser document formats match Chromium's observed token and Firefox's explicit UUID contract (1.015875ms)
✔ real isolated content binds internal requests to a full nonce and cannot accept a page-supplied identity (10.870584ms)
✔ pagehide and bfcache pageshow reject old replies/events and rotate the content activation (4.309959ms)
✔ initial pageshow preserves a document-start request and its original reply (2.257791ms)
✔ document probe binds an exact fresh challenge and browser document target, failing closed on every response mismatch (8.295167ms)
✔ the final document check follows account and permission awaits rather than trusting an earlier response (1.379584ms)
✔ literal Core 0468 receipt binds an independently signed exact Ethereum intent (24.88525ms)
✔ capability is exact eight fields and every proof/native field is mandatory (1.209166ms)
✔ canonical uint64 and int64 parse with BigInt, never rounded Number values (0.134834ms)
✔ checkpoint covers mined block and exactly binds all native transfer fields (50.252167ms)
✔ pending, missing and memory-only proofs never mean mined durable (2.141916ms)
✔ RPC exact discovery and status methods preserve bounded Core errors (0.877083ms)
✔ different heights cannot reuse the mined hash and status zero cannot confirm a native transfer (2.423041ms)
✔ hash-shaped arrays and non-string checkpoint identities are not canonical hashes (0.11375ms)
✔ chain and exact fee-model fields are mandatory and changing balance units fail closed (1.955292ms)
✔ actual page/content/runtime/RPC bridge accepts fee discovery and retains Core uncertainty data (11.749666ms)
✔ extension packages expose truthful install metadata without hosted-update claims (0.738417ms)
✔ HTTPS DApp injection is automatic with an explicit activeTab repair fallback (4.900375ms)
✔ extension source never opens a top-level ynxwallet navigation (2.890125ms)
✔ unsigned Chromium package stays honest about identity and minimum runtime (0.282375ms)
✔ Firefox package has a stable declared add-on id but remains unsigned (0.150334ms)
✔ upgrade removes HTTP origins, dynamic scripts and alarms while retaining HTTPS DApp scope (4.875958ms)
✔ first install and second startup are idempotent and never touch account state (0.364583ms)
✔ origin cleanup failure remains fail closed (0.651666ms)
✔ dynamic script cleanup failure remains fail closed (0.245875ms)
✔ migration never sacrifices the required HTTPS provider origin (0.212709ms)
✔ service worker gates discovery, popup and DApp messages before provider work (6.801709ms)
✔ MetaMask first: original global and identity retained; chosen YNX request uses only YNX bridge (12.114ms)
✔ reannounce retains the same YNX object and metadata, with no automatic account request (12.417917ms)
✔ frozen external provider without providers array does not prevent EIP6963 announcement (8.370083ms)
✔ pre-existing frozen providers array cannot abort independent YNX EIP6963 registration (1.611ms)
✔ third-party providers getter is never evaluated for YNX discovery (4.238292ms)
✔ YNX-first legacy fallback remains compatible with later provider assignment (0.470917ms)
✔ throwing global getter or occupied nonconfigurable empty slot cannot block announcement or reannouncement (1.372334ms)
✔ an existing mutable provider collection is preserved byte-for-byte and gains no YNX mutation (0.52625ms)
✔ provider permission is exact-origin, exact-account and persistent until revoke (11.23525ms)
✔ permission/account tamper and non-http origins fail closed (0.344083ms)
✔ approval decision binds request, origin, tab, account and deadline (0.226708ms)
✔ Firefox context permissions coexist but never inherit unscoped legacy or another context (0.278458ms)
✔ scoped permission storage rejects key, context and version tampering (0.159666ms)
✔ approval actual renderer routes the full internal locator and rejects an external wire UUID (17.519459ms)
✔ signer actual renderer routes the full internal locator and rejects an external wire UUID (5.895917ms)
✔ extension RPC sends the exact bounded eth_chainId request and validates 0x1917 (1.004458ms)
✔ signed transaction broadcast is a separate exact internal RPC gate (0.435667ms)
✔ extension RPC rejects wrong chain, malformed envelope, errors and unavailable transport (0.383917ms)
✔ read-only RPC forwards only the frozen allowlist and exact JSON-RPC envelope (0.225959ms)
✔ RPC error envelopes preserve Core uncertainty code and data, including HTTP failures (0.158916ms)
✔ legacy balance exposes whole-YNXT explicitly and cannot masquerade as standard wei (1.302875ms)
✔ safe reads use canonical first and legacy only after reachability failure; broadcast never auto-replays (0.245792ms)
✔ RPC deadline includes a response body that never completes (0.329083ms)
✔ result and error are mutually exclusive even when error is null or false (0.179833ms)
✔ redirects, missing response identity and foreign final URLs cannot authorize a rejection (0.208917ms)
✔ build consumes exact Core Web companion authority while public Gateway remains closed (18.85075ms)
✔ sensitive request parser binds exact method parameters, account and deadline (0.681625ms)
✔ sensitive request IDs are consumed once in bounded session storage (0.497084ms)
✔ concurrent duplicate sensitive requests cannot race the replay write (0.229833ms)
✔ authorization guard rejects revoke-and-regrant, account replacement, origin change and deadline drift (1.190833ms)
✔ sensitive results never accept fabricated accounts, signatures or transaction hashes (0.503542ms)
✔ document epochs survive origin return, tab reuse and a pending active-tab lookup (0.451166ms)
✔ standard provider consumes replay state without coupling to Core Product Session (5.085917ms)
✔ scoped request IDs preserve all SHA-256 bits and bind domain, context, origin and exact external UUID (3.604458ms)
✔ scoped replay keeps same-scope once, cross-scope independence and the global capacity (14.44675ms)
✔ legacy unscoped UUID replay produces one uniform migration barrier until its original expiry (1.332916ms)
✔ vault recovery replay shares capacity but does not inherit the DApp scope migration barrier (0.959625ms)
✔ actual signer renderer safely prioritizes Unicode/HTML message without changing the original summary (3.834125ms)
✔ maximum-length message and every original hexadecimal byte remain reviewable; empty message is explicit (10.707125ms)
✔ typed data retains complete domain/types/message, big integer strings and escaped field values (10.636084ms)
✔ plain, unknown and noncanonical summaries stay fully visible instead of producing a misleading preview (9.560375ms)
✔ actual prepared native transfer explicitly reviews signing and sending with full amount and fee budget (18.959542ms)
✔ expired delayed GET never enables the redesigned review or sends a decision (2.136916ms)
✔ deadline is checked again before a decision and expiry clears a typed password (93.932583ms)
✔ review toggling leaves the exact locator and password decision semantics unchanged; pagehide clears draft (14.776208ms)
✔ vault signer produces recoverable personal and exact 0x1917 typed-data signatures (120.361542ms)
✔ vault signer binds and signs one canonical legacy transaction for chain 6423 (26.027875ms)
✔ complete message and typed-data review preserves tails, all types and exact bytes (9.571875ms)
✔ preparation preserves supplied gas and exact maximum budget; signing only revalidates capability and nonce (31.277584ms)
✔ strict Core capability rejects unknown, legacy, fractional and full-EVM input before review (18.562834ms)
✔ missing fees, funds, changed nonce and revoked authorization fail without returning signatures (3.814208ms)
✔ transaction preparation requires exact durability before nonce prefill; message signing stays independent (78.116708ms)
✔ final nonce await and last durability query drift cannot reach the cryptographic transaction signer (33.32025ms)
✔ native int64 overflow is refused during preparation even if RPC claims an enormous balance (1.124916ms)
✔ actual vault UI shows original intent and requires explicit legacy RPC selection; status check sends no password (4.497ms)
✔ actual vault displays and copies YNX while recovery requests retain the exact 0x account (39.5505ms)
✔ actual vault Retry requires review/password and late ACK after cancel or pagehide never changes the UI (80.133708ms)
✔ persisted version 1 vault survives browser storage object-key reordering without rewriting ciphertext (649.852833ms)
✔ encrypted extension vault derives the canonical 0x account and unlocks only with its password (287.814667ms)
✔ vault metadata, ciphertext, identity and weak passwords fail closed (229.257041ms)
✔ same-scope revoke notifies both current documents {} (12.376375ms)
✔ same-scope revoke notifies both current documents {"firefox":true} (16.209792ms)
✔ same-scope revoke notifies both current documents {"firefox":true,"withDocumentId":false} (3.707791ms)
✔ fresh worker discovers B without an in-memory request subscription (1.051833ms)
✔ foreign origins, ports, private and other Firefox contexts receive nothing (1.646166ms)
✔ departing B document at query is excluded while A still revokes (2.113458ms)
✔ departing B document at injection is excluded while A still revokes (1.994ms)
✔ departing B document at probe is excluded while A still revokes (1.038375ms)
▶ browser document replacement and content activation replacement fail closed
  ✔ documentId (0.785666ms)
  ✔ nonce (0.6925ms)
  ✔ context (0.608334ms)
  ✔ missingId (0.721208ms)
  ✔ absentBridge (0.547625ms)
  ✔ closed (0.521542ms)
✔ browser document replacement and content activation replacement fail closed (4.166875ms)
✔ one inaccessible tab does not block the other same-scope tab (0.65275ms)
✔ revoke storage failure emits no state change (0.472375ms)
✔ tab discovery failure retains revocation and requester notifications (0.52175ms)
✔ malformed sibling probe cannot receive a revocation event (0.5425ms)
✔ a document departing between events receives no later disconnect (2.822166ms)
✔ requester departure after persistence does not suppress a current sibling (2.17ms)
✔ new authority mutation waits until revocation notifications finish (2.056291ms)
✔ hung query releases authority at total budget; late settlement dispatches nothing else (14.537375ms)
✔ hung injection releases authority at total budget; late settlement dispatches nothing else (2.312042ms)
✔ hung context releases authority at total budget; late settlement dispatches nothing else (1.208958ms)
✔ hung probe releases authority at total budget; late settlement dispatches nothing else (2.139583ms)
✔ hung event releases authority at total budget; late settlement dispatches nothing else (2.13725ms)
✔ notification timer is clipped to the original request deadline (2.642041ms)
✔ real deadline timer releases authority despite a never-settling browser query (253.045333ms)
✔ worker shows the complete public review before unlocking and signs its exact bytes (278.043458ms)
✔ actual worker rejects another-wallet preference before tab access and never falls back to MetaMask (2.17625ms)
▶ document lease starts before migration, replay, account reads and transaction prefill
  ✔ migration (0.683ms)
  ✔ replay (3.122792ms)
  ✔ account (6.06475ms)
  ✔ prefill (4.142959ms)
✔ document lease starts before migration, replay, account reads and transaction prefill (14.560125ms)
▶ popup requests retain the document epoch across active-tab lookup and injection
  ✔ query (0.594042ms)
  ✔ injection (0.427792ms)
✔ popup requests retain the document epoch across active-tab lookup and injection (1.19925ms)
▶ navigation after decrypt or signing cannot release a result or dispatch a transaction
  ✔ decrypt (92.029833ms)
  ✔ signed (75.667791ms)
  ✔ journal-readback (92.31575ms)
✔ navigation after decrypt or signing cannot release a result or dispatch a transaction (260.32825ms)
✔ navigation after POST keeps its durable journal facts and rejects the old reply (83.912083ms)
✔ new-document requests work while unrelated tab events and popup focus preserve approval (93.975583ms)
▶ connection navigation cannot persist permission or send account events
  ✔ review (1.734167ms)
  ✔ permission-write (1.467167ms)
✔ connection navigation cannot persist permission or send account events (3.509208ms)
✔ navigation while revoking retains revocation but sends no event to the new document (0.826292ms)
▶ DApp document navigation cancels the old personal_sign approval
  ✔ reload (1.101584ms)
  ✔ away-and-back (0.929625ms)
  ✔ removed-and-reused (0.931ms)
✔ DApp document navigation cancels the old personal_sign approval (3.118083ms)
▶ DApp document navigation cancels the old eth_sendTransaction approval
  ✔ reload (1.246459ms)
  ✔ away-and-back (1.862709ms)
  ✔ removed-and-reused (1.474958ms)
✔ DApp document navigation cancels the old eth_sendTransaction approval (4.731333ms)
✔ revoke, account replacement and vault removal immediately invalidate pending signatures (5.179583ms)
✔ origin changes and expired approval decisions cannot release a signature (81.570083ms)
✔ revocation during vault decryption prevents the signer from receiving the key (60.875833ms)
✔ transaction RPC prefill precedes review and only the frozen snapshot is broadcast (95.062916ms)
✔ missing fees and revocation during prefill never open an approval; changed nonce never broadcasts (56.3065ms)
✔ connection approval cannot restore permission after revoke or tab navigation (3.768125ms)
✔ navigation during permission persistence rolls back the just-granted permission (1.027875ms)
✔ revocation during the final nonce check prevents transaction broadcasting (67.807125ms)
✔ real signer, RPC and worker preserve uncertain hash and raw across worker restart without a second review or broadcast (182.194625ms)
✔ concurrent sends and failed recovery storage cannot reach a second signer or any broadcast (64.507292ms)
✔ a lost caller response after a successful RPC ACK also cannot trigger a replacement transaction (69.426417ms)
✔ mismatching ACK hash and post-submit storage failure retain original recovery bytes (132.3485ms)
✔ revocation while storing signed recovery bytes cancels before broadcast; corrupt records block review (58.263334ms)
✔ only the first validated definite rejection releases the account; unknown history cannot be cleared by -32003 (173.457042ms)
✔ receipt account, type and fixed-fee mismatches never release the original pending transaction (100.082959ms)
✔ vault explicit retry unlocks only for authorization and dispatches the original bytes without signing or nonce lookup (160.893417ms)
✔ vault retry rejects wrong account/hash/password and cancellation during decryption without another POST (522.6055ms)
✔ late retry ACK after cancellation records fact but never replies with fresh authorization (117.53475ms)
✔ post-receipt actual chain/model changes and failed status never resolve original intent (169.208417ms)
✔ actual worker preserves bounded Core durability errors after journaling unknown (212.147375ms)
✔ same-URL vault reload or tab removal invalidates password work even when pagehide Cancel is lost (204.710125ms)
✔ missing durability blocks before review or decrypt; loss during approval does not unlock (2.047083ms)
✔ same-origin Firefox containers and default context require separate connection approval (2.471375ms)
✔ Firefox container permission persists across worker restart while legacy permission has no inferred container (1.901ms)
✔ revoke from another Firefox container cannot remove permission or cancel an approved-container signer (51.279458ms)
✔ Firefox private or missing browser context rejects requests before account reads, replay, review or RPC (1.424375ms)
✔ DApp payload cannot override Firefox browser-owned context (0.950208ms)
✔ popup uses actual Firefox container and signer review discloses the bound context (1.412167ms)
✔ Firefox context changes during account reads, decrypt or final journal readback cannot release identity or broadcast (105.241ms)
✔ context change after POST retains original raw and ACK while refusing the stale reply (53.860083ms)
✔ chosen external request ID is independent across unapproved contexts and remains once within each (2.169042ms)
✔ two containers can use the same external ID without colliding pending storage, UI locator or cleanup (1.228708ms)
✔ document/context cancellation during SHA await cannot consume replay, create a review or sign (0.7705ms)
✔ legacy DApp replay barrier is uniform and cannot admit internal IDs on the external bridge (0.498833ms)
✔ actual content bridge returns the original external ID while worker review and replay use the full internal ID (52.243917ms)
▶ actual old content requests queued after navigation cannot acquire the new document epoch on Chrome or Firefox 140
  ✔ Chrome document target (1.717291ms)
  ✔ Firefox without documentId (1.7025ms)
✔ actual old content requests queued after navigation cannot acquire the new document epoch on Chrome or Firefox 140 (3.562875ms)
✔ legacy injected bridges and browser-reported inactive documents fail before replay or review (0.462875ms)
✔ actual worker accepts browser-specific IDs and rejects missing or invented Chrome UUIDs before review (1.213042ms)
✔ real content activation changes during review reject before decrypt even without a navigation event (1.827334ms)
✔ the final content probe after durable raw readback blocks POST but preserves the signed outbox (56.269875ms)
✔ navigation after POST keeps exact raw and ACK while the actual departing content suppresses its old reply (67.327791ms)
✔ all twelve requested locales cover every English runtime key (2.723417ms)
✔ Wallet route binds the frozen manifest and cleanup restores the site identity (0.955875ms)
✔ non-Wallet routes never mutate the site manifest (0.264ms)
✔ Website handoff manifest is exactly the built Wallet manifest with frozen icon identities (6.789708ms)
✔ release packaging accepts only a full lowercase source commit (1.066ms)
✔ release packaging rejects missing, placeholder, abbreviated, and malformed identities (0.567834ms)
✔ locale and theme restore exactly after a second launch (2.717459ms)
✔ valid legacy display preferences migrate once into the canonical record (0.255083ms)
✔ invalid JSON, unknown fields and expired records reset without restoring state (0.612375ms)
✔ cross-window preference replay and lower revisions fail closed (0.315542ms)
✔ frozen chain metadata is exact and complete (2.320209ms)
✔ MetaMask-only and unknown providers cannot become a Wallet session or a fallback (9.916875ms)
✔ an old saved MetaMask session is discarded without probing or changing other storage (1.03125ms)
✔ provider identity changing during approval cannot return a YNX session (4.098375ms)
✔ a stale connect cannot switch chains and a stale restore cannot erase a newer session (2.003333ms)
✔ injected discovery selects only YNX in a mixed-provider page (0.242542ms)
✔ provider identity does not trust an arbitrary rdns substring (1.64775ms)
✔ discovery presentation offers only YNX and its download (0.481542ms)
✔ EIP-6963 discovers exact YNX and MetaMask announcements including late injection (176.674583ms)
✔ repeated EIP-6963 requests deduplicate providers and retain YNX versus MetaMask identity (168.333875ms)
✔ ethereum.providers fallback observes delayed injection without inventing installation state (170.690125ms)
✔ no-provider locked and site-access-denied classifications require explicit diagnostics (490.161917ms)
✔ mobile cannot route Wallet login into MetaMask (0.221708ms)
✔ mobile browser detection covers phone and iPad desktop UA without affecting desktop (0.158791ms)
✔ canonical YNX mobile authorization stays closed until Core freezes the exact HTTPS callback (0.049792ms)
✔ default download opens platform selection and Android uses the current immutable release (0.152791ms)
✔ extension discovery propagates runtime failure and rejects malformed responses (0.14975ms)
✔ optional CORS-safe RPC probe accepts only exact YNX Testnet and is not connection authority (3.946417ms)
✔ RPC verification rejects malformed, mismatched and error envelopes (0.3465ms)
✔ RPC recovery requires a new live 0x1917 response after an offline failure (0.219708ms)
✔ connect success is bound to approval then provider chain confirmation (0.2975ms)
✔ first YNX provider connect adds frozen YNX chain only after exact unknown-chain failure (0.169292ms)
✔ non-4902 switch rejection never adds a chain or fabricates connection (0.08ms)
✔ legacy nested unknown-chain error is accepted narrowly and still requires 0x1917 readback (0.135917ms)
✔ add-chain uses frozen metadata and proves the switched chain (0.05925ms)
✔ extension provider add-chain switches and proves exact 0x1917 through runtime messages (0.09ms)
✔ extension provider switch rejects a wrong-chain result (0.055708ms)
✔ extension disconnect invalidates restore and reconnect requires fresh runtime approval (0.1515ms)
✔ extension sign and transaction require live account preflight before runtime mutation (0.188084ms)
✔ extension account replacement and user rejection never fabricate sensitive success (0.116208ms)
✔ network mutation is provider-authoritative and fails closed on wrong chain response (0.066ms)
✔ signing validates chain and returned signature (0.058208ms)
✔ transaction requires live RPC, exact network, canonical input and real hash (0.090959ms)
✔ signing and transaction reject a replaced account before sensitive provider calls (0.085292ms)
✔ second launch restores only an exact live Testnet account (0.075875ms)
✔ tampered local session JSON is removed without a provider request (0.046625ms)
✔ second launch removes non-canonical and unavailable remembered sessions (0.075041ms)
✔ second launch invalidates account replacement and provider failure (0.08125ms)
✔ action gates require a provider and an exact connected Testnet account (0.059ms)
✔ network mutation never depends on a direct browser RPC probe (0.044917ms)
✔ only authoritative provider identity failures invalidate the connected UI session (0.044791ms)
✔ provider lifecycle callbacks normalize accounts and unsubscribe exactly (0.172083ms)
✔ forgetSession removes only the wallet session key (0.20525ms)
✔ official artifact requires exact direct ZIP headers, bytes and SHA-256 (15.571209ms)
✔ HTTP 200 SPA fallback and non-official origins fail closed (0.566167ms)
✔ public deployment requires an exact full source commit and frozen route (0.877458ms)
✔ old, abbreviated, missing, duplicate and wrong-route records fail closed (0.374333ms)
✔ old imported policy reloads to the newly activated build instead of waiting for an impossible old version (15.914417ms)
✔ a repeated mismatched build marker fails closed after one reload (0.921209ms)
✔ a current page remains ready with a distinct build cache present and preserves browser state (1018.849333ms)
✔ update network failure preserves readiness only after exact controlled-cache verification (1.947542ms)
✔ update network failure cannot accept partial cache (1.654208ms)
✔ update network failure cannot accept mixed active build (2.211459ms)
✔ update network failure cannot accept first install without a controller (0.82725ms)
✔ update network failure cannot accept controller changes during verification (1.274208ms)
✔ browser fixture loads the exact historical v8 worker and complete source assets, not a cache seed (443.81575ms)
✔ browser server exposes exact candidate assets and deliberate failed/held update responses (608.505917ms)
✔ build IDs are deterministic, cover worker/policy/assets, and final hashes verify without a digest cycle (50.137292ms)
✔ failed new installation preserves an activated old build and its offline shell (56.158542ms)
✔ activation independently rejects a cache damaged after installation without deleting old builds (32.92525ms)
✔ successful activation protects other installing/old build caches and reloads only in-scope clients once (42.03575ms)
✔ an empty or malformed integrity map cannot activate a build (2.263334ms)
✔ navigation version drift serves only the old verified shell while requesting an update (8.31775ms)
✔ corrupt offline bytes fail closed without borrowing a different build (16.115792ms)
✔ an identical complete build is reused without network fetch or cache deletion (10.064834ms)
✔ offline readiness acknowledgement verifies every cached byte using the active worker manifest (25.143417ms)
✔ exact historical v8 fetch cleanup cannot delete a new build during installation (84.658459ms)
✔ exact historical v11 fetch cleanup cannot delete a new build during installation (54.238667ms)
✔ native branded CDP harness isolates profiles and never disables extensions (0.473209ms)
✔ native branded CDP harness wakes MV3, proves two PIDs, and cleans its process group (0.115042ms)
✔ every selected browser must pass, including when another browser passes (0.429458ms)
✔ failure diagnostics preserve independent document/worker/cache observations if integrity snapshot hangs (22.666375ms)
✔ closed pages produce explicit per-component diagnostics, not a null snapshot (12.007625ms)
✔ real page provider announces independently with a frozen preexisting foreign providers array (14.083333ms)
✔ runtime bridge uses an HTTPS blank fixture and discovers the real EIP-6963 provider (0.462625ms)
✔ branded runtime also uses real HTTPS EIP-6963 discovery (0.068667ms)
✔ active-tab runtime polls migration and classifies toolbar action as manual (0.062542ms)
✔ branded Firefox harness accepts only the isolated verified app and profile (3.35275ms)
✔ branded Firefox harness opens the popup on launch two and keeps release claims false (0.153125ms)
✔ Firefox boundary gate proves temporary absence through the branded runtime add-on actor (0.880333ms)
✔ branded runtime gate is selectable and does not inherit Playwright's extension blocker (0.407541ms)
✔ branded runtime gate uses disposable profiles, bounded launches, and honest release booleans (0.091208ms)
✔ PWA routes only same-origin GET navigation and assets into cache strategies (0.496125ms)
✔ only obsolete YNX caches are purged and requests resolve to canonical asset keys (0.556625ms)
✔ version drift recovery and upgrade navigation are single-attempt and URL preserving (0.168709ms)
✔ PWA recovery markers are removed without changing route state (0.154958ms)
✔ nested official scope resolves canonical keys and rejects same-origin paths outside Wallet (0.1135ms)
✔ built worker derives cache keys from its registration scope (10.639958ms)
✔ PWA bootstrap compares the generated build identity and permits one bounded reload (3.903875ms)
✔ public bootstrap HTML remains byte-compatible with the deployed v8 worker (1.336083ms)
✔ PWA caches only successful same-origin response classes (0.268625ms)
✔ cached bytes require the exact build digest (11.304417ms)
✔ build consumes the exact Router Standard EVM interop authority (28.389ms)
✔ interop authority keeps installed-browser promotion strict (19.484083ms)
✔ approved account and provider chain close chooser and clear pending intent (0.902209ms)
✔ Wallet state rejects MetaMask selection and historical MetaMask restore (1.21125ms)
✔ connected details open independently and close back to the trigger (0.401792ms)
✔ refresh restore, account change and disconnect remain provider-authoritative (0.28025ms)
✔ CORS and private service degradation preserve Standard Wallet success (0.328167ms)
✔ disconnect and empty account events clear all connected authority (0.221125ms)
✔ wrong chain never grants sign or send authority (0.165583ms)
✔ decimal YNXT conversion preserves every wei beyond Number precision (1.05ms)
✔ decimal input rejects ambiguity, exponents, excessive decimals and uint256 overflow (1.064792ms)
✔ raw value/data preserve advanced capability but reject malformed quantities (2.429ms)
✔ a prepared review cannot survive a changed provider, account, network or request epoch (0.108792ms)
✔ Wallet offers its YNX download and has no other-provider login route (2.568ms)
✔ 390px RTL blue-white and large-text preview contracts remain buildable (1.037958ms)
✔ legacy dark preference retains locale and custody records while the actual renderer stays light (12.374834ms)
✔ all auxiliary extension pages use white canvases and preserve keyboard and forced-colors access (2.532542ms)
✔ PWA manifest declares exact standalone identity and real-logo icon sizes (4.161708ms)
✔ provider approval stays in-place and success restores exact chooser focus lifecycle (2.391125ms)
✔ active locale catalogs never suggest another-wallet login (0.728958ms)
✔ actual renderer lifecycle discards callbacks queued by a replaced provider (4.421791ms)
✔ YNX display and recipient input preserve the SDK and signer 20-byte identity (43.000375ms)
✔ Ethereum compatibility input validates mixed-case checksum before normalization (0.979834ms)
✔ public Web lifecycle remains fail closed while the 6441 Gateway registry is old (1.727917ms)
✔ begin delegates only to Core beginDetected and opens its canonical route (0.225959ms)
✔ return binds the exact HTTPS callback and never exposes account/sign/send authority (0.13175ms)
✔ reject, disconnect and restart preserve Core lifecycle outcomes without local resurrection (0.184583ms)
ℹ tests 350
ℹ suites 0
ℹ pass 350
ℹ fail 0
ℹ cancelled 0
ℹ skipped 0
ℹ todo 0
ℹ duration_ms 4547.629083
