2026-09-19T19:33:46.244Z pw:browser <launching> /Applications/Google Chrome.app/Contents/MacOS/Google Chrome --disable-field-trial-config --disable-background-networking --disable-background-timer-throttling --disable-backgrounding-occluded-windows --disable-back-forward-cache --disable-breakpad --disable-client-side-phishing-detection --disable-component-extensions-with-background-pages --disable-component-update --no-default-browser-check --disable-default-apps --disable-dev-shm-usage --disable-edgeupdater --disable-features=AvoidUnnecessaryBeforeUnloadCheckSync,BoundaryEventDispatchTracksNodeRemoval,DestroyProfileOnBrowserClose,DialMediaRouteProvider,GlobalMediaControls,HttpsUpgrades,LensOverlay,MediaRouter,PaintHolding,ThirdPartyStoragePartitioning,BlockOriginHeaderModificationOnRedirect,Translate,AutoDeElevate,OptimizationHints,msForceBrowserSignIn,msEdgeUpdateLaunchServicesPreferredVersion --enable-features=CDPScreenshotNewSurface --allow-pre-commit-input --disable-hang-monitor --disable-ipc-flooding-protection --disable-popup-blocking --disable-prompt-on-repost --disable-renderer-backgrounding --disable-updater-scheduler --force-color-profile=srgb --metrics-recording-only --no-first-run --password-store=basic --use-mock-keychain --no-service-autorun --export-tagged-pdf --disable-search-engine-choice-screen --unsafely-disable-devtools-self-xss-warnings --edge-skip-compat-layer-relaunch --disable-infobars --disable-search-engine-choice-screen --disable-sync --enable-unsafe-swiftshader --headless --hide-scrollbars --mute-audio --blink-settings=primaryHoverType=2,availableHoverTypes=2,primaryPointerType=4,availablePointerTypes=4 --no-sandbox --disable-extensions-except=/var/folders/nd/ks11whcs64b4nsy5xpjvj7540000gn/T/ynx-branded-https-cj59lu/extension --load-extension=/var/folders/nd/ks11whcs64b4nsy5xpjvj7540000gn/T/ynx-branded-https-cj59lu/extension --no-first-run --no-default-browser-check --enable-logging=stderr --user-data-dir=/var/folders/nd/ks11whcs64b4nsy5xpjvj7540000gn/T/ynx-wallet-chrome-runtime-7TEuKE --remote-debugging-pipe about:blank
2026-09-19T19:33:46.245Z pw:browser <launched> pid=18209
2026-09-19T19:33:46.587Z pw:browser [pid=18209][err] [18209:2020506:0920/033346.586742:INFO:components/enterprise/browser/controller/chrome_browser_cloud_management_controller.cc:241] No machine level policy manager exists.
2026-09-19T19:33:46.653Z pw:browser [pid=18209][err] [18209:2020506:0920/033346.653226:WARNING:chrome/browser/extensions/extension_service.cc:445] --disable-extensions-except is not allowed in Google Chrome, ignoring.
2026-09-19T19:33:47.069Z pw:browser [pid=18209][err] Trying to load the allocator multiple times. This is *not* supported.
2026-09-19T19:33:47.139Z pw:browser [pid=18209][err] [18215:2020580:0920/033347.139220:ERROR:ui/display/mac/cv_display_link_mac.mm:195] CVDisplayLinkCreateWithCGDisplay failed. CVReturn: -6670
2026-09-19T19:33:47.139Z pw:browser [pid=18209][err] [18215:2020640:0920/033347.139490:ERROR:ui/display/mac/cv_display_link_mac.mm:195] CVDisplayLinkCreateWithCGDisplay failed. CVReturn: -6670
2026-09-19T19:33:47.139Z pw:browser [pid=18209][err] [18215:2020580:0920/033347.139769:ERROR:ui/display/mac/cv_display_link_mac.mm:195] CVDisplayLinkCreateWithCGDisplay failed. CVReturn: -6670
2026-09-19T19:33:47.139Z pw:browser [pid=18209][err] [18215:2020640:0920/033347.139811:ERROR:ui/display/mac/cv_display_link_mac.mm:195] CVDisplayLinkCreateWithCGDisplay failed. CVReturn: -6670
2026-09-19T19:33:47.140Z pw:browser [pid=18209][err] [18215:2020580:0920/033347.140222:ERROR:ui/display/mac/cv_display_link_mac.mm:195] CVDisplayLinkCreateWithCGDisplay failed. CVReturn: -6670
2026-09-19T19:33:47.140Z pw:browser [pid=18209][err] [18215:2020640:0920/033347.140253:ERROR:ui/display/mac/cv_display_link_mac.mm:195] CVDisplayLinkCreateWithCGDisplay failed. CVReturn: -6670
2026-09-19T19:33:47.140Z pw:browser [pid=18209][err] [18215:2020580:0920/033347.140338:ERROR:ui/display/mac/cv_display_link_mac.mm:195] CVDisplayLinkCreateWithCGDisplay failed. CVReturn: -6670
2026-09-19T19:33:47.142Z pw:browser [pid=18209][err] [18215:2020640:0920/033347.140396:ERROR:ui/display/mac/cv_display_link_mac.mm:195] CVDisplayLinkCreateWithCGDisplay failed. CVReturn: -6670
2026-09-19T19:33:47.142Z pw:browser [pid=18209][err] [18215:2020580:0920/033347.140478:ERROR:ui/display/mac/cv_display_link_mac.mm:195] CVDisplayLinkCreateWithCGDisplay failed. CVReturn: -6670
2026-09-19T19:33:47.142Z pw:browser [pid=18209][err] [18215:2020640:0920/033347.140512:ERROR:ui/display/mac/cv_display_link_mac.mm:195] CVDisplayLinkCreateWithCGDisplay failed. CVReturn: -6670
2026-09-19T19:33:49.655Z pw:browser [pid=18209][err] [18209:2020567:0920/033349.655432:ERROR:google_apis/gcm/engine/registration_request.cc:291] Registration response error message: DEPRECATED_ENDPOINT
2026-09-19T19:33:55.260Z pw:browser [pid=18209] <gracefully close start>
2026-09-19T19:33:55.325Z pw:browser [pid=18209][err] [18216:2020599:0920/033355.325550:WARNING:net/extras/sqlite/sqlite_persistent_store_backend_base.cc:181] Failed to post task from FlushAndNotifyInBackground@net/extras/sqlite/sqlite_persistent_store_backend_base.cc:231 to client_task_runner_.
2026-09-19T19:33:55.329Z pw:browser [pid=18209][err] [18216:2020599:0920/033355.325764:WARNING:net/extras/sqlite/sqlite_persistent_store_backend_base.cc:181] Failed to post task from FlushAndNotifyInBackground@net/extras/sqlite/sqlite_persistent_store_backend_base.cc:231 to client_task_runner_.
2026-09-19T19:33:55.490Z pw:browser [pid=18209] <process did exit: exitCode=0, signal=null>
2026-09-19T19:33:55.490Z pw:browser [pid=18209] starting temporary directories cleanup
2026-09-19T19:33:55.491Z pw:browser [pid=18209] finished temporary directories cleanup
2026-09-19T19:33:55.491Z pw:browser [pid=18209] <gracefully close end>
