2026-09-19T19:35:48.268Z pw:browser <launching> /Applications/Microsoft Edge.app/Contents/MacOS/Microsoft Edge --disable-field-trial-config --disable-background-networking --disable-background-timer-throttling --disable-backgrounding-occluded-windows --disable-back-forward-cache --disable-breakpad --disable-client-side-phishing-detection --disable-component-extensions-with-background-pages --disable-component-update --no-default-browser-check --disable-default-apps --disable-dev-shm-usage --disable-edgeupdater --disable-features=AvoidUnnecessaryBeforeUnloadCheckSync,BoundaryEventDispatchTracksNodeRemoval,DestroyProfileOnBrowserClose,DialMediaRouteProvider,GlobalMediaControls,HttpsUpgrades,LensOverlay,MediaRouter,PaintHolding,ThirdPartyStoragePartitioning,BlockOriginHeaderModificationOnRedirect,Translate,AutoDeElevate,OptimizationHints,msForceBrowserSignIn,msEdgeUpdateLaunchServicesPreferredVersion --enable-features=CDPScreenshotNewSurface --allow-pre-commit-input --disable-hang-monitor --disable-ipc-flooding-protection --disable-popup-blocking --disable-prompt-on-repost --disable-renderer-backgrounding --disable-updater-scheduler --force-color-profile=srgb --metrics-recording-only --no-first-run --password-store=basic --use-mock-keychain --no-service-autorun --export-tagged-pdf --disable-search-engine-choice-screen --unsafely-disable-devtools-self-xss-warnings --edge-skip-compat-layer-relaunch --disable-infobars --disable-search-engine-choice-screen --disable-sync --enable-unsafe-swiftshader --headless --hide-scrollbars --mute-audio --blink-settings=primaryHoverType=2,availableHoverTypes=2,primaryPointerType=4,availablePointerTypes=4 --no-sandbox --disable-extensions-except=/var/folders/nd/ks11whcs64b4nsy5xpjvj7540000gn/T/ynx-branded-https-zK4Wb5/extension --load-extension=/var/folders/nd/ks11whcs64b4nsy5xpjvj7540000gn/T/ynx-branded-https-zK4Wb5/extension --no-first-run --no-default-browser-check --enable-logging=stderr --user-data-dir=/var/folders/nd/ks11whcs64b4nsy5xpjvj7540000gn/T/ynx-wallet-edge-runtime-3Trkuk --remote-debugging-pipe about:blank
2026-09-19T19:35:48.271Z pw:browser <launched> pid=18493
2026-09-19T19:35:48.630Z pw:browser [pid=18493][err] [18493:2022481:0920/033548.629359:WARNING:chrome/browser/extensions/activity_log/activity_log_policy.cc:71] Scheduling init
2026-09-19T19:35:48.630Z pw:browser [pid=18493][err] [18493:2022481:0920/033548.629411:WARNING:chrome/browser/extensions/activity_log/activity_log_policy.cc:71] Scheduling init
2026-09-19T19:35:49.069Z pw:browser [pid=18493][err] [18648:2022820:0920/033549.068284:ERROR:ui/display/mac/cv_display_link_mac.mm:195] CVDisplayLinkCreateWithCGDisplay failed. CVReturn: -6670
2026-09-19T19:35:49.069Z pw:browser [pid=18493][err] [18648:2022923:0920/033549.068564:ERROR:ui/display/mac/cv_display_link_mac.mm:195] CVDisplayLinkCreateWithCGDisplay failed. CVReturn: -6670
2026-09-19T19:35:49.069Z pw:browser [pid=18493][err] [18648:2022820:0920/033549.068728:ERROR:ui/display/mac/cv_display_link_mac.mm:195] CVDisplayLinkCreateWithCGDisplay failed. CVReturn: -6670
2026-09-19T19:35:49.069Z pw:browser [pid=18493][err] [18648:2022923:0920/033549.068765:ERROR:ui/display/mac/cv_display_link_mac.mm:195] CVDisplayLinkCreateWithCGDisplay failed. CVReturn: -6670
2026-09-19T19:35:49.069Z pw:browser [pid=18493][err] [18648:2022820:0920/033549.069222:ERROR:ui/display/mac/cv_display_link_mac.mm:195] CVDisplayLinkCreateWithCGDisplay failed. CVReturn: -6670
2026-09-19T19:35:49.069Z pw:browser [pid=18493][err] [18648:2022923:0920/033549.069260:ERROR:ui/display/mac/cv_display_link_mac.mm:195] CVDisplayLinkCreateWithCGDisplay failed. CVReturn: -6670
2026-09-19T19:35:49.217Z pw:browser [pid=18493][err] [18493:2022481:0920/033549.214894:WARNING:chrome/browser/chrome_browser_main_mac.mm:268] Start macOS Spotlight indexing invoker.
2026-09-19T19:35:49.269Z pw:browser [pid=18493][err] [18661:2022895:0920/033549.268132:ERROR:net/socket/ssl_client_socket_impl.cc:963] handshake failed; returned -1, SSL error code 1, net_error -202
2026-09-19T19:35:49.518Z pw:browser [pid=18493][err] [18648:2022820:0920/033549.518232:ERROR:ui/display/mac/cv_display_link_mac.mm:195] CVDisplayLinkCreateWithCGDisplay failed. CVReturn: -6670
2026-09-19T19:35:49.518Z pw:browser [pid=18493][err] [18648:2022923:0920/033549.518284:ERROR:ui/display/mac/cv_display_link_mac.mm:195] CVDisplayLinkCreateWithCGDisplay failed. CVReturn: -6670
2026-09-19T19:35:49.797Z pw:browser [pid=18493][err] [18648:2022820:0920/033549.797273:ERROR:ui/display/mac/cv_display_link_mac.mm:195] CVDisplayLinkCreateWithCGDisplay failed. CVReturn: -6670
2026-09-19T19:35:49.797Z pw:browser [pid=18493][err] [18648:2022923:0920/033549.797351:ERROR:ui/display/mac/cv_display_link_mac.mm:195] CVDisplayLinkCreateWithCGDisplay failed. CVReturn: -6670
2026-09-19T19:35:49.943Z pw:browser [pid=18493] <gracefully close start>
2026-09-19T19:35:49.964Z pw:browser [pid=18493][err] [18648:2022820:0920/033549.963918:ERROR:gpu/command_buffer/service/shared_image/shared_image_manager.cc:370] SharedImageManager::ProduceOverlay: Trying to Produce a Overlay representation from a non-existent mailbox.
2026-09-19T19:35:49.964Z pw:browser [pid=18493][err] [18648:2022820:0920/033549.963930:ERROR:components/viz/service/display_embedder/skia_output_device_buffer_queue.cc:258] Invalid mailbox.
2026-09-19T19:35:49.964Z pw:browser [pid=18493][err] [18648:2022820:0920/033549.963933:ERROR:gpu/command_buffer/service/shared_image/shared_image_manager.cc:370] SharedImageManager::ProduceOverlay: Trying to Produce a Overlay representation from a non-existent mailbox.
2026-09-19T19:35:49.964Z pw:browser [pid=18493][err] [18648:2022820:0920/033549.963935:ERROR:components/viz/service/display_embedder/skia_output_device_buffer_queue.cc:258] Invalid mailbox.
2026-09-19T19:35:49.964Z pw:browser [pid=18493][err] [18648:2022820:0920/033549.963936:ERROR:gpu/command_buffer/service/shared_image/shared_image_manager.cc:370] SharedImageManager::ProduceOverlay: Trying to Produce a Overlay representation from a non-existent mailbox.
2026-09-19T19:35:49.964Z pw:browser [pid=18493][err] [18648:2022820:0920/033549.963938:ERROR:components/viz/service/display_embedder/skia_output_device_buffer_queue.cc:258] Invalid mailbox.
2026-09-19T19:35:50.385Z pw:browser [pid=18493] <process did exit: exitCode=0, signal=null>
2026-09-19T19:35:50.386Z pw:browser [pid=18493] starting temporary directories cleanup
2026-09-19T19:35:50.386Z pw:browser [pid=18493] finished temporary directories cleanup
2026-09-19T19:35:50.386Z pw:browser [pid=18493] <gracefully close end>
2026-09-19T19:35:50.387Z pw:browser <launching> /Applications/Microsoft Edge.app/Contents/MacOS/Microsoft Edge --disable-field-trial-config --disable-background-networking --disable-background-timer-throttling --disable-backgrounding-occluded-windows --disable-back-forward-cache --disable-breakpad --disable-client-side-phishing-detection --disable-component-extensions-with-background-pages --disable-component-update --no-default-browser-check --disable-default-apps --disable-dev-shm-usage --disable-edgeupdater --disable-features=AvoidUnnecessaryBeforeUnloadCheckSync,BoundaryEventDispatchTracksNodeRemoval,DestroyProfileOnBrowserClose,DialMediaRouteProvider,GlobalMediaControls,HttpsUpgrades,LensOverlay,MediaRouter,PaintHolding,ThirdPartyStoragePartitioning,BlockOriginHeaderModificationOnRedirect,Translate,AutoDeElevate,OptimizationHints,msForceBrowserSignIn,msEdgeUpdateLaunchServicesPreferredVersion --enable-features=CDPScreenshotNewSurface --allow-pre-commit-input --disable-hang-monitor --disable-ipc-flooding-protection --disable-popup-blocking --disable-prompt-on-repost --disable-renderer-backgrounding --disable-updater-scheduler --force-color-profile=srgb --metrics-recording-only --no-first-run --password-store=basic --use-mock-keychain --no-service-autorun --export-tagged-pdf --disable-search-engine-choice-screen --unsafely-disable-devtools-self-xss-warnings --edge-skip-compat-layer-relaunch --disable-infobars --disable-search-engine-choice-screen --disable-sync --enable-unsafe-swiftshader --headless --hide-scrollbars --mute-audio --blink-settings=primaryHoverType=2,availableHoverTypes=2,primaryPointerType=4,availablePointerTypes=4 --no-sandbox --disable-extensions-except=/var/folders/nd/ks11whcs64b4nsy5xpjvj7540000gn/T/ynx-branded-https-zK4Wb5/extension --load-extension=/var/folders/nd/ks11whcs64b4nsy5xpjvj7540000gn/T/ynx-branded-https-zK4Wb5/extension --no-first-run --no-default-browser-check --enable-logging=stderr --user-data-dir=/var/folders/nd/ks11whcs64b4nsy5xpjvj7540000gn/T/ynx-wallet-edge-runtime-3Trkuk --remote-debugging-pipe about:blank
2026-09-19T19:35:50.387Z pw:browser <launched> pid=20128
2026-09-19T19:35:50.545Z pw:browser [pid=20128][err] [20128:2024954:0920/033550.545192:WARNING:chrome/browser/extensions/activity_log/activity_log_policy.cc:71] Scheduling init
2026-09-19T19:35:50.545Z pw:browser [pid=20128][err] [20128:2024954:0920/033550.545225:WARNING:chrome/browser/extensions/activity_log/activity_log_policy.cc:71] Scheduling init
2026-09-19T19:35:50.710Z pw:browser [pid=20128][err] [20132:2025009:0920/033550.710218:ERROR:ui/display/mac/cv_display_link_mac.mm:195] CVDisplayLinkCreateWithCGDisplay failed. CVReturn: -6670
2026-09-19T19:35:50.710Z pw:browser [pid=20128][err] [20132:2025080:0920/033550.710406:ERROR:ui/display/mac/cv_display_link_mac.mm:195] CVDisplayLinkCreateWithCGDisplay failed. CVReturn: -6670
2026-09-19T19:35:50.710Z pw:browser [pid=20128][err] [20132:2025009:0920/033550.710567:ERROR:ui/display/mac/cv_display_link_mac.mm:195] CVDisplayLinkCreateWithCGDisplay failed. CVReturn: -6670
2026-09-19T19:35:50.710Z pw:browser [pid=20128][err] [20132:2025080:0920/033550.710607:ERROR:ui/display/mac/cv_display_link_mac.mm:195] CVDisplayLinkCreateWithCGDisplay failed. CVReturn: -6670
2026-09-19T19:35:50.710Z pw:browser [pid=20128][err] [20132:2025009:0920/033550.710689:ERROR:ui/display/mac/cv_display_link_mac.mm:195] CVDisplayLinkCreateWithCGDisplay failed. CVReturn: -6670
2026-09-19T19:35:50.710Z pw:browser [pid=20128][err] [20132:2025080:0920/033550.710731:ERROR:ui/display/mac/cv_display_link_mac.mm:195] CVDisplayLinkCreateWithCGDisplay failed. CVReturn: -6670
2026-09-19T19:35:50.821Z pw:browser [pid=20128][err] [20132:2025009:0920/033550.821839:ERROR:ui/display/mac/cv_display_link_mac.mm:195] CVDisplayLinkCreateWithCGDisplay failed. CVReturn: -6670
2026-09-19T19:35:50.822Z pw:browser [pid=20128][err] [20132:2025080:0920/033550.821900:ERROR:ui/display/mac/cv_display_link_mac.mm:195] CVDisplayLinkCreateWithCGDisplay failed. CVReturn: -6670
2026-09-19T19:35:50.839Z pw:browser [pid=20128][err] [20128:2024954:0920/033550.838814:WARNING:chrome/browser/chrome_browser_main_mac.mm:268] Start macOS Spotlight indexing invoker.
2026-09-19T19:35:50.935Z pw:browser [pid=20128] <gracefully close start>
2026-09-19T19:35:51.192Z pw:browser [pid=20128] <process did exit: exitCode=0, signal=null>
2026-09-19T19:35:51.192Z pw:browser [pid=20128] starting temporary directories cleanup
2026-09-19T19:35:51.192Z pw:browser [pid=20128] finished temporary directories cleanup
2026-09-19T19:35:51.192Z pw:browser [pid=20128] <gracefully close end>
