✔ every selected browser must pass, including when another browser passes (0.487333ms)
✔ failure diagnostics preserve independent document/worker/cache observations if integrity snapshot hangs (23.596417ms)
✔ closed pages produce explicit per-component diagnostics, not a null snapshot (12.2275ms)
✔ real page provider announces independently with a frozen foreign provider and script fixture tags (3.338792ms)
✔ real page provider announces independently with a frozen foreign provider and SCRIPT fixture tags (0.614166ms)
✔ PWA readiness polls through detached or navigating iframe documents (0.941083ms)
✔ controlled fixture reader rejects changed wrappers instead of filtering arbitrary HTML (0.456083ms)
✔ runtime bridge uses an HTTPS blank fixture and discovers the real EIP-6963 provider (0.459959ms)
✔ branded runtime also uses real HTTPS EIP-6963 discovery (0.072708ms)
✔ active-tab runtime polls migration and classifies toolbar action as manual (0.064375ms)
✔ Firefox gate requires both real provider launches and negative restart/HTTP boundaries (0.480792ms)
✔ branded runtime gate is selectable and does not inherit Playwright's extension blocker (0.377166ms)
✔ branded runtime gate uses disposable profiles, bounded launches, and honest release booleans (0.088709ms)
ℹ tests 13
ℹ suites 0
ℹ pass 13
ℹ fail 0
ℹ cancelled 0
ℹ skipped 0
ℹ todo 0
ℹ duration_ms 86.503125
