✔ every selected browser must pass, including when another browser passes (0.396542ms)
✔ failure diagnostics preserve independent document/worker/cache observations if integrity snapshot hangs (23.077ms)
✔ closed pages produce explicit per-component diagnostics, not a null snapshot (12.715958ms)
✔ real page provider announces independently with a frozen foreign provider and script fixture tags (3.279708ms)
✔ real page provider announces independently with a frozen foreign provider and SCRIPT fixture tags (0.59025ms)
✔ PWA readiness polls through detached or navigating iframe documents (0.958416ms)
✔ controlled fixture reader rejects changed wrappers instead of filtering arbitrary HTML (0.490666ms)
✔ runtime bridge uses an HTTPS blank fixture and discovers the real EIP-6963 provider (0.462583ms)
✔ branded runtime also uses real HTTPS EIP-6963 discovery (0.070416ms)
✔ active-tab runtime polls migration and classifies toolbar action as manual (0.06425ms)
✔ branded runtime gate is selectable and does not inherit Playwright's extension blocker (0.367417ms)
✔ branded runtime gate uses disposable profiles, bounded launches, and honest release booleans (0.085666ms)
ℹ tests 12
ℹ suites 0
ℹ pass 12
ℹ fail 0
ℹ cancelled 0
ℹ skipped 0
ℹ todo 0
ℹ duration_ms 87.720083
