
> @ynx-chain/wallet-web@0.1.0-testnet-preview.1 test
> node --test test/*.test.js

✔ activeTab accepts only an exact HTTP(S) top-level DApp context (1.071708ms)
✔ activeTab bridge injection is isolated-world first and main-world second (0.110541ms)
✔ standalone authority requires exact embedded mapping and both hashes (34.986833ms)
✔ preverified archive bytes are copied once and cannot race a later mutation (0.471ms)
✔ archive corruption, duplicates and unused authorities never silently pass (37.408958ms)
✔ immutable Wallet deployment disables caching for identity and worker authority (13.3375ms)
Built PWA plus unsigned Chromium (Chrome/Edge) and Firefox extension directories.
Built PWA plus unsigned Chromium (Chrome/Edge) and Firefox extension directories.
▶ actual extension artifacts have complete browser module and manifest graphs
  ✔ explicit archive authority mode reproduces every Git-build output byte (790.283083ms)
  ✔ chromium: all shipped JS, HTML and manifest references resolve (49.133833ms)
  ✔ chromium: missing transitive import fails artifact verification (27.961292ms)
  ✔ chromium: missing manifest worker fails artifact verification (4.127167ms)
  ✔ chromium: missing HTML entry, bare imports and escaping imports are rejected (36.728917ms)
  ✔ firefox: all shipped JS, HTML and manifest references resolve (45.673583ms)
  ✔ firefox: missing transitive import fails artifact verification (17.306458ms)
  ✔ firefox: missing manifest worker fails artifact verification (1.793458ms)
  ✔ firefox: missing HTML entry, bare imports and escaping imports are rejected (43.291667ms)
✔ actual extension artifacts have complete browser module and manifest graphs (2308.788084ms)
✔ page bridge accepts only exact HTTP(S) origin, request id, method and params (1.259875ms)
✔ runtime bridge binds the content-script request to the sender origin (1.754542ms)
✔ bridge allowlist includes permissions, lifecycle, signing and bounded read RPC but no arbitrary RPC (0.740875ms)
✔ content and page scripts enforce source, origin, timeout, duplicate-id and companion exclusion guards (7.397291ms)
✔ journal requires capability before first POST and writes exact bytes before dispatch (66.146042ms)
✔ receipt without exact proof, pending, null or unsupported model cannot clear unknown (24.492084ms)
✔ durable evidence is stored and verified again on reload; every tampered resolution remains unresolved (92.200917ms)
✔ all V1 terminal records keep original bytes and require explicit RPC selection before any lookup (260.229583ms)
✔ exact raw retry remains pending after ACK and every later error; no replacement signature (37.638958ms)
✔ cancel, storage failure, concurrent retry and late outcome preserve original unknown history (38.184417ms)
✔ first known before-dispatch cancellation and exact rejection resolve with explicit evidence only (77.028292ms)
✔ a storage error cannot masquerade as a first server rejection after a successful POST (18.043ms)
✔ receipt final model response cannot hide a chain switch after the earlier chain check (15.118833ms)
✔ password waiting and dispatch readback drift cannot send to a changed chain or disabled native model (27.293875ms)
✔ reordered browser storage permits the first exact POST and reload-verifiable nested receipt (20.086375ms)
✔ reordered storage preserves unknown history across restart and exact-byte Retry (71.877333ms)
✔ every readback field in each stored copy remains exact despite order normalization (189.744667ms)
✔ nested resolution readback cannot drop, add, retype or alter proof fields (202.514292ms)
✔ browser document formats match Chromium's observed token and Firefox's explicit UUID contract (0.988459ms)
✔ real isolated content binds internal requests to a full nonce and cannot accept a page-supplied identity (6.716625ms)
✔ pagehide and bfcache pageshow reject old replies/events and rotate the content activation (2.352542ms)
✔ initial pageshow preserves a document-start request and its original reply (1.66925ms)
✔ document probe binds an exact fresh challenge and browser document target, failing closed on every response mismatch (7.322916ms)
✔ the final document check follows account and permission awaits rather than trusting an earlier response (0.981958ms)
✔ literal Core 0468 receipt binds an independently signed exact Ethereum intent (31.490291ms)
✔ capability is exact eight fields and every proof/native field is mandatory (3.1525ms)
✔ canonical uint64 and int64 parse with BigInt, never rounded Number values (0.150125ms)
✔ checkpoint covers mined block and exactly binds all native transfer fields (37.036ms)
✔ pending, missing and memory-only proofs never mean mined durable (0.811167ms)
✔ RPC exact discovery and status methods preserve bounded Core errors (1.320666ms)
✔ different heights cannot reuse the mined hash and status zero cannot confirm a native transfer (1.51475ms)
✔ hash-shaped arrays and non-string checkpoint identities are not canonical hashes (0.134167ms)
✔ chain and exact fee-model fields are mandatory and changing balance units fail closed (1.913458ms)
✔ actual page/content/runtime/RPC bridge accepts fee discovery and retains Core uncertainty data (24.043167ms)
✔ extension packages expose truthful install metadata without hosted-update claims (0.8155ms)
✔ HTTPS DApp injection is automatic with an explicit activeTab repair fallback (25.318875ms)
✔ extension source never opens a top-level ynxwallet navigation (5.280958ms)
✔ unsigned Chromium package stays honest about identity and minimum runtime (0.345167ms)
✔ Firefox package has a stable declared add-on id but remains unsigned (0.501584ms)
✔ upgrade removes HTTP origins, dynamic scripts and alarms while retaining HTTPS DApp scope (4.105334ms)
✔ first install and second startup are idempotent and never touch account state (0.343833ms)
✔ origin cleanup failure remains fail closed (0.530917ms)
✔ dynamic script cleanup failure remains fail closed (0.225625ms)
✔ migration never sacrifices the required HTTPS provider origin (0.266625ms)
✔ service worker gates discovery, popup and DApp messages before provider work (5.334875ms)
✔ MetaMask first: original global and identity retained; chosen YNX request uses only YNX bridge (10.622708ms)
✔ reannounce retains the same YNX object and metadata, with no automatic account request (1.239333ms)
✔ frozen external provider without providers array does not prevent EIP6963 announcement (0.416584ms)
✔ pre-existing frozen providers array cannot abort independent YNX EIP6963 registration (0.363458ms)
✔ third-party providers getter is never evaluated for YNX discovery (0.3555ms)
✔ YNX-first legacy fallback remains compatible with later provider assignment (0.367125ms)
✔ throwing global getter or occupied nonconfigurable empty slot cannot block announcement or reannouncement (0.583958ms)
✔ an existing mutable provider collection is preserved byte-for-byte and gains no YNX mutation (0.375458ms)
✔ provider permission is exact-origin, exact-account and persistent until revoke (3.66125ms)
✔ permission/account tamper and non-http origins fail closed (0.830416ms)
✔ approval decision binds request, origin, tab, account and deadline (0.468875ms)
✔ Firefox context permissions coexist but never inherit unscoped legacy or another context (0.604375ms)
✔ scoped permission storage rejects key, context and version tampering (0.505167ms)
✔ approval actual renderer routes the full internal locator and rejects an external wire UUID (13.20775ms)
✔ signer actual renderer routes the full internal locator and rejects an external wire UUID (4.225875ms)
✔ extension RPC sends the exact bounded eth_chainId request and validates 0x1917 (1.668792ms)
✔ signed transaction broadcast is a separate exact internal RPC gate (0.988833ms)
✔ extension RPC rejects wrong chain, malformed envelope, errors and unavailable transport (1.024792ms)
✔ read-only RPC forwards only the frozen allowlist and exact JSON-RPC envelope (0.733ms)
✔ RPC error envelopes preserve Core uncertainty code and data, including HTTP failures (0.474875ms)
✔ legacy balance exposes whole-YNXT explicitly and cannot masquerade as standard wei (3.382583ms)
✔ safe reads use canonical first and legacy only after reachability failure; broadcast never auto-replays (0.765834ms)
✔ RPC deadline includes a response body that never completes (0.823959ms)
✔ result and error are mutually exclusive even when error is null or false (0.515333ms)
✔ redirects, missing response identity and foreign final URLs cannot authorize a rejection (0.505792ms)
✔ build consumes exact Core Web companion authority while public Gateway remains closed (23.8625ms)
✔ sensitive request parser binds exact method parameters, account and deadline (0.694875ms)
✔ sensitive request IDs are consumed once in bounded session storage (0.528334ms)
✔ concurrent duplicate sensitive requests cannot race the replay write (0.145959ms)
✔ authorization guard rejects revoke-and-regrant, account replacement, origin change and deadline drift (0.553833ms)
✔ sensitive results never accept fabricated accounts, signatures or transaction hashes (0.159042ms)
✔ document epochs survive origin return, tab reuse and a pending active-tab lookup (0.215958ms)
✔ standard provider consumes replay state without coupling to Core Product Session (3.234375ms)
✔ scoped request IDs preserve all SHA-256 bits and bind domain, context, origin and exact external UUID (3.147334ms)
✔ scoped replay keeps same-scope once, cross-scope independence and the global capacity (14.704041ms)
✔ legacy unscoped UUID replay produces one uniform migration barrier until its original expiry (6.233334ms)
✔ vault recovery replay shares capacity but does not inherit the DApp scope migration barrier (1.230875ms)
✔ actual signer renderer safely prioritizes Unicode/HTML message without changing the original summary (131.621458ms)
✔ maximum-length message and every original hexadecimal byte remain reviewable; empty message is explicit (15.26825ms)
✔ typed data retains complete domain/types/message, big integer strings and escaped field values (6.023125ms)
✔ plain, unknown and noncanonical summaries stay fully visible instead of producing a misleading preview (15.763958ms)
✔ actual prepared native transfer explicitly reviews signing and sending with full amount and fee budget (7.593834ms)
✔ expired delayed GET never enables the redesigned review or sends a decision (3.129375ms)
✔ deadline is checked again before a decision and expiry clears a typed password (7.259208ms)
✔ review toggling leaves the exact locator and password decision semantics unchanged; pagehide clears draft (2.753417ms)
✔ vault signer produces recoverable personal and exact 0x1917 typed-data signatures (120.180667ms)
✔ vault signer binds and signs one canonical legacy transaction for chain 6423 (17.551625ms)
✔ complete message and typed-data review preserves tails, all types and exact bytes (10.92075ms)
✔ preparation preserves supplied gas and exact maximum budget; signing only revalidates capability and nonce (19.621417ms)
✔ strict Core capability rejects unknown, legacy, fractional and full-EVM input before review (39.301959ms)
✔ missing fees, funds, changed nonce and revoked authorization fail without returning signatures (15.971958ms)
✔ transaction preparation requires exact durability before nonce prefill; message signing stays independent (1.466375ms)
✔ final nonce await and last durability query drift cannot reach the cryptographic transaction signer (1.991917ms)
✔ native int64 overflow is refused during preparation even if RPC claims an enormous balance (0.142458ms)
✔ actual vault UI shows original intent and requires explicit legacy RPC selection; status check sends no password (22.377125ms)
✔ actual vault displays and copies YNX while recovery requests retain the exact 0x account (9.080875ms)
✔ actual vault Retry requires review/password and late ACK after cancel or pagehide never changes the UI (5.830375ms)
✔ persisted version 1 vault survives browser storage object-key reordering without rewriting ciphertext (501.107625ms)
✔ encrypted extension vault derives the canonical 0x account and unlocks only with its password (260.064708ms)
✔ vault metadata, ciphertext, identity and weak passwords fail closed (357.120875ms)
✔ same-scope revoke notifies both current documents {} (15.948625ms)
✔ same-scope revoke notifies both current documents {"firefox":true} (1.366208ms)
✔ same-scope revoke notifies both current documents {"firefox":true,"withDocumentId":false} (1.041166ms)
✔ fresh worker discovers B without an in-memory request subscription (0.776042ms)
✔ foreign origins, ports, private and other Firefox contexts receive nothing (0.914833ms)
✔ departing B document at query is excluded while A still revokes (0.682333ms)
✔ departing B document at injection is excluded while A still revokes (0.56675ms)
✔ departing B document at probe is excluded while A still revokes (0.639125ms)
▶ browser document replacement and content activation replacement fail closed
  ✔ documentId (0.663792ms)
  ✔ nonce (0.646042ms)
  ✔ context (0.945792ms)
  ✔ missingId (2.257625ms)
  ✔ absentBridge (2.435667ms)
  ✔ closed (0.972917ms)
✔ browser document replacement and content activation replacement fail closed (8.413959ms)
✔ one inaccessible tab does not block the other same-scope tab (0.942541ms)
✔ revoke storage failure emits no state change (0.583459ms)
✔ tab discovery failure retains revocation and requester notifications (0.610583ms)
✔ malformed sibling probe cannot receive a revocation event (0.654542ms)
✔ a document departing between events receives no later disconnect (1.889667ms)
✔ requester departure after persistence does not suppress a current sibling (32.4605ms)
✔ new authority mutation waits until revocation notifications finish (23.247583ms)
✔ hung query releases authority at total budget; late settlement dispatches nothing else (30.842292ms)
✔ hung injection releases authority at total budget; late settlement dispatches nothing else (1.040208ms)
✔ hung context releases authority at total budget; late settlement dispatches nothing else (0.814791ms)
✔ hung probe releases authority at total budget; late settlement dispatches nothing else (0.790542ms)
✔ hung event releases authority at total budget; late settlement dispatches nothing else (0.947583ms)
✔ notification timer is clipped to the original request deadline (0.814542ms)
✔ real deadline timer releases authority despite a never-settling browser query (252.75475ms)
✔ worker shows the complete public review before unlocking and signs its exact bytes (178.512125ms)
✔ actual worker rejects another-wallet preference before tab access and never falls back to MetaMask (2.802375ms)
▶ document lease starts before migration, replay, account reads and transaction prefill
  ✔ migration (1.520916ms)
  ✔ replay (3.23925ms)
  ✔ account (3.035292ms)
  ✔ prefill (7.25275ms)
✔ document lease starts before migration, replay, account reads and transaction prefill (15.722625ms)
▶ popup requests retain the document epoch across active-tab lookup and injection
  ✔ query (0.707709ms)
  ✔ injection (1.332959ms)
✔ popup requests retain the document epoch across active-tab lookup and injection (2.543833ms)
▶ navigation after decrypt or signing cannot release a result or dispatch a transaction
  ✔ decrypt (82.810958ms)
  ✔ signed (126.952875ms)
  ✔ journal-readback (202.705333ms)
✔ navigation after decrypt or signing cannot release a result or dispatch a transaction (412.997334ms)
✔ navigation after POST keeps its durable journal facts and rejects the old reply (114.076959ms)
✔ new-document requests work while unrelated tab events and popup focus preserve approval (76.573666ms)
▶ connection navigation cannot persist permission or send account events
  ✔ review (2.203292ms)
  ✔ permission-write (2.331792ms)
✔ connection navigation cannot persist permission or send account events (4.99475ms)
✔ navigation while revoking retains revocation but sends no event to the new document (1.544417ms)
▶ DApp document navigation cancels the old personal_sign approval
  ✔ reload (3.002583ms)
  ✔ away-and-back (1.228709ms)
  ✔ removed-and-reused (2.996458ms)
✔ DApp document navigation cancels the old personal_sign approval (7.671916ms)
▶ DApp document navigation cancels the old eth_sendTransaction approval
  ✔ reload (4.944542ms)
  ✔ away-and-back (3.355792ms)
  ✔ removed-and-reused (6.387375ms)
✔ DApp document navigation cancels the old eth_sendTransaction approval (15.142125ms)
✔ revoke, account replacement and vault removal immediately invalidate pending signatures (7.748958ms)
✔ origin changes and expired approval decisions cannot release a signature (84.261ms)
✔ revocation during vault decryption prevents the signer from receiving the key (64.331791ms)
✔ transaction RPC prefill precedes review and only the frozen snapshot is broadcast (75.055334ms)
✔ missing fees and revocation during prefill never open an approval; changed nonce never broadcasts (94.5285ms)
✔ connection approval cannot restore permission after revoke or tab navigation (3.551791ms)
✔ navigation during permission persistence rolls back the just-granted permission (1.238584ms)
✔ revocation during the final nonce check prevents transaction broadcasting (71.913875ms)
✔ real signer, RPC and worker preserve uncertain hash and raw across worker restart without a second review or broadcast (203.379708ms)
✔ concurrent sends and failed recovery storage cannot reach a second signer or any broadcast (95.598542ms)
✔ a lost caller response after a successful RPC ACK also cannot trigger a replacement transaction (107.561958ms)
✔ mismatching ACK hash and post-submit storage failure retain original recovery bytes (131.364333ms)
✔ revocation while storing signed recovery bytes cancels before broadcast; corrupt records block review (70.167834ms)
✔ only the first validated definite rejection releases the account; unknown history cannot be cleared by -32003 (208.584375ms)
✔ receipt account, type and fixed-fee mismatches never release the original pending transaction (109.970667ms)
✔ vault explicit retry unlocks only for authorization and dispatches the original bytes without signing or nonce lookup (171.3135ms)
✔ vault retry rejects wrong account/hash/password and cancellation during decryption without another POST (546.170208ms)
✔ late retry ACK after cancellation records fact but never replies with fresh authorization (112.973583ms)
✔ post-receipt actual chain/model changes and failed status never resolve original intent (176.376375ms)
✔ actual worker preserves bounded Core durability errors after journaling unknown (215.470375ms)
✔ same-URL vault reload or tab removal invalidates password work even when pagehide Cancel is lost (217.636292ms)
✔ missing durability blocks before review or decrypt; loss during approval does not unlock (2.83325ms)
✔ same-origin Firefox containers and default context require separate connection approval (2.987834ms)
✔ Firefox container permission persists across worker restart while legacy permission has no inferred container (3.957292ms)
✔ revoke from another Firefox container cannot remove permission or cancel an approved-container signer (62.448917ms)
✔ Firefox private or missing browser context rejects requests before account reads, replay, review or RPC (1.854292ms)
✔ DApp payload cannot override Firefox browser-owned context (1.592542ms)
✔ popup uses actual Firefox container and signer review discloses the bound context (2.327708ms)
✔ Firefox context changes during account reads, decrypt or final journal readback cannot release identity or broadcast (115.149334ms)
✔ context change after POST retains original raw and ACK while refusing the stale reply (67.166ms)
✔ chosen external request ID is independent across unapproved contexts and remains once within each (3.417792ms)
✔ two containers can use the same external ID without colliding pending storage, UI locator or cleanup (2.514041ms)
✔ document/context cancellation during SHA await cannot consume replay, create a review or sign (1.606417ms)
✔ legacy DApp replay barrier is uniform and cannot admit internal IDs on the external bridge (0.788334ms)
✔ actual content bridge returns the original external ID while worker review and replay use the full internal ID (66.418167ms)
▶ actual old content requests queued after navigation cannot acquire the new document epoch on Chrome or Firefox 140
  ✔ Chrome document target (3.397958ms)
  ✔ Firefox without documentId (2.118209ms)
✔ actual old content requests queued after navigation cannot acquire the new document epoch on Chrome or Firefox 140 (5.902542ms)
✔ legacy injected bridges and browser-reported inactive documents fail before replay or review (0.586542ms)
✔ actual worker accepts browser-specific IDs and rejects missing or invented Chrome UUIDs before review (1.740125ms)
✔ real content activation changes during review reject before decrypt even without a navigation event (2.573958ms)
✔ the final content probe after durable raw readback blocks POST but preserves the signed outbox (71.8575ms)
✔ navigation after POST keeps exact raw and ACK while the actual departing content suppresses its old reply (67.807417ms)
✔ all twelve requested locales cover every English runtime key (1.721792ms)
✔ Wallet route binds the frozen manifest and cleanup restores the site identity (0.972375ms)
✔ non-Wallet routes never mutate the site manifest (0.150875ms)
✔ Website handoff manifest is exactly the built Wallet manifest with frozen icon identities (7.374375ms)
✔ release packaging accepts only a full lowercase source commit (0.403167ms)
✔ release packaging rejects missing, placeholder, abbreviated, and malformed identities (0.578584ms)
✔ locale and theme restore exactly after a second launch (2.4775ms)
✔ valid legacy display preferences migrate once into the canonical record (0.288791ms)
✔ invalid JSON, unknown fields and expired records reset without restoring state (0.666875ms)
✔ cross-window preference replay and lower revisions fail closed (0.270458ms)
✔ frozen chain metadata is exact and complete (1.7835ms)
✔ MetaMask-only and unknown providers cannot become a Wallet session or a fallback (2.42025ms)
✔ an old saved MetaMask session is discarded without probing or changing other storage (0.311709ms)
✔ provider identity changing during approval cannot return a YNX session (4.579959ms)
✔ a stale connect cannot switch chains and a stale restore cannot erase a newer session (0.2655ms)
✔ injected discovery selects only YNX in a mixed-provider page (0.064166ms)
✔ provider identity does not trust an arbitrary rdns substring (0.054042ms)
✔ discovery presentation offers only YNX and its download (0.107667ms)
✔ EIP-6963 discovers exact YNX and MetaMask announcements including late injection (173.056334ms)
✔ repeated EIP-6963 requests deduplicate providers and retain YNX versus MetaMask identity (170.200292ms)
✔ ethereum.providers fallback observes delayed injection without inventing installation state (168.067417ms)
✔ no-provider locked and site-access-denied classifications require explicit diagnostics (487.518417ms)
✔ mobile cannot route Wallet login into MetaMask (0.434666ms)
✔ mobile browser detection covers phone and iPad desktop UA without affecting desktop (0.315375ms)
✔ canonical YNX mobile authorization stays closed until Core freezes the exact HTTPS callback (0.141458ms)
✔ default download opens platform selection and Android uses the current immutable release (0.309625ms)
✔ extension discovery propagates runtime failure and rejects malformed responses (0.352709ms)
✔ optional CORS-safe RPC probe accepts only exact YNX Testnet and is not connection authority (1.439541ms)
✔ RPC verification rejects malformed, mismatched and error envelopes (0.157584ms)
✔ RPC recovery requires a new live 0x1917 response after an offline failure (0.130666ms)
✔ connect success is bound to approval then provider chain confirmation (0.292375ms)
✔ first YNX provider connect adds frozen YNX chain only after exact unknown-chain failure (0.168333ms)
✔ non-4902 switch rejection never adds a chain or fabricates connection (0.084375ms)
✔ legacy nested unknown-chain error is accepted narrowly and still requires 0x1917 readback (0.143209ms)
✔ add-chain uses frozen metadata and proves the switched chain (0.267541ms)
✔ extension provider add-chain switches and proves exact 0x1917 through runtime messages (0.261959ms)
✔ extension provider switch rejects a wrong-chain result (0.171666ms)
✔ extension disconnect invalidates restore and reconnect requires fresh runtime approval (0.199458ms)
✔ extension sign and transaction require live account preflight before runtime mutation (0.251166ms)
✔ extension account replacement and user rejection never fabricate sensitive success (0.1285ms)
✔ network mutation is provider-authoritative and fails closed on wrong chain response (0.063ms)
✔ signing validates chain and returned signature (0.068875ms)
✔ transaction requires live RPC, exact network, canonical input and real hash (0.098042ms)
✔ signing and transaction reject a replaced account before sensitive provider calls (0.083791ms)
✔ second launch restores only an exact live Testnet account (0.089334ms)
✔ tampered local session JSON is removed without a provider request (0.045375ms)
✔ second launch removes non-canonical and unavailable remembered sessions (0.072459ms)
✔ second launch invalidates account replacement and provider failure (0.073917ms)
✔ action gates require a provider and an exact connected Testnet account (0.058417ms)
✔ network mutation never depends on a direct browser RPC probe (0.048459ms)
✔ only authoritative provider identity failures invalidate the connected UI session (0.035791ms)
✔ provider lifecycle callbacks normalize accounts and unsubscribe exactly (0.158208ms)
✔ forgetSession removes only the wallet session key (0.02575ms)
✔ official artifact requires exact direct ZIP headers, bytes and SHA-256 (27.53975ms)
✔ HTTP 200 SPA fallback and non-official origins fail closed (0.649542ms)
✔ public deployment requires an exact full source commit and frozen route (0.406917ms)
✔ old, abbreviated, missing, duplicate and wrong-route records fail closed (0.175458ms)
✔ old imported policy reloads to the newly activated build instead of waiting for an impossible old version (21.181458ms)
✔ a repeated mismatched build marker fails closed after one reload (0.946792ms)
✔ a current page remains ready with a distinct build cache present and preserves browser state (1021.413291ms)
✔ update network failure preserves readiness only after exact controlled-cache verification (1.708792ms)
✔ update network failure cannot accept partial cache (0.750291ms)
✔ update network failure cannot accept mixed active build (1.070917ms)
✔ update network failure cannot accept first install without a controller (0.3695ms)
✔ update network failure cannot accept controller changes during verification (0.493166ms)
✔ browser fixture loads the exact historical v8 worker and complete source assets, not a cache seed (592.426625ms)
✔ browser server exposes exact candidate assets and deliberate failed/held update responses (1133.814167ms)
✔ build IDs are deterministic, cover worker/policy/assets, and final hashes verify without a digest cycle (12.747417ms)
✔ failed new installation preserves an activated old build and its offline shell (39.6335ms)
✔ activation independently rejects a cache damaged after installation without deleting old builds (9.937ms)
✔ successful activation protects other installing/old build caches and reloads only in-scope clients once (37.165708ms)
✔ an empty or malformed integrity map cannot activate a build (1.222791ms)
✔ navigation version drift serves only the old verified shell while requesting an update (17.568709ms)
✔ corrupt offline bytes fail closed without borrowing a different build (28.485791ms)
✔ an identical complete build is reused without network fetch or cache deletion (15.108458ms)
✔ offline readiness acknowledgement verifies every cached byte using the active worker manifest (16.645334ms)
✔ exact historical v8 fetch cleanup cannot delete a new build during installation (48.834ms)
✔ exact historical v11 fetch cleanup cannot delete a new build during installation (72.320958ms)
✔ native branded CDP harness isolates profiles and never disables extensions (0.882917ms)
✔ native branded CDP harness wakes MV3, proves two PIDs, and cleans its process group (0.270375ms)
✔ every selected browser must pass, including when another browser passes (0.532542ms)
✔ failure diagnostics preserve independent document/worker/cache observations if integrity snapshot hangs (22.342834ms)
✔ closed pages produce explicit per-component diagnostics, not a null snapshot (13.746708ms)
✔ real page provider announces independently with a frozen foreign provider and script fixture tags (13.715625ms)
✔ real page provider announces independently with a frozen foreign provider and SCRIPT fixture tags (8.657209ms)
✔ PWA readiness polls through detached or navigating iframe documents (2.140875ms)
✔ controlled fixture reader rejects changed wrappers instead of filtering arbitrary HTML (11.811875ms)
✔ runtime bridge uses an HTTPS blank fixture and discovers the real EIP-6963 provider (0.506584ms)
✔ branded runtime also uses real HTTPS EIP-6963 discovery (0.074667ms)
✔ active-tab runtime polls migration and classifies toolbar action as manual (0.069583ms)
✔ branded Firefox harness accepts only the isolated verified app and profile (0.422541ms)
✔ branded Firefox harness opens the popup on launch two and keeps release claims false (0.115625ms)
✔ Firefox gate requires both real provider launches and negative restart/HTTP boundaries (1.23075ms)
✔ Firefox boundary gate proves temporary absence through the branded runtime add-on actor (0.383708ms)
✔ branded runtime gate is selectable and does not inherit Playwright's extension blocker (0.802041ms)
✔ branded runtime gate uses disposable profiles, bounded launches, and honest release booleans (0.136209ms)
✔ PWA routes only same-origin GET navigation and assets into cache strategies (0.483292ms)
✔ only obsolete YNX caches are purged and requests resolve to canonical asset keys (0.489417ms)
✔ version drift recovery and upgrade navigation are single-attempt and URL preserving (0.140417ms)
✔ PWA recovery markers are removed without changing route state (0.093416ms)
✔ nested official scope resolves canonical keys and rejects same-origin paths outside Wallet (0.826375ms)
✔ built worker derives cache keys from its registration scope (6.455916ms)
✔ PWA bootstrap compares the generated build identity and permits one bounded reload (1.127791ms)
✔ public bootstrap HTML remains byte-compatible with the deployed v8 worker (1.494083ms)
✔ PWA caches only successful same-origin response classes (0.886583ms)
✔ cached bytes require the exact build digest (21.06725ms)
✔ build consumes the exact Router Standard EVM interop authority (47.945792ms)
✔ interop authority keeps installed-browser promotion strict (42.066417ms)
✔ approved account and provider chain close chooser and clear pending intent (0.894833ms)
✔ Wallet state rejects MetaMask selection and historical MetaMask restore (1.758792ms)
✔ connected details open independently and close back to the trigger (0.379125ms)
✔ refresh restore, account change and disconnect remain provider-authoritative (0.273125ms)
✔ CORS and private service degradation preserve Standard Wallet success (0.3045ms)
✔ disconnect and empty account events clear all connected authority (0.206209ms)
✔ wrong chain never grants sign or send authority (0.139ms)
✔ decimal YNXT conversion preserves every wei beyond Number precision (1.098333ms)
✔ decimal input rejects ambiguity, exponents, excessive decimals and uint256 overflow (0.970292ms)
✔ raw value/data preserve advanced capability but reject malformed quantities (3.580042ms)
✔ a prepared review cannot survive a changed provider, account, network or request epoch (0.297292ms)
✔ Wallet offers its YNX download and has no other-provider login route (3.899333ms)
✔ 390px RTL blue-white and large-text preview contracts remain buildable (1.291209ms)
✔ legacy dark preference retains locale and custody records while the actual renderer stays light (10.729208ms)
✔ all auxiliary extension pages use white canvases and preserve keyboard and forced-colors access (1.528875ms)
✔ PWA manifest declares exact standalone identity and real-logo icon sizes (1.451583ms)
✔ provider approval stays in-place and success restores exact chooser focus lifecycle (0.774083ms)
✔ active locale catalogs never suggest another-wallet login (0.460333ms)
✔ actual renderer lifecycle discards callbacks queued by a replaced provider (0.822042ms)
✔ YNX display and recipient input preserve the SDK and signer 20-byte identity (40.660125ms)
✔ Ethereum compatibility input validates mixed-case checksum before normalization (1.237042ms)
✔ public Web lifecycle remains fail closed while the 6441 Gateway registry is old (0.871875ms)
✔ begin delegates only to Core beginDetected and opens its canonical route (0.593875ms)
✔ return binds the exact HTTPS callback and never exposes account/sign/send authority (1.382333ms)
✔ reject, disconnect and restart preserve Core lifecycle outcomes without local resurrection (0.272708ms)
ℹ tests 354
ℹ suites 0
ℹ pass 354
ℹ fail 0
ℹ cancelled 0
ℹ skipped 0
ℹ todo 0
ℹ duration_ms 5036.011833
